    1C
    1UNative plastic deposition/cold cut history benchmark, mm N MPa C  
    1UUSER                                                              
    1UDATE              07.october.2026                                 
    1UTIME              16:17:27                                        
    1UHOST                                                              
    1UPGM               CalculiX                                        
    1UVERSION           Version 2.23                             
    1UCOMPILETIME       Fri Oct 24 20:12:25     2025                    
    1UDIR                                                               
    1UDBN                                                               
    1UMAT    1QT_REF                                                    
    1UMAT    2NI_REF                                                    
    2C                           132                                     1
 -1         1 0.00000E+00 0.00000E+00 0.00000E+00
 -1         2 1.00000E+00 0.00000E+00 0.00000E+00
 -1         3 2.00000E+00 0.00000E+00 0.00000E+00
 -1         4 3.00000E+00 0.00000E+00 0.00000E+00
 -1         5 4.00000E+00 0.00000E+00 0.00000E+00
 -1         6 5.00000E+00 0.00000E+00 0.00000E+00
 -1         7 6.00000E+00 0.00000E+00 0.00000E+00
 -1         8 7.00000E+00 0.00000E+00 0.00000E+00
 -1         9 8.00000E+00 0.00000E+00 0.00000E+00
 -1        10 9.00000E+00 0.00000E+00 0.00000E+00
 -1        11 1.00000E+01 0.00000E+00 0.00000E+00
 -1        12 0.00000E+00 1.00000E+00 0.00000E+00
 -1        13 1.00000E+00 1.00000E+00 0.00000E+00
 -1        14 2.00000E+00 1.00000E+00 0.00000E+00
 -1        15 3.00000E+00 1.00000E+00 0.00000E+00
 -1        16 4.00000E+00 1.00000E+00 0.00000E+00
 -1        17 5.00000E+00 1.00000E+00 0.00000E+00
 -1        18 6.00000E+00 1.00000E+00 0.00000E+00
 -1        19 7.00000E+00 1.00000E+00 0.00000E+00
 -1        20 8.00000E+00 1.00000E+00 0.00000E+00
 -1        21 9.00000E+00 1.00000E+00 0.00000E+00
 -1        22 1.00000E+01 1.00000E+00 0.00000E+00
 -1        23 0.00000E+00 2.00000E+00 0.00000E+00
 -1        24 1.00000E+00 2.00000E+00 0.00000E+00
 -1        25 2.00000E+00 2.00000E+00 0.00000E+00
 -1        26 3.00000E+00 2.00000E+00 0.00000E+00
 -1        27 4.00000E+00 2.00000E+00 0.00000E+00
 -1        28 5.00000E+00 2.00000E+00 0.00000E+00
 -1        29 6.00000E+00 2.00000E+00 0.00000E+00
 -1        30 7.00000E+00 2.00000E+00 0.00000E+00
 -1        31 8.00000E+00 2.00000E+00 0.00000E+00
 -1        32 9.00000E+00 2.00000E+00 0.00000E+00
 -1        33 1.00000E+01 2.00000E+00 0.00000E+00
 -1        34 0.00000E+00 0.00000E+00 5.00000E-01
 -1        35 1.00000E+00 0.00000E+00 5.00000E-01
 -1        36 2.00000E+00 0.00000E+00 5.00000E-01
 -1        37 3.00000E+00 0.00000E+00 5.00000E-01
 -1        38 4.00000E+00 0.00000E+00 5.00000E-01
 -1        39 5.00000E+00 0.00000E+00 5.00000E-01
 -1        40 6.00000E+00 0.00000E+00 5.00000E-01
 -1        41 7.00000E+00 0.00000E+00 5.00000E-01
 -1        42 8.00000E+00 0.00000E+00 5.00000E-01
 -1        43 9.00000E+00 0.00000E+00 5.00000E-01
 -1        44 1.00000E+01 0.00000E+00 5.00000E-01
 -1        45 0.00000E+00 1.00000E+00 5.00000E-01
 -1        46 1.00000E+00 1.00000E+00 5.00000E-01
 -1        47 2.00000E+00 1.00000E+00 5.00000E-01
 -1        48 3.00000E+00 1.00000E+00 5.00000E-01
 -1        49 4.00000E+00 1.00000E+00 5.00000E-01
 -1        50 5.00000E+00 1.00000E+00 5.00000E-01
 -1        51 6.00000E+00 1.00000E+00 5.00000E-01
 -1        52 7.00000E+00 1.00000E+00 5.00000E-01
 -1        53 8.00000E+00 1.00000E+00 5.00000E-01
 -1        54 9.00000E+00 1.00000E+00 5.00000E-01
 -1        55 1.00000E+01 1.00000E+00 5.00000E-01
 -1        56 0.00000E+00 2.00000E+00 5.00000E-01
 -1        57 1.00000E+00 2.00000E+00 5.00000E-01
 -1        58 2.00000E+00 2.00000E+00 5.00000E-01
 -1        59 3.00000E+00 2.00000E+00 5.00000E-01
 -1        60 4.00000E+00 2.00000E+00 5.00000E-01
 -1        61 5.00000E+00 2.00000E+00 5.00000E-01
 -1        62 6.00000E+00 2.00000E+00 5.00000E-01
 -1        63 7.00000E+00 2.00000E+00 5.00000E-01
 -1        64 8.00000E+00 2.00000E+00 5.00000E-01
 -1        65 9.00000E+00 2.00000E+00 5.00000E-01
 -1        66 1.00000E+01 2.00000E+00 5.00000E-01
 -1        67 0.00000E+00 0.00000E+00 1.00000E+00
 -1        68 1.00000E+00 0.00000E+00 1.00000E+00
 -1        69 2.00000E+00 0.00000E+00 1.00000E+00
 -1        70 3.00000E+00 0.00000E+00 1.00000E+00
 -1        71 4.00000E+00 0.00000E+00 1.00000E+00
 -1        72 5.00000E+00 0.00000E+00 1.00000E+00
 -1        73 6.00000E+00 0.00000E+00 1.00000E+00
 -1        74 7.00000E+00 0.00000E+00 1.00000E+00
 -1        75 8.00000E+00 0.00000E+00 1.00000E+00
 -1        76 9.00000E+00 0.00000E+00 1.00000E+00
 -1        77 1.00000E+01 0.00000E+00 1.00000E+00
 -1        78 0.00000E+00 1.00000E+00 1.00000E+00
 -1        79 1.00000E+00 1.00000E+00 1.00000E+00
 -1        80 2.00000E+00 1.00000E+00 1.00000E+00
 -1        81 3.00000E+00 1.00000E+00 1.00000E+00
 -1        82 4.00000E+00 1.00000E+00 1.00000E+00
 -1        83 5.00000E+00 1.00000E+00 1.00000E+00
 -1        84 6.00000E+00 1.00000E+00 1.00000E+00
 -1        85 7.00000E+00 1.00000E+00 1.00000E+00
 -1        86 8.00000E+00 1.00000E+00 1.00000E+00
 -1        87 9.00000E+00 1.00000E+00 1.00000E+00
 -1        88 1.00000E+01 1.00000E+00 1.00000E+00
 -1        89 0.00000E+00 2.00000E+00 1.00000E+00
 -1        90 1.00000E+00 2.00000E+00 1.00000E+00
 -1        91 2.00000E+00 2.00000E+00 1.00000E+00
 -1        92 3.00000E+00 2.00000E+00 1.00000E+00
 -1        93 4.00000E+00 2.00000E+00 1.00000E+00
 -1        94 5.00000E+00 2.00000E+00 1.00000E+00
 -1        95 6.00000E+00 2.00000E+00 1.00000E+00
 -1        96 7.00000E+00 2.00000E+00 1.00000E+00
 -1        97 8.00000E+00 2.00000E+00 1.00000E+00
 -1        98 9.00000E+00 2.00000E+00 1.00000E+00
 -1        99 1.00000E+01 2.00000E+00 1.00000E+00
 -1       100 0.00000E+00 0.00000E+00 1.50000E+00
 -1       101 1.00000E+00 0.00000E+00 1.50000E+00
 -1       102 2.00000E+00 0.00000E+00 1.50000E+00
 -1       103 3.00000E+00 0.00000E+00 1.50000E+00
 -1       104 4.00000E+00 0.00000E+00 1.50000E+00
 -1       105 5.00000E+00 0.00000E+00 1.50000E+00
 -1       106 6.00000E+00 0.00000E+00 1.50000E+00
 -1       107 7.00000E+00 0.00000E+00 1.50000E+00
 -1       108 8.00000E+00 0.00000E+00 1.50000E+00
 -1       109 9.00000E+00 0.00000E+00 1.50000E+00
 -1       110 1.00000E+01 0.00000E+00 1.50000E+00
 -1       111 0.00000E+00 1.00000E+00 1.50000E+00
 -1       112 1.00000E+00 1.00000E+00 1.50000E+00
 -1       113 2.00000E+00 1.00000E+00 1.50000E+00
 -1       114 3.00000E+00 1.00000E+00 1.50000E+00
 -1       115 4.00000E+00 1.00000E+00 1.50000E+00
 -1       116 5.00000E+00 1.00000E+00 1.50000E+00
 -1       117 6.00000E+00 1.00000E+00 1.50000E+00
 -1       118 7.00000E+00 1.00000E+00 1.50000E+00
 -1       119 8.00000E+00 1.00000E+00 1.50000E+00
 -1       120 9.00000E+00 1.00000E+00 1.50000E+00
 -1       121 1.00000E+01 1.00000E+00 1.50000E+00
 -1       122 0.00000E+00 2.00000E+00 1.50000E+00
 -1       123 1.00000E+00 2.00000E+00 1.50000E+00
 -1       124 2.00000E+00 2.00000E+00 1.50000E+00
 -1       125 3.00000E+00 2.00000E+00 1.50000E+00
 -1       126 4.00000E+00 2.00000E+00 1.50000E+00
 -1       127 5.00000E+00 2.00000E+00 1.50000E+00
 -1       128 6.00000E+00 2.00000E+00 1.50000E+00
 -1       129 7.00000E+00 2.00000E+00 1.50000E+00
 -1       130 8.00000E+00 2.00000E+00 1.50000E+00
 -1       131 9.00000E+00 2.00000E+00 1.50000E+00
 -1       132 1.00000E+01 2.00000E+00 1.50000E+00
 -3
    3C                            60                                     1
 -1         1    1    0    1
 -2         1         2        13        12        34        35        46        45
 -1         2    1    0    1
 -2         2         3        14        13        35        36        47        46
 -1         3    1    0    1
 -2         3         4        15        14        36        37        48        47
 -1         4    1    0    1
 -2         4         5        16        15        37        38        49        48
 -1         5    1    0    1
 -2         5         6        17        16        38        39        50        49
 -1         6    1    0    1
 -2         6         7        18        17        39        40        51        50
 -1         7    1    0    1
 -2         7         8        19        18        40        41        52        51
 -1         8    1    0    1
 -2         8         9        20        19        41        42        53        52
 -1         9    1    0    1
 -2         9        10        21        20        42        43        54        53
 -1        10    1    0    1
 -2        10        11        22        21        43        44        55        54
 -1        11    1    0    1
 -2        12        13        24        23        45        46        57        56
 -1        12    1    0    1
 -2        13        14        25        24        46        47        58        57
 -1        13    1    0    1
 -2        14        15        26        25        47        48        59        58
 -1        14    1    0    1
 -2        15        16        27        26        48        49        60        59
 -1        15    1    0    1
 -2        16        17        28        27        49        50        61        60
 -1        16    1    0    1
 -2        17        18        29        28        50        51        62        61
 -1        17    1    0    1
 -2        18        19        30        29        51        52        63        62
 -1        18    1    0    1
 -2        19        20        31        30        52        53        64        63
 -1        19    1    0    1
 -2        20        21        32        31        53        54        65        64
 -1        20    1    0    1
 -2        21        22        33        32        54        55        66        65
 -1        21    1    0    1
 -2        34        35        46        45        67        68        79        78
 -1        22    1    0    1
 -2        35        36        47        46        68        69        80        79
 -1        23    1    0    1
 -2        36        37        48        47        69        70        81        80
 -1        24    1    0    1
 -2        37        38        49        48        70        71        82        81
 -1        25    1    0    1
 -2        38        39        50        49        71        72        83        82
 -1        26    1    0    1
 -2        39        40        51        50        72        73        84        83
 -1        27    1    0    1
 -2        40        41        52        51        73        74        85        84
 -1        28    1    0    1
 -2        41        42        53        52        74        75        86        85
 -1        29    1    0    1
 -2        42        43        54        53        75        76        87        86
 -1        30    1    0    1
 -2        43        44        55        54        76        77        88        87
 -1        31    1    0    1
 -2        45        46        57        56        78        79        90        89
 -1        32    1    0    1
 -2        46        47        58        57        79        80        91        90
 -1        33    1    0    1
 -2        47        48        59        58        80        81        92        91
 -1        34    1    0    1
 -2        48        49        60        59        81        82        93        92
 -1        35    1    0    1
 -2        49        50        61        60        82        83        94        93
 -1        36    1    0    1
 -2        50        51        62        61        83        84        95        94
 -1        37    1    0    1
 -2        51        52        63        62        84        85        96        95
 -1        38    1    0    1
 -2        52        53        64        63        85        86        97        96
 -1        39    1    0    1
 -2        53        54        65        64        86        87        98        97
 -1        40    1    0    1
 -2        54        55        66        65        87        88        99        98
 -1        41    1    0    2
 -2        67        68        79        78       100       101       112       111
 -1        42    1    0    2
 -2        68        69        80        79       101       102       113       112
 -1        43    1    0    2
 -2        69        70        81        80       102       103       114       113
 -1        44    1    0    2
 -2        70        71        82        81       103       104       115       114
 -1        45    1    0    2
 -2        71        72        83        82       104       105       116       115
 -1        46    1    0    2
 -2        72        73        84        83       105       106       117       116
 -1        47    1    0    2
 -2        73        74        85        84       106       107       118       117
 -1        48    1    0    2
 -2        74        75        86        85       107       108       119       118
 -1        49    1    0    2
 -2        75        76        87        86       108       109       120       119
 -1        50    1    0    2
 -2        76        77        88        87       109       110       121       120
 -1        51    1    0    2
 -2        78        79        90        89       111       112       123       122
 -1        52    1    0    2
 -2        79        80        91        90       112       113       124       123
 -1        53    1    0    2
 -2        80        81        92        91       113       114       125       124
 -1        54    1    0    2
 -2        81        82        93        92       114       115       126       125
 -1        55    1    0    2
 -2        82        83        94        93       115       116       127       126
 -1        56    1    0    2
 -2        83        84        95        94       116       117       128       127
 -1        57    1    0    2
 -2        84        85        96        95       117       118       129       128
 -1        58    1    0    2
 -2        85        86        97        96       118       119       130       129
 -1        59    1    0    2
 -2        86        87        98        97       119       120       131       130
 -1        60    1    0    2
 -2        87        88        99        98       120       121       132       131
 -3
    1PSTEP                         1           6           7          
  100CL  101 7.000000000         132                     0    1           1
 -4  DISP        4    1
 -5  D1          1    2    1    0
 -5  D2          1    2    2    0
 -5  D3          1    2    3    0
 -5  ALL         1    2    0    0    1ALL
 -1         1 0.00000E+00 0.00000E+00 0.00000E+00
 -1         2-2.00000E-05 0.00000E+00 0.00000E+00
 -1         3-4.00000E-05 0.00000E+00 0.00000E+00
 -1         4-6.00000E-05 0.00000E+00 0.00000E+00
 -1         5-8.00000E-05 0.00000E+00 0.00000E+00
 -1         6-1.00000E-04 0.00000E+00 0.00000E+00
 -1         7-1.20000E-04 0.00000E+00 0.00000E+00
 -1         8-1.40000E-04 0.00000E+00 0.00000E+00
 -1         9-1.60000E-04 0.00000E+00 0.00000E+00
 -1        10-1.80000E-04 0.00000E+00 0.00000E+00
 -1        11-2.00000E-04 0.00000E+00 0.00000E+00
 -1        12 0.00000E+00 5.96175E-06 0.00000E+00
 -1        13-2.00000E-05 5.96175E-06 0.00000E+00
 -1        14-4.00000E-05 5.96175E-06 0.00000E+00
 -1        15-6.00000E-05 5.96175E-06 0.00000E+00
 -1        16-8.00000E-05 5.96175E-06 0.00000E+00
 -1        17-1.00000E-04 5.96175E-06 0.00000E+00
 -1        18-1.20000E-04 5.96175E-06 0.00000E+00
 -1        19-1.40000E-04 5.96175E-06 0.00000E+00
 -1        20-1.60000E-04 5.96175E-06 0.00000E+00
 -1        21-1.80000E-04 5.96175E-06 0.00000E+00
 -1        22-2.00000E-04 5.96175E-06 0.00000E+00
 -1        23 0.00000E+00 2.04770E-05 0.00000E+00
 -1        24-2.00000E-05 2.04770E-05 0.00000E+00
 -1        25-4.00000E-05 2.04770E-05 0.00000E+00
 -1        26-6.00000E-05 2.04770E-05 0.00000E+00
 -1        27-8.00000E-05 2.04770E-05 0.00000E+00
 -1        28-1.00000E-04 2.04770E-05 0.00000E+00
 -1        29-1.20000E-04 2.04770E-05 0.00000E+00
 -1        30-1.40000E-04 2.04770E-05 0.00000E+00
 -1        31-1.60000E-04 2.04770E-05 0.00000E+00
 -1        32-1.80000E-04 2.04770E-05 0.00000E+00
 -1        33-2.00000E-04 2.04770E-05 0.00000E+00
 -1        34 0.00000E+00 0.00000E+00 2.63637E-05
 -1        35-2.00000E-05 0.00000E+00 2.63637E-05
 -1        36-4.00000E-05 0.00000E+00 2.63637E-05
 -1        37-6.00000E-05 0.00000E+00 2.63637E-05
 -1        38-8.00000E-05 0.00000E+00 2.63637E-05
 -1        39-1.00000E-04 0.00000E+00 2.63637E-05
 -1        40-1.20000E-04 0.00000E+00 2.63637E-05
 -1        41-1.40000E-04 0.00000E+00 2.63637E-05
 -1        42-1.60000E-04 0.00000E+00 2.63637E-05
 -1        43-1.80000E-04 0.00000E+00 2.63637E-05
 -1        44-2.00000E-04 0.00000E+00 2.63637E-05
 -1        45 0.00000E+00-2.70428E-05 9.97845E-06
 -1        46-2.00000E-05-2.70428E-05 9.97845E-06
 -1        47-4.00000E-05-2.70428E-05 9.97845E-06
 -1        48-6.00000E-05-2.70428E-05 9.97845E-06
 -1        49-8.00000E-05-2.70428E-05 9.97845E-06
 -1        50-1.00000E-04-2.70428E-05 9.97845E-06
 -1        51-1.20000E-04-2.70428E-05 9.97845E-06
 -1        52-1.40000E-04-2.70428E-05 9.97845E-06
 -1        53-1.60000E-04-2.70428E-05 9.97845E-06
 -1        54-1.80000E-04-2.70428E-05 9.97845E-06
 -1        55-2.00000E-04-2.70428E-05 9.97845E-06
 -1        56 0.00000E+00-2.52540E-05 1.08557E-04
 -1        57-2.00000E-05-2.52540E-05 1.08557E-04
 -1        58-4.00000E-05-2.52540E-05 1.08557E-04
 -1        59-6.00000E-05-2.52540E-05 1.08557E-04
 -1        60-8.00000E-05-2.52540E-05 1.08557E-04
 -1        61-1.00000E-04-2.52540E-05 1.08557E-04
 -1        62-1.20000E-04-2.52540E-05 1.08557E-04
 -1        63-1.40000E-04-2.52540E-05 1.08557E-04
 -1        64-1.60000E-04-2.52540E-05 1.08557E-04
 -1        65-1.80000E-04-2.52540E-05 1.08557E-04
 -1        66-2.00000E-04-2.52540E-05 1.08557E-04
 -1        67 0.00000E+00 0.00000E+00 7.02872E-05
 -1        68-2.00000E-05 0.00000E+00 7.02872E-05
 -1        69-4.00000E-05 0.00000E+00 7.02872E-05
 -1        70-6.00000E-05 0.00000E+00 7.02872E-05
 -1        71-8.00000E-05 0.00000E+00 7.02872E-05
 -1        72-1.00000E-04 0.00000E+00 7.02872E-05
 -1        73-1.20000E-04 0.00000E+00 7.02872E-05
 -1        74-1.40000E-04 0.00000E+00 7.02872E-05
 -1        75-1.60000E-04 0.00000E+00 7.02872E-05
 -1        76-1.80000E-04 0.00000E+00 7.02872E-05
 -1        77-2.00000E-04 0.00000E+00 7.02872E-05
 -1        78 0.00000E+00-8.40357E-05 3.91095E-05
 -1        79-2.00000E-05-8.40357E-05 3.91095E-05
 -1        80-4.00000E-05-8.40357E-05 3.91095E-05
 -1        81-6.00000E-05-8.40357E-05 3.91095E-05
 -1        82-8.00000E-05-8.40357E-05 3.91095E-05
 -1        83-1.00000E-04-8.40357E-05 3.91095E-05
 -1        84-1.20000E-04-8.40357E-05 3.91095E-05
 -1        85-1.40000E-04-8.40357E-05 3.91095E-05
 -1        86-1.60000E-04-8.40357E-05 3.91095E-05
 -1        87-1.80000E-04-8.40357E-05 3.91095E-05
 -1        88-2.00000E-04-8.40357E-05 3.91095E-05
 -1        89 0.00000E+00-2.52843E-04 2.14395E-04
 -1        90-2.00000E-05-2.52843E-04 2.14395E-04
 -1        91-4.00000E-05-2.52843E-04 2.14395E-04
 -1        92-6.00000E-05-2.52843E-04 2.14395E-04
 -1        93-8.00000E-05-2.52843E-04 2.14395E-04
 -1        94-1.00000E-04-2.52843E-04 2.14395E-04
 -1        95-1.20000E-04-2.52843E-04 2.14395E-04
 -1        96-1.40000E-04-2.52843E-04 2.14395E-04
 -1        97-1.60000E-04-2.52843E-04 2.14395E-04
 -1        98-1.80000E-04-2.52843E-04 2.14395E-04
 -1        99-2.00000E-04-2.52843E-04 2.14395E-04
 -1       100 0.00000E+00 0.00000E+00-4.62884E-03
 -1       101-2.00000E-05 0.00000E+00-4.62884E-03
 -1       102-4.00000E-05 0.00000E+00-4.62884E-03
 -1       103-6.00000E-05 0.00000E+00-4.62884E-03
 -1       104-8.00000E-05 0.00000E+00-4.62884E-03
 -1       105-1.00000E-04 0.00000E+00-4.62884E-03
 -1       106-1.20000E-04 0.00000E+00-4.62884E-03
 -1       107-1.40000E-04 0.00000E+00-4.62884E-03
 -1       108-1.60000E-04 0.00000E+00-4.62884E-03
 -1       109-1.80000E-04 0.00000E+00-4.62884E-03
 -1       110-2.00000E-04 0.00000E+00-4.62884E-03
 -1       111 0.00000E+00-3.02567E-03-4.62264E-03
 -1       112-2.00000E-05-3.02567E-03-4.62264E-03
 -1       113-4.00000E-05-3.02567E-03-4.62264E-03
 -1       114-6.00000E-05-3.02567E-03-4.62264E-03
 -1       115-8.00000E-05-3.02567E-03-4.62264E-03
 -1       116-1.00000E-04-3.02567E-03-4.62264E-03
 -1       117-1.20000E-04-3.02567E-03-4.62264E-03
 -1       118-1.40000E-04-3.02567E-03-4.62264E-03
 -1       119-1.60000E-04-3.02567E-03-4.62264E-03
 -1       120-1.80000E-04-3.02567E-03-4.62264E-03
 -1       121-2.00000E-04-3.02567E-03-4.62264E-03
 -1       122 0.00000E+00-6.26990E-03-4.37378E-03
 -1       123-2.00000E-05-6.26990E-03-4.37378E-03
 -1       124-4.00000E-05-6.26990E-03-4.37378E-03
 -1       125-6.00000E-05-6.26990E-03-4.37378E-03
 -1       126-8.00000E-05-6.26990E-03-4.37378E-03
 -1       127-1.00000E-04-6.26990E-03-4.37378E-03
 -1       128-1.20000E-04-6.26990E-03-4.37378E-03
 -1       129-1.40000E-04-6.26990E-03-4.37378E-03
 -1       130-1.60000E-04-6.26990E-03-4.37378E-03
 -1       131-1.80000E-04-6.26990E-03-4.37378E-03
 -1       132-2.00000E-04-6.26990E-03-4.37378E-03
 -3
    1PSTEP                         2           6           7          
  100CL  101 7.000000000         132                     0    1           1
 -4  STRESS      6    1
 -5  SXX         1    4    1    1
 -5  SYY         1    4    2    2
 -5  SZZ         1    4    3    3
 -5  SXY         1    4    1    2
 -5  SYZ         1    4    2    3
 -5  SZX         1    4    3    1
 -1         1 3.06857E+01-1.09738E+01-4.76451E+00 5.12997E-16 1.12288E-04-4.63614E-15
 -1         2 3.06857E+01-1.09738E+01-4.76451E+00-4.22289E-12 1.12288E-04-7.48563E-12
 -1         3 3.06857E+01-1.09738E+01-4.76451E+00 1.50953E-12 1.12288E-04 5.66926E-12
 -1         4 3.06857E+01-1.09738E+01-4.76451E+00-9.93753E-13 1.12288E-04 2.50996E-12
 -1         5 3.06857E+01-1.09738E+01-4.76451E+00-3.80420E-12 1.12288E-04-2.50778E-12
 -1         6 3.06857E+01-1.09738E+01-4.76451E+00 3.61003E-12 1.12288E-04 2.57675E-12
 -1         7 3.06857E+01-1.09738E+01-4.76451E+00 3.50063E-12 1.12288E-04-1.93516E-12
 -1         8 3.06857E+01-1.09738E+01-4.76451E+00-1.52636E-12 1.12288E-04-2.16228E-12
 -1         9 3.06857E+01-1.09738E+01-4.76451E+00 1.94313E-12 1.12288E-04 8.05917E-13
 -1        10 3.06857E+01-1.09738E+01-4.76451E+00 6.49934E-13 1.12288E-04 3.70282E-12
 -1        11 3.06857E+01-1.09738E+01-4.76451E+00 5.85703E-14 1.12288E-04 1.15471E-13
 -1        12 2.82785E+01-1.28149E+01-1.15247E+01-1.55075E-12-4.38238E+00 2.69983E-15
 -1        13 2.82785E+01-1.28149E+01-1.15247E+01-4.72909E-13-4.38238E+00 1.43030E-12
 -1        14 2.82785E+01-1.28149E+01-1.15247E+01-4.03932E-13-4.38238E+00-1.27141E-12
 -1        15 2.82785E+01-1.28149E+01-1.15247E+01 3.64748E-14-4.38238E+00 2.67601E-13
 -1        16 2.82785E+01-1.28149E+01-1.15247E+01-1.98703E-12-4.38238E+00 4.28681E-12
 -1        17 2.82785E+01-1.28149E+01-1.15247E+01 3.38872E-12-4.38238E+00-1.24043E-12
 -1        18 2.82785E+01-1.28149E+01-1.15247E+01-3.01135E-13-4.38238E+00-3.64985E-12
 -1        19 2.82785E+01-1.28149E+01-1.15247E+01 1.37087E-13-4.38238E+00-1.36973E-12
 -1        20 2.82785E+01-1.28149E+01-1.15247E+01-4.42976E-13-4.38238E+00 8.42034E-13
 -1        21 2.82785E+01-1.28149E+01-1.15247E+01 1.46570E-12-4.38238E+00 6.77476E-13
 -1        22 2.82785E+01-1.28149E+01-1.15247E+01 2.89973E-12-4.38238E+00 1.22606E-14
 -1        23 4.52948E+01 4.78313E+00 3.16783E+01-2.55724E-12-6.07145E+00-2.65057E-15
 -1        24 4.52948E+01 4.78313E+00 3.16783E+01 6.39807E-13-6.07145E+00-5.78584E-12
 -1        25 4.52948E+01 4.78313E+00 3.16783E+01-4.27719E-12-6.07145E+00 7.61449E-12
 -1        26 4.52948E+01 4.78313E+00 3.16783E+01 2.37744E-12-6.07145E+00-9.01773E-13
 -1        27 4.52948E+01 4.78313E+00 3.16783E+01-1.66354E-12-6.07145E+00 3.66466E-12
 -1        28 4.52948E+01 4.78313E+00 3.16783E+01 5.40226E-12-6.07145E+00-1.10409E-11
 -1        29 4.52948E+01 4.78313E+00 3.16783E+01-2.86072E-12-6.07145E+00 5.32575E-12
 -1        30 4.52948E+01 4.78313E+00 3.16783E+01 1.95580E-12-6.07145E+00-2.17341E-12
 -1        31 4.52948E+01 4.78313E+00 3.16783E+01 8.22020E-13-6.07145E+00 5.14580E-12
 -1        32 4.52948E+01 4.78313E+00 3.16783E+01-1.42507E-12-6.07145E+00-2.39016E-12
 -1        33 4.52948E+01 4.78313E+00 3.16783E+01-2.43587E-12-6.07145E+00 9.45717E-14
 -1        34 2.93806E+01-1.66621E+01-3.73893E+00 1.59724E-15-1.08761E+00-4.38655E-12
 -1        35 2.93806E+01-1.66621E+01-3.73893E+00 2.45860E-13-1.08761E+00-5.36065E-12
 -1        36 2.93806E+01-1.66621E+01-3.73893E+00-1.96228E-12-1.08761E+00 1.16021E-12
 -1        37 2.93806E+01-1.66621E+01-3.73893E+00-2.15390E-12-1.08761E+00 1.13687E-12
 -1        38 2.93806E+01-1.66621E+01-3.73893E+00-3.76801E-13-1.08761E+00-4.60610E-12
 -1        39 2.93806E+01-1.66621E+01-3.73893E+00 1.75266E-12-1.08761E+00 6.84859E-12
 -1        40 2.93806E+01-1.66621E+01-3.73893E+00 2.62714E-12-1.08761E+00-4.05607E-12
 -1        41 2.93806E+01-1.66621E+01-3.73893E+00-1.00257E-12-1.08761E+00-3.21499E-12
 -1        42 2.93806E+01-1.66621E+01-3.73893E+00 1.82687E-12-1.08761E+00 1.97154E-12
 -1        43 2.93806E+01-1.66621E+01-3.73893E+00-8.91416E-13-1.08761E+00 1.62519E-12
 -1        44 2.93806E+01-1.66621E+01-3.73893E+00 2.70971E-14-1.08761E+00-1.47963E-12
 -1        45 2.79651E+01-1.61644E+01-9.29494E+00-2.26542E-12-3.24679E+00 2.40645E-13
 -1        46 2.79651E+01-1.61644E+01-9.29494E+00-4.11497E-13-3.24679E+00 7.67150E-13
 -1        47 2.79651E+01-1.61644E+01-9.29494E+00-2.75829E-13-3.24679E+00-2.35598E-12
 -1        48 2.79651E+01-1.61644E+01-9.29494E+00-6.70332E-13-3.24679E+00 3.31160E-12
 -1        49 2.79651E+01-1.61644E+01-9.29494E+00 3.53470E-14-3.24679E+00 1.17549E-12
 -1        50 2.79651E+01-1.61644E+01-9.29494E+00 7.94913E-13-3.24679E+00-2.24663E-12
 -1        51 2.79651E+01-1.61644E+01-9.29494E+00-8.68704E-13-3.24679E+00-9.63930E-13
 -1        52 2.79651E+01-1.61644E+01-9.29494E+00-9.72633E-13-3.24679E+00-1.33492E-12
 -1        53 2.79651E+01-1.61644E+01-9.29494E+00 3.93453E-12-3.24679E+00 1.58706E-13
 -1        54 2.79651E+01-1.61644E+01-9.29494E+00-1.35074E-13-3.24679E+00 2.46822E-12
 -1        55 2.79651E+01-1.61644E+01-9.29494E+00 2.32227E-13-3.24679E+00-1.03168E-12
 -1        56 4.39909E+01 1.79543E+00 3.00134E+01 2.43946E-12-1.16015E+01-2.04926E-12
 -1        57 4.39909E+01 1.79543E+00 3.00134E+01-8.76574E-13-1.16015E+01-3.28791E-12
 -1        58 4.39909E+01 1.79543E+00 3.00134E+01-9.66980E-13-1.16015E+01 4.23338E-12
 -1        59 4.39909E+01 1.79543E+00 3.00134E+01 1.21005E-12-1.16015E+01-2.53379E-12
 -1        60 4.39909E+01 1.79543E+00 3.00134E+01-1.50258E-12-1.16015E+01 3.26068E-12
 -1        61 4.39909E+01 1.79543E+00 3.00134E+01-1.54134E-12-1.16015E+01-5.81065E-12
 -1        62 4.39909E+01 1.79543E+00 3.00134E+01 4.00826E-12-1.16015E+01 3.45849E-12
 -1        63 4.39909E+01 1.79543E+00 3.00134E+01 2.75479E-12-1.16015E+01 1.58170E-12
 -1        64 4.39909E+01 1.79543E+00 3.00134E+01-1.77454E-12-1.16015E+01 9.30093E-13
 -1        65 4.39909E+01 1.79543E+00 3.00134E+01-1.96139E-12-1.16015E+01-6.51296E-12
 -1        66 4.39909E+01 1.79543E+00 3.00134E+01 1.29455E-12-1.16015E+01 1.67435E-13
 -1        67 6.65002E+01 1.46174E+01 6.84057E+00 2.04435E-15-1.79596E+00 1.01202E-13
 -1        68 6.65002E+01 1.46174E+01 6.84057E+00 9.68879E-13-1.79596E+00-4.98371E-12
 -1        69 6.65002E+01 1.46174E+01 6.84057E+00-1.49101E-12-1.79596E+00-3.97400E-12
 -1        70 6.65002E+01 1.46174E+01 6.84057E+00-1.92452E-12-1.79596E+00 1.68613E-12
 -1        71 6.65002E+01 1.46174E+01 6.84057E+00 1.94252E-12-1.79596E+00-2.19478E-13
 -1        72 6.65002E+01 1.46174E+01 6.84057E+00-4.54187E-12-1.79596E+00 5.49854E-12
 -1        73 6.65002E+01 1.46174E+01 6.84057E+00 4.20956E-12-1.79596E+00-2.46016E-12
 -1        74 6.65002E+01 1.46174E+01 6.84057E+00-8.31498E-13-1.79596E+00 5.53195E-13
 -1        75 6.65002E+01 1.46174E+01 6.84057E+00 1.10755E-13-1.79596E+00 9.75202E-13
 -1        76 6.65002E+01 1.46174E+01 6.84057E+00 5.79614E-13-1.79596E+00-2.11689E-12
 -1        77 6.65002E+01 1.46174E+01 6.84057E+00-1.53473E-15-1.79596E+00-1.89692E-13
 -1        78 6.69257E+01 1.11915E+01 5.33407E+00 1.87119E-13-2.91090E+00-1.20892E-12
 -1        79 6.69257E+01 1.11915E+01 5.33407E+00 9.58140E-13-2.91090E+00-2.15250E-12
 -1        80 6.69257E+01 1.11915E+01 5.33407E+00-5.78212E-13-2.91090E+00-1.47417E-12
 -1        81 6.69257E+01 1.11915E+01 5.33407E+00-2.30564E-12-2.91090E+00 1.12265E-12
 -1        82 6.69257E+01 1.11915E+01 5.33407E+00 1.08738E-12-2.91090E+00 3.68818E-13
 -1        83 6.69257E+01 1.11915E+01 5.33407E+00-2.34829E-12-2.91090E+00 3.44684E-13
 -1        84 6.69257E+01 1.11915E+01 5.33407E+00 6.55156E-13-2.91090E+00-3.74657E-12
 -1        85 6.69257E+01 1.11915E+01 5.33407E+00 7.86626E-13-2.91090E+00 2.25838E-12
 -1        86 6.69257E+01 1.11915E+01 5.33407E+00 3.08776E-12-2.91090E+00-2.14513E-13
 -1        87 6.69257E+01 1.11915E+01 5.33407E+00-7.90938E-13-2.91090E+00 2.58579E-13
 -1        88 6.69257E+01 1.11915E+01 5.33407E+00-2.32231E-13-2.91090E+00 1.03290E-12
 -1        89 8.17125E+01 2.31502E+01 3.13732E+01 2.85520E-13-1.46376E+01-1.19686E-13
 -1        90 8.17125E+01 2.31502E+01 3.13732E+01 1.51464E-12-1.46376E+01 1.27421E-13
 -1        91 8.17125E+01 2.31502E+01 3.13732E+01-1.31576E-12-1.46376E+01 2.96564E-12
 -1        92 8.17125E+01 2.31502E+01 3.13732E+01-4.79734E-13-1.46376E+01-8.78696E-13
 -1        93 8.17125E+01 2.31502E+01 3.13732E+01 8.92331E-13-1.46376E+01-1.39540E-12
 -1        94 8.17125E+01 2.31502E+01 3.13732E+01-8.51168E-13-1.46376E+01-4.47455E-13
 -1        95 8.17125E+01 2.31502E+01 3.13732E+01-1.14287E-12-1.46376E+01 2.55737E-12
 -1        96 8.17125E+01 2.31502E+01 3.13732E+01 6.01150E-13-1.46376E+01 3.33992E-12
 -1        97 8.17125E+01 2.31502E+01 3.13732E+01 4.51183E-12-1.46376E+01-7.51481E-12
 -1        98 8.17125E+01 2.31502E+01 3.13732E+01-2.41258E-12-1.46376E+01 1.81469E-12
 -1        99 8.17125E+01 2.31502E+01 3.13732E+01 2.10857E-12-1.46376E+01-4.13449E-12
 -1       100 5.87077E+01 7.50780E+00-2.97412E+01-1.64446E-14-1.22861E+00 5.47789E-12
 -1       101 5.87077E+01 7.50780E+00-2.97412E+01 2.00795E-12-1.22861E+00-5.90007E-12
 -1       102 5.87077E+01 7.50780E+00-2.97412E+01-1.26562E-12-1.22861E+00-9.87150E-13
 -1       103 5.87077E+01 7.50780E+00-2.97412E+01-1.61846E-12-1.22861E+00-3.91195E-12
 -1       104 5.87077E+01 7.50780E+00-2.97412E+01 3.20913E-13-1.22861E+00 1.38924E-12
 -1       105 5.87077E+01 7.50780E+00-2.97412E+01-2.76781E-12-1.22861E+00 3.52088E-12
 -1       106 5.87077E+01 7.50780E+00-2.97412E+01 1.90267E-12-1.22861E+00-9.28250E-13
 -1       107 5.87077E+01 7.50780E+00-2.97412E+01-2.78813E-12-1.22861E+00 3.10451E-12
 -1       108 5.87077E+01 7.50780E+00-2.97412E+01-5.20129E-13-1.22861E+00 3.45546E-12
 -1       109 5.87077E+01 7.50780E+00-2.97412E+01 1.66124E-12-1.22861E+00-1.55022E-12
 -1       110 5.87077E+01 7.50780E+00-2.97412E+01 8.53738E-16-1.22861E+00-2.85433E-13
 -1       111 5.36259E+01-1.61711E+00-3.28553E+01-3.02110E-12-2.35637E+00 5.82499E-13
 -1       112 5.36259E+01-1.61711E+00-3.28553E+01 1.54389E-12-2.35637E+00-5.41970E-12
 -1       113 5.36259E+01-1.61711E+00-3.28553E+01-2.88867E-12-2.35637E+00 1.09056E-12
 -1       114 5.36259E+01-1.61711E+00-3.28553E+01-1.29408E-12-2.35637E+00 8.96342E-15
 -1       115 5.36259E+01-1.61711E+00-3.28553E+01 1.31669E-12-2.35637E+00-3.08449E-12
 -1       116 5.36259E+01-1.61711E+00-3.28553E+01-2.09865E-12-2.35637E+00 4.89001E-12
 -1       117 5.36259E+01-1.61711E+00-3.28553E+01-1.37921E-12-2.35637E+00-6.02763E-12
 -1       118 5.36259E+01-1.61711E+00-3.28553E+01-1.32091E-12-2.35637E+00 3.50062E-12
 -1       119 5.36259E+01-1.61711E+00-3.28553E+01 6.35348E-13-2.35637E+00 4.30069E-12
 -1       120 5.36259E+01-1.61711E+00-3.28553E+01 5.44168E-12-2.35637E+00-3.71255E-12
 -1       121 5.36259E+01-1.61711E+00-3.28553E+01 1.23089E-12-2.35637E+00-1.36284E-12
 -1       122 6.29693E+01 4.46969E+00-2.16763E+01 4.27891E-12-9.48547E+00-6.37237E-13
 -1       123 6.29693E+01 4.46969E+00-2.16763E+01 2.66845E-12-9.48547E+00-5.29493E-12
 -1       124 6.29693E+01 4.46969E+00-2.16763E+01-4.77888E-12-9.48547E+00 3.75882E-12
 -1       125 6.29693E+01 4.46969E+00-2.16763E+01 7.14859E-13-9.48547E+00 1.89978E-12
 -1       126 6.29693E+01 4.46969E+00-2.16763E+01 1.12970E-12-9.48547E+00-1.35151E-12
 -1       127 6.29693E+01 4.46969E+00-2.16763E+01-1.89627E-12-9.48547E+00 3.08485E-12
 -1       128 6.29693E+01 4.46969E+00-2.16763E+01-5.55923E-12-9.48547E+00-8.27260E-13
 -1       129 6.29693E+01 4.46969E+00-2.16763E+01 5.04607E-12-9.48547E+00 3.01800E-12
 -1       130 6.29693E+01 4.46969E+00-2.16763E+01-7.08209E-13-9.48547E+00-1.48807E-11
 -1       131 6.29693E+01 4.46969E+00-2.16763E+01 3.77243E-12-9.48547E+00 1.22588E-11
 -1       132 6.29693E+01 4.46969E+00-2.16763E+01 7.02117E-12-9.48547E+00-1.84272E-12
 -3
    1PSTEP                         3           6           7          
  100CL  101 7.000000000         132                     0    1           1
 -4  PE          1    1
 -5  PE          1    1    0    0
 -1         1 2.56990E-03
 -1         2 2.56990E-03
 -1         3 2.56990E-03
 -1         4 2.56990E-03
 -1         5 2.56990E-03
 -1         6 2.56990E-03
 -1         7 2.56990E-03
 -1         8 2.56990E-03
 -1         9 2.56990E-03
 -1        10 2.56990E-03
 -1        11 2.56990E-03
 -1        12 2.56990E-03
 -1        13 2.56990E-03
 -1        14 2.56990E-03
 -1        15 2.56990E-03
 -1        16 2.56990E-03
 -1        17 2.56990E-03
 -1        18 2.56990E-03
 -1        19 2.56990E-03
 -1        20 2.56990E-03
 -1        21 2.56990E-03
 -1        22 2.56990E-03
 -1        23 2.56990E-03
 -1        24 2.56990E-03
 -1        25 2.56990E-03
 -1        26 2.56990E-03
 -1        27 2.56990E-03
 -1        28 2.56990E-03
 -1        29 2.56990E-03
 -1        30 2.56990E-03
 -1        31 2.56990E-03
 -1        32 2.56990E-03
 -1        33 2.56990E-03
 -1        34 2.56990E-03
 -1        35 2.56990E-03
 -1        36 2.56990E-03
 -1        37 2.56990E-03
 -1        38 2.56990E-03
 -1        39 2.56990E-03
 -1        40 2.56990E-03
 -1        41 2.56990E-03
 -1        42 2.56990E-03
 -1        43 2.56990E-03
 -1        44 2.56990E-03
 -1        45 2.56990E-03
 -1        46 2.56990E-03
 -1        47 2.56990E-03
 -1        48 2.56990E-03
 -1        49 2.56990E-03
 -1        50 2.56990E-03
 -1        51 2.56990E-03
 -1        52 2.56990E-03
 -1        53 2.56990E-03
 -1        54 2.56990E-03
 -1        55 2.56990E-03
 -1        56 2.56990E-03
 -1        57 2.56990E-03
 -1        58 2.56990E-03
 -1        59 2.56990E-03
 -1        60 2.56990E-03
 -1        61 2.56990E-03
 -1        62 2.56990E-03
 -1        63 2.56990E-03
 -1        64 2.56990E-03
 -1        65 2.56990E-03
 -1        66 2.56990E-03
 -1        67 2.30701E-03
 -1        68 2.30701E-03
 -1        69 2.30701E-03
 -1        70 2.30701E-03
 -1        71 2.30701E-03
 -1        72 2.30701E-03
 -1        73 2.30701E-03
 -1        74 2.30701E-03
 -1        75 2.30701E-03
 -1        76 2.30701E-03
 -1        77 2.30701E-03
 -1        78 2.29841E-03
 -1        79 2.29841E-03
 -1        80 2.29841E-03
 -1        81 2.29841E-03
 -1        82 2.29841E-03
 -1        83 2.29841E-03
 -1        84 2.29841E-03
 -1        85 2.29841E-03
 -1        86 2.29841E-03
 -1        87 2.29841E-03
 -1        88 2.29841E-03
 -1        89 2.30568E-03
 -1        90 2.30568E-03
 -1        91 2.30568E-03
 -1        92 2.30568E-03
 -1        93 2.30568E-03
 -1        94 2.30568E-03
 -1        95 2.30568E-03
 -1        96 2.30568E-03
 -1        97 2.30568E-03
 -1        98 2.30568E-03
 -1        99 2.30568E-03
 -1       100 2.08910E-03
 -1       101 2.08910E-03
 -1       102 2.08910E-03
 -1       103 2.08910E-03
 -1       104 2.08910E-03
 -1       105 2.08910E-03
 -1       106 2.08910E-03
 -1       107 2.08910E-03
 -1       108 2.08910E-03
 -1       109 2.08910E-03
 -1       110 2.08910E-03
 -1       111 2.09045E-03
 -1       112 2.09045E-03
 -1       113 2.09045E-03
 -1       114 2.09045E-03
 -1       115 2.09045E-03
 -1       116 2.09045E-03
 -1       117 2.09045E-03
 -1       118 2.09045E-03
 -1       119 2.09045E-03
 -1       120 2.09045E-03
 -1       121 2.09045E-03
 -1       122 2.11301E-03
 -1       123 2.11301E-03
 -1       124 2.11301E-03
 -1       125 2.11301E-03
 -1       126 2.11301E-03
 -1       127 2.11301E-03
 -1       128 2.11301E-03
 -1       129 2.11301E-03
 -1       130 2.11301E-03
 -1       131 2.11301E-03
 -1       132 2.11301E-03
 -3
    1PSTEP                         4           6           7          
  100CL  101 7.000000000         132                     0    1           1
 -4  ERROR       1    1
 -5  STR(%)      1    1    0    0
 -1         1 3.46205E+00
 -1         2 3.46205E+00
 -1         3 3.46205E+00
 -1         4 3.46205E+00
 -1         5 3.46205E+00
 -1         6 3.46205E+00
 -1         7 3.46205E+00
 -1         8 3.46205E+00
 -1         9 3.46205E+00
 -1        10 3.46205E+00
 -1        11 3.46205E+00
 -1        12 1.26247E+01
 -1        13 1.26247E+01
 -1        14 1.26247E+01
 -1        15 1.26247E+01
 -1        16 1.26247E+01
 -1        17 1.26247E+01
 -1        18 1.26247E+01
 -1        19 1.26247E+01
 -1        20 1.26247E+01
 -1        21 1.26247E+01
 -1        22 1.26247E+01
 -1        23 1.26247E+01
 -1        24 1.26247E+01
 -1        25 1.26247E+01
 -1        26 1.26247E+01
 -1        27 1.26247E+01
 -1        28 1.26247E+01
 -1        29 1.26247E+01
 -1        30 1.26247E+01
 -1        31 1.26247E+01
 -1        32 1.26247E+01
 -1        33 1.26247E+01
 -1        34 2.30737E+01
 -1        35 2.30737E+01
 -1        36 2.30737E+01
 -1        37 2.30737E+01
 -1        38 2.30737E+01
 -1        39 2.30737E+01
 -1        40 2.30737E+01
 -1        41 2.30737E+01
 -1        42 2.30737E+01
 -1        43 2.30737E+01
 -1        44 2.30737E+01
 -1        45 3.74320E+01
 -1        46 3.74320E+01
 -1        47 3.74320E+01
 -1        48 3.74320E+01
 -1        49 3.74320E+01
 -1        50 3.74320E+01
 -1        51 3.74320E+01
 -1        52 3.74320E+01
 -1        53 3.74320E+01
 -1        54 3.74320E+01
 -1        55 3.74320E+01
 -1        56 3.74320E+01
 -1        57 3.74320E+01
 -1        58 3.74320E+01
 -1        59 3.74320E+01
 -1        60 3.74320E+01
 -1        61 3.74320E+01
 -1        62 3.74320E+01
 -1        63 3.74320E+01
 -1        64 3.74320E+01
 -1        65 3.74320E+01
 -1        66 3.74320E+01
 -1        67 2.30737E+01
 -1        68 2.30737E+01
 -1        69 2.30737E+01
 -1        70 2.30737E+01
 -1        71 2.30737E+01
 -1        72 2.30737E+01
 -1        73 2.30737E+01
 -1        74 2.30737E+01
 -1        75 2.30737E+01
 -1        76 2.30737E+01
 -1        77 2.30737E+01
 -1        78 3.74320E+01
 -1        79 3.74320E+01
 -1        80 3.74320E+01
 -1        81 3.74320E+01
 -1        82 3.74320E+01
 -1        83 3.74320E+01
 -1        84 3.74320E+01
 -1        85 3.74320E+01
 -1        86 3.74320E+01
 -1        87 3.74320E+01
 -1        88 3.74320E+01
 -1        89 3.74320E+01
 -1        90 3.74320E+01
 -1        91 3.74320E+01
 -1        92 3.74320E+01
 -1        93 3.74320E+01
 -1        94 3.74320E+01
 -1        95 3.74320E+01
 -1        96 3.74320E+01
 -1        97 3.74320E+01
 -1        98 3.74320E+01
 -1        99 3.74320E+01
 -1       100 2.01866E+01
 -1       101 2.01866E+01
 -1       102 2.01866E+01
 -1       103 2.01866E+01
 -1       104 2.01866E+01
 -1       105 2.01866E+01
 -1       106 2.01866E+01
 -1       107 2.01866E+01
 -1       108 2.01866E+01
 -1       109 2.01866E+01
 -1       110 2.01866E+01
 -1       111 3.45703E+01
 -1       112 3.45703E+01
 -1       113 3.45703E+01
 -1       114 3.45703E+01
 -1       115 3.45703E+01
 -1       116 3.45703E+01
 -1       117 3.45703E+01
 -1       118 3.45703E+01
 -1       119 3.45703E+01
 -1       120 3.45703E+01
 -1       121 3.45703E+01
 -1       122 3.45703E+01
 -1       123 3.45703E+01
 -1       124 3.45703E+01
 -1       125 3.45703E+01
 -1       126 3.45703E+01
 -1       127 3.45703E+01
 -1       128 3.45703E+01
 -1       129 3.45703E+01
 -1       130 3.45703E+01
 -1       131 3.45703E+01
 -1       132 3.45703E+01
 -3
    1PSTEP                         5           6           8          
  100CL  102 8.000000000         132                     0    2           1
 -4  DISP        4    1
 -5  D1          1    2    1    0
 -5  D2          1    2    2    0
 -5  D3          1    2    3    0
 -5  ALL         1    2    0    0    1ALL
 -1         1 0.00000E+00 0.00000E+00 0.00000E+00
 -1         2-3.37304E-18 0.00000E+00 0.00000E+00
 -1         3 1.14465E-17 0.00000E+00 0.00000E+00
 -1         4 3.81215E-17 0.00000E+00 0.00000E+00
 -1         5 7.21090E-18 0.00000E+00 0.00000E+00
 -1         6-5.90099E-17 0.00000E+00 0.00000E+00
 -1         7-8.45497E-17 0.00000E+00 0.00000E+00
 -1         8-2.66443E-17 0.00000E+00 0.00000E+00
 -1         9-2.70592E-17 0.00000E+00 0.00000E+00
 -1        10 1.51001E-17 0.00000E+00 0.00000E+00
 -1        11 0.00000E+00 0.00000E+00 0.00000E+00
 -1        12 0.00000E+00 2.87283E-07 0.00000E+00
 -1        13-4.36404E-18 2.87283E-07 0.00000E+00
 -1        14-1.57753E-17 2.87283E-07 0.00000E+00
 -1        15 2.52897E-17 2.87283E-07 0.00000E+00
 -1        16-1.17619E-18 2.87283E-07 0.00000E+00
 -1        17-4.20937E-17 2.87283E-07 0.00000E+00
 -1        18-4.54610E-17 2.87283E-07 0.00000E+00
 -1        19-3.99863E-17 2.87283E-07 0.00000E+00
 -1        20-1.29335E-17 2.87283E-07 0.00000E+00
 -1        21 3.21435E-17 2.87283E-07 0.00000E+00
 -1        22 0.00000E+00 2.87283E-07 0.00000E+00
 -1        23 0.00000E+00 9.13141E-06 0.00000E+00
 -1        24-4.87254E-17 9.13141E-06 0.00000E+00
 -1        25-5.70537E-17 9.13141E-06 0.00000E+00
 -1        26-1.82719E-17 9.13141E-06 0.00000E+00
 -1        27-1.46542E-17 9.13141E-06 0.00000E+00
 -1        28-1.59836E-17 9.13141E-06 0.00000E+00
 -1        29 1.61337E-17 9.13141E-06 0.00000E+00
 -1        30-8.01981E-17 9.13141E-06 0.00000E+00
 -1        31 4.09240E-17 9.13141E-06 0.00000E+00
 -1        32 1.16453E-17 9.13141E-06 0.00000E+00
 -1        33 0.00000E+00 9.13141E-06 0.00000E+00
 -1        34 0.00000E+00 0.00000E+00 2.35481E-05
 -1        35-3.95129E-17 0.00000E+00 2.35481E-05
 -1        36-9.32457E-20 0.00000E+00 2.35481E-05
 -1        37 4.31376E-17 0.00000E+00 2.35481E-05
 -1        38 1.22144E-17 0.00000E+00 2.35481E-05
 -1        39-6.98961E-17 0.00000E+00 2.35481E-05
 -1        40-7.57807E-17 0.00000E+00 2.35481E-05
 -1        41-3.25563E-17 0.00000E+00 2.35481E-05
 -1        42-1.58335E-17 0.00000E+00 2.35481E-05
 -1        43 4.67989E-18 0.00000E+00 2.35481E-05
 -1        44 0.00000E+00 0.00000E+00 2.35481E-05
 -1        45 0.00000E+00-3.27693E-05 7.15980E-06
 -1        46-4.48033E-17-3.27693E-05 7.15980E-06
 -1        47 1.68742E-17-3.27693E-05 7.15980E-06
 -1        48 2.13829E-17-3.27693E-05 7.15980E-06
 -1        49-1.53485E-18-3.27693E-05 7.15980E-06
 -1        50-6.09888E-17-3.27693E-05 7.15980E-06
 -1        51-5.65948E-17-3.27693E-05 7.15980E-06
 -1        52-2.13105E-17-3.27693E-05 7.15980E-06
 -1        53-7.12802E-18-3.27693E-05 7.15980E-06
 -1        54 9.91892E-19-3.27693E-05 7.15980E-06
 -1        55 0.00000E+00-3.27693E-05 7.15980E-06
 -1        56 0.00000E+00-3.66708E-05 1.05882E-04
 -1        57-6.62179E-17-3.66708E-05 1.05882E-04
 -1        58-5.99422E-17-3.66708E-05 1.05882E-04
 -1        59-1.83251E-17-3.66708E-05 1.05882E-04
 -1        60 1.26267E-17-3.66708E-05 1.05882E-04
 -1        61-3.84539E-17-3.66708E-05 1.05882E-04
 -1        62-3.75264E-18-3.66708E-05 1.05882E-04
 -1        63 5.46005E-18-3.66708E-05 1.05882E-04
 -1        64-2.69357E-17-3.66708E-05 1.05882E-04
 -1        65-2.67519E-18-3.66708E-05 1.05882E-04
 -1        66 0.00000E+00-3.66708E-05 1.05882E-04
 -1        67 0.00000E+00 0.00000E+00 6.46834E-05
 -1        68-3.53812E-17 0.00000E+00 6.46834E-05
 -1        69 1.38596E-17 0.00000E+00 6.46834E-05
 -1        70 3.66265E-17 0.00000E+00 6.46834E-05
 -1        71-1.17180E-18 0.00000E+00 6.46834E-05
 -1        72-5.48492E-17 0.00000E+00 6.46834E-05
 -1        73-8.64516E-17 0.00000E+00 6.46834E-05
 -1        74-5.18932E-17 0.00000E+00 6.46834E-05
 -1        75 2.67212E-17 0.00000E+00 6.46834E-05
 -1        76-3.76473E-17 0.00000E+00 6.46834E-05
 -1        77 0.00000E+00 0.00000E+00 6.46834E-05
 -1        78 0.00000E+00-8.98755E-05 3.35045E-05
 -1        79-4.55124E-17-8.98755E-05 3.35045E-05
 -1        80-1.08631E-18-8.98755E-05 3.35045E-05
 -1        81 2.54982E-17-8.98755E-05 3.35045E-05
 -1        82-1.08114E-17-8.98755E-05 3.35045E-05
 -1        83-6.19457E-17-8.98755E-05 3.35045E-05
 -1        84-6.05751E-17-8.98755E-05 3.35045E-05
 -1        85-3.23983E-17-8.98755E-05 3.35045E-05
 -1        86 1.96686E-17-8.98755E-05 3.35045E-05
 -1        87-2.20461E-17-8.98755E-05 3.35045E-05
 -1        88 0.00000E+00-8.98755E-05 3.35045E-05
 -1        89 0.00000E+00-2.64578E-04 2.09028E-04
 -1        90-9.76267E-17-2.64578E-04 2.09028E-04
 -1        91-9.37763E-18-2.64578E-04 2.09028E-04
 -1        92-5.07948E-17-2.64578E-04 2.09028E-04
 -1        93 4.38712E-17-2.64578E-04 2.09028E-04
 -1        94-5.56516E-17-2.64578E-04 2.09028E-04
 -1        95-2.99857E-17-2.64578E-04 2.09028E-04
 -1        96 3.68598E-17-2.64578E-04 2.09028E-04
 -1        97-3.62288E-17-2.64578E-04 2.09028E-04
 -1        98-4.83123E-17-2.64578E-04 2.09028E-04
 -1        99 0.00000E+00-2.64578E-04 2.09028E-04
 -1       100 0.00000E+00 0.00000E+00-4.63763E-03
 -1       101 7.66841E-18 0.00000E+00-4.63763E-03
 -1       102 2.90246E-17 0.00000E+00-4.63763E-03
 -1       103 3.43804E-17 0.00000E+00-4.63763E-03
 -1       104 6.68500E-18 0.00000E+00-4.63763E-03
 -1       105 4.98766E-17 0.00000E+00-4.63763E-03
 -1       106-2.29918E-17 0.00000E+00-4.63763E-03
 -1       107 3.69656E-17 0.00000E+00-4.63763E-03
 -1       108 1.34861E-17 0.00000E+00-4.63763E-03
 -1       109 6.19832E-17 0.00000E+00-4.63763E-03
 -1       110 0.00000E+00 0.00000E+00-4.63763E-03
 -1       111 0.00000E+00-3.03161E-03-4.63140E-03
 -1       112 9.22779E-17-3.03161E-03-4.63140E-03
 -1       113 5.31770E-17-3.03161E-03-4.63140E-03
 -1       114 5.54957E-17-3.03161E-03-4.63140E-03
 -1       115 5.82325E-18-3.03161E-03-4.63140E-03
 -1       116-3.56830E-18-3.03161E-03-4.63140E-03
 -1       117 7.71801E-17-3.03161E-03-4.63140E-03
 -1       118-6.37367E-18-3.03161E-03-4.63140E-03
 -1       119 2.69909E-17-3.03161E-03-4.63140E-03
 -1       120-9.28570E-18-3.03161E-03-4.63140E-03
 -1       121 0.00000E+00-3.03161E-03-4.63140E-03
 -1       122 0.00000E+00-6.28195E-03-4.38227E-03
 -1       123 1.06765E-16-6.28195E-03-4.38227E-03
 -1       124 2.64952E-17-6.28195E-03-4.38227E-03
 -1       125 2.71114E-17-6.28195E-03-4.38227E-03
 -1       126 1.48551E-17-6.28195E-03-4.38227E-03
 -1       127 1.89198E-17-6.28195E-03-4.38227E-03
 -1       128 3.61098E-17-6.28195E-03-4.38227E-03
 -1       129 7.52632E-17-6.28195E-03-4.38227E-03
 -1       130-4.21644E-18-6.28195E-03-4.38227E-03
 -1       131-3.84027E-17-6.28195E-03-4.38227E-03
 -1       132 0.00000E+00-6.28195E-03-4.38227E-03
 -3
    1PSTEP                         6           6           8          
  100CL  102 8.000000000         132                     0    2           1
 -4  STRESS      6    1
 -5  SXX         1    4    1    1
 -5  SYY         1    4    2    2
 -5  SZZ         1    4    3    3
 -5  SXY         1    4    1    2
 -5  SYZ         1    4    2    3
 -5  SZX         1    4    3    1
 -1         1 3.40769E+01-1.09926E+01-4.77769E+00 4.05153E-16 1.12441E-04-4.58027E-15
 -1         2 3.40769E+01-1.09926E+01-4.77769E+00 5.88448E-14 1.12441E-04-5.07213E-12
 -1         3 3.40769E+01-1.09926E+01-4.77769E+00-5.58628E-13 1.12441E-04-5.92646E-13
 -1         4 3.40769E+01-1.09926E+01-4.77769E+00 7.72118E-14 1.12441E-04 7.62631E-13
 -1         5 3.40769E+01-1.09926E+01-4.77769E+00-6.51156E-13 1.12441E-04 9.42375E-13
 -1         6 3.40769E+01-1.09926E+01-4.77769E+00 1.75471E-13 1.12441E-04-1.57832E-12
 -1         7 3.40769E+01-1.09926E+01-4.77769E+00 1.44071E-12 1.12441E-04-3.01575E-13
 -1         8 3.40769E+01-1.09926E+01-4.77769E+00 2.83942E-13 1.12441E-04 3.73065E-13
 -1         9 3.40769E+01-1.09926E+01-4.77769E+00-1.68047E-13 1.12441E-04 7.12350E-13
 -1        10 3.40769E+01-1.09926E+01-4.77769E+00 1.23863E-12 1.12441E-04-8.07331E-13
 -1        11 3.40769E+01-1.09926E+01-4.77769E+00 5.63594E-14 1.12441E-04 1.04578E-13
 -1        12 3.16693E+01-1.28340E+01-1.15390E+01-1.61853E-12-4.38921E+00 2.34530E-15
 -1        13 3.16693E+01-1.28340E+01-1.15390E+01-3.19605E-12-4.38921E+00-5.11522E-12
 -1        14 3.16693E+01-1.28340E+01-1.15390E+01 8.63013E-13-4.38921E+00 3.84366E-12
 -1        15 3.16693E+01-1.28340E+01-1.15390E+01 1.93435E-12-4.38921E+00 1.37357E-13
 -1        16 3.16693E+01-1.28340E+01-1.15390E+01 1.47952E-13-4.38921E+00-4.33038E-13
 -1        17 3.16693E+01-1.28340E+01-1.15390E+01 7.38328E-13-4.38921E+00-1.80484E-12
 -1        18 3.16693E+01-1.28340E+01-1.15390E+01-2.25926E-12-4.38921E+00-1.95919E-12
 -1        19 3.16693E+01-1.28340E+01-1.15390E+01-1.94838E-12-4.38921E+00 1.29694E-12
 -1        20 3.16693E+01-1.28340E+01-1.15390E+01 3.56613E-12-4.38921E+00 1.22435E-12
 -1        21 3.16693E+01-1.28340E+01-1.15390E+01 8.44029E-13-4.38921E+00-2.37246E-12
 -1        22 3.16693E+01-1.28340E+01-1.15390E+01 1.13046E-13-4.38921E+00 1.61195E-14
 -1        23 4.87095E+01 4.78930E+00 3.17264E+01-3.03638E-12-6.08077E+00-1.67678E-15
 -1        24 4.87095E+01 4.78930E+00 3.17264E+01-9.82308E-13-6.08077E+00-6.88154E-13
 -1        25 4.87095E+01 4.78930E+00 3.17264E+01 8.66306E-13-6.08077E+00-1.56375E-12
 -1        26 4.87095E+01 4.78930E+00 3.17264E+01-3.61377E-12-6.08077E+00 2.91949E-13
 -1        27 4.87095E+01 4.78930E+00 3.17264E+01-3.37645E-12-6.08077E+00 4.56608E-12
 -1        28 4.87095E+01 4.78930E+00 3.17264E+01-2.73342E-13-6.08077E+00-3.94547E-12
 -1        29 4.87095E+01 4.78930E+00 3.17264E+01 6.42949E-12-6.08077E+00-2.04734E-12
 -1        30 4.87095E+01 4.78930E+00 3.17264E+01-2.27632E-12-6.08077E+00 9.04712E-12
 -1        31 4.87095E+01 4.78930E+00 3.17264E+01-2.22759E-12-6.08077E+00-7.81565E-12
 -1        32 4.87095E+01 4.78930E+00 3.17264E+01-7.98367E-13-6.08077E+00-2.35968E-12
 -1        33 4.87095E+01 4.78930E+00 3.17264E+01 5.50039E-13-6.08077E+00 1.01504E-13
 -1        34 3.27697E+01-1.66898E+01-3.75063E+00 1.45619E-15-1.08778E+00 2.10117E-12
 -1        35 3.27697E+01-1.66898E+01-3.75063E+00 4.80444E-14-1.08778E+00-3.69624E-12
 -1        36 3.27697E+01-1.66898E+01-3.75063E+00 1.65753E-12-1.08778E+00-3.19071E-13
 -1        37 3.27697E+01-1.66898E+01-3.75063E+00-2.74648E-13-1.08778E+00 1.08355E-12
 -1        38 3.27697E+01-1.66898E+01-3.75063E+00-1.30950E-12-1.08778E+00-4.09913E-13
 -1        39 3.27697E+01-1.66898E+01-3.75063E+00 1.14221E-13-1.08778E+00 5.49238E-13
 -1        40 3.27697E+01-1.66898E+01-3.75063E+00 5.94271E-13-1.08778E+00 4.40167E-13
 -1        41 3.27697E+01-1.66898E+01-3.75063E+00 8.70867E-13-1.08778E+00-9.86286E-13
 -1        42 3.27697E+01-1.66898E+01-3.75063E+00-4.45409E-14-1.08778E+00 7.31408E-13
 -1        43 3.27697E+01-1.66898E+01-3.75063E+00 4.27772E-13-1.08778E+00-2.59671E-12
 -1        44 3.27697E+01-1.66898E+01-3.75063E+00 2.72173E-14-1.08778E+00-8.76407E-13
 -1        45 3.13557E+01-1.61883E+01-9.30532E+00 1.95417E-13-3.25305E+00-6.05281E-13
 -1        46 3.13557E+01-1.61883E+01-9.30532E+00-3.72634E-14-3.25305E+00-2.53783E-12
 -1        47 3.13557E+01-1.61883E+01-9.30532E+00-2.14282E-13-3.25305E+00 2.83854E-12
 -1        48 3.13557E+01-1.61883E+01-9.30532E+00-9.11359E-13-3.25305E+00-5.32611E-13
 -1        49 3.13557E+01-1.61883E+01-9.30532E+00 1.91155E-13-3.25305E+00-3.60112E-12
 -1        50 3.13557E+01-1.61883E+01-9.30532E+00 7.22283E-13-3.25305E+00 2.11777E-12
 -1        51 3.13557E+01-1.61883E+01-9.30532E+00 1.11060E-12-3.25305E+00 3.68564E-13
 -1        52 3.13557E+01-1.61883E+01-9.30532E+00 3.84213E-13-3.25305E+00-7.47045E-13
 -1        53 3.13557E+01-1.61883E+01-9.30532E+00-1.23124E-12-3.25305E+00 2.08929E-12
 -1        54 3.13557E+01-1.61883E+01-9.30532E+00 3.70890E-13-3.25305E+00-1.68411E-12
 -1        55 3.13557E+01-1.61883E+01-9.30532E+00-7.41734E-13-3.25305E+00 4.70221E-13
 -1        56 4.74028E+01 1.79621E+00 3.00566E+01-3.87294E-13-1.16176E+01 2.65087E-12
 -1        57 4.74028E+01 1.79621E+00 3.00566E+01-1.80309E-13-1.16176E+01-8.23017E-13
 -1        58 4.74028E+01 1.79621E+00 3.00566E+01-1.43594E-12-1.16176E+01 3.31791E-12
 -1        59 4.74028E+01 1.79621E+00 3.00566E+01 1.62801E-13-1.16176E+01-2.85965E-12
 -1        60 4.74028E+01 1.79621E+00 3.00566E+01-4.44724E-13-1.16176E+01 5.14046E-12
 -1        61 4.74028E+01 1.79621E+00 3.00566E+01-1.17095E-12-1.16176E+01-3.64102E-12
 -1        62 4.74028E+01 1.79621E+00 3.00566E+01 1.67550E-12-1.16176E+01-3.67821E-12
 -1        63 4.74028E+01 1.79621E+00 3.00566E+01 7.52178E-13-1.16176E+01 5.99439E-12
 -1        64 4.74028E+01 1.79621E+00 3.00566E+01-1.51004E-12-1.16176E+01-6.54719E-12
 -1        65 4.74028E+01 1.79621E+00 3.00566E+01 8.78772E-13-1.16176E+01-5.08512E-12
 -1        66 4.74028E+01 1.79621E+00 3.00566E+01 1.10638E-12-1.16176E+01 2.81421E-14
 -1        67 7.02528E+01 1.46293E+01 6.83238E+00-6.26541E-16-1.79600E+00 2.00522E-12
 -1        68 7.02528E+01 1.46293E+01 6.83238E+00 3.21017E-13-1.79600E+00-2.09753E-13
 -1        69 7.02528E+01 1.46293E+01 6.83238E+00 5.69856E-13-1.79600E+00 2.62366E-12
 -1        70 7.02528E+01 1.46293E+01 6.83238E+00-6.25796E-13-1.79600E+00 6.14592E-13
 -1        71 7.02528E+01 1.46293E+01 6.83238E+00-1.07271E-12-1.79600E+00-3.73040E-12
 -1        72 7.02528E+01 1.46293E+01 6.83238E+00 4.92314E-13-1.79600E+00 6.47212E-12
 -1        73 7.02528E+01 1.46293E+01 6.83238E+00 3.16108E-13-1.79600E+00-4.87671E-12
 -1        74 7.02528E+01 1.46293E+01 6.83238E+00 8.07779E-14-1.79600E+00-1.33563E-13
 -1        75 7.02528E+01 1.46293E+01 6.83238E+00-1.33395E-12-1.79600E+00-4.38008E-13
 -1        76 7.02528E+01 1.46293E+01 6.83238E+00 2.13885E-12-1.79600E+00 2.42131E-12
 -1        77 7.02528E+01 1.46293E+01 6.83238E+00-6.52369E-15-1.79600E+00 4.07298E-12
 -1        78 7.06782E+01 1.11993E+01 5.32908E+00 4.53087E-13-2.91715E+00-3.31276E-12
 -1        79 7.06782E+01 1.11993E+01 5.32908E+00-5.43411E-13-2.91715E+00 2.32579E-12
 -1        80 7.06782E+01 1.11993E+01 5.32908E+00-4.86892E-13-2.91715E+00-2.55145E-12
 -1        81 7.06782E+01 1.11993E+01 5.32908E+00-2.58531E-12-2.91715E+00-4.76625E-13
 -1        82 7.06782E+01 1.11993E+01 5.32908E+00 1.04381E-12-2.91715E+00 1.16670E-12
 -1        83 7.06782E+01 1.11993E+01 5.32908E+00 1.47315E-12-2.91715E+00 1.30792E-12
 -1        84 7.06782E+01 1.11993E+01 5.32908E+00 6.56028E-13-2.91715E+00 4.99576E-13
 -1        85 7.06782E+01 1.11993E+01 5.32908E+00 8.31094E-13-2.91715E+00-1.51079E-12
 -1        86 7.06782E+01 1.11993E+01 5.32908E+00-3.40906E-12-2.91715E+00 1.13648E-13
 -1        87 7.06782E+01 1.11993E+01 5.32908E+00 1.37166E-12-2.91715E+00-2.56643E-12
 -1        88 7.06782E+01 1.11993E+01 5.32908E+00 2.02556E-12-2.91715E+00-7.56808E-13
 -1        89 8.54746E+01 2.31645E+01 3.13965E+01 3.39066E-12-1.46641E+01-5.58731E-13
 -1        90 8.54746E+01 2.31645E+01 3.13965E+01 1.27511E-12-1.46641E+01-2.11794E-12
 -1        91 8.54746E+01 2.31645E+01 3.13965E+01 7.07995E-13-1.46641E+01 2.04951E-12
 -1        92 8.54746E+01 2.31645E+01 3.13965E+01-3.35001E-13-1.46641E+01 2.19600E-12
 -1        93 8.54746E+01 2.31645E+01 3.13965E+01 2.36735E-12-1.46641E+01-2.72602E-12
 -1        94 8.54746E+01 2.31645E+01 3.13965E+01-3.28769E-12-1.46641E+01-1.39619E-12
 -1        95 8.54746E+01 2.31645E+01 3.13965E+01 8.52529E-13-1.46641E+01 1.29889E-12
 -1        96 8.54746E+01 2.31645E+01 3.13965E+01 4.58443E-12-1.46641E+01 4.65743E-13
 -1        97 8.54746E+01 2.31645E+01 3.13965E+01-1.71538E-12-1.46641E+01-4.70439E-13
 -1        98 8.54746E+01 2.31645E+01 3.13965E+01 4.35384E-13-1.46641E+01-3.03662E-12
 -1        99 8.54746E+01 2.31645E+01 3.13965E+01 4.43335E-14-1.46641E+01 4.94687E-13
 -1       100 6.28307E+01 7.55431E+00-2.97544E+01-7.39949E-15-1.22711E+00 5.42357E-13
 -1       101 6.28307E+01 7.55431E+00-2.97544E+01 4.64666E-12-1.22711E+00-3.63483E-12
 -1       102 6.28307E+01 7.55431E+00-2.97544E+01-9.06868E-13-1.22711E+00 2.23026E-12
 -1       103 6.28307E+01 7.55431E+00-2.97544E+01-2.33305E-13-1.22711E+00-1.60931E-13
 -1       104 6.28307E+01 7.55431E+00-2.97544E+01 2.44682E-12-1.22711E+00-6.46916E-12
 -1       105 6.28307E+01 7.55431E+00-2.97544E+01-3.61588E-12-1.22711E+00 9.65696E-12
 -1       106 6.28307E+01 7.55431E+00-2.97544E+01 2.37309E-12-1.22711E+00-4.02429E-12
 -1       107 6.28307E+01 7.55431E+00-2.97544E+01-7.24455E-13-1.22711E+00 4.77005E-13
 -1       108 6.28307E+01 7.55431E+00-2.97544E+01 9.21134E-13-1.22711E+00-5.94130E-12
 -1       109 6.28307E+01 7.55431E+00-2.97544E+01-3.76421E-12-1.22711E+00 1.15952E-11
 -1       110 6.28307E+01 7.55431E+00-2.97544E+01-1.09142E-14-1.22711E+00 2.79806E-12
 -1       111 5.77441E+01-1.58787E+00-3.28670E+01-3.47650E-12-2.35948E+00-3.03390E-12
 -1       112 5.77441E+01-1.58787E+00-3.28670E+01 3.44087E-13-2.35948E+00 5.38765E-12
 -1       113 5.77441E+01-1.58787E+00-3.28670E+01-2.32593E-12-2.35948E+00-1.25244E-12
 -1       114 5.77441E+01-1.58787E+00-3.28670E+01 2.05590E-13-2.35948E+00-1.31412E-12
 -1       115 5.77441E+01-1.58787E+00-3.28670E+01 4.75721E-14-2.35948E+00-7.30419E-13
 -1       116 5.77441E+01-1.58787E+00-3.28670E+01 8.22145E-13-2.35948E+00 2.59590E-13
 -1       117 5.77441E+01-1.58787E+00-3.28670E+01 3.14453E-12-2.35948E+00 1.73327E-12
 -1       118 5.77441E+01-1.58787E+00-3.28670E+01 9.32067E-13-2.35948E+00 6.96102E-13
 -1       119 5.77441E+01-1.58787E+00-3.28670E+01-3.07203E-13-2.35948E+00 2.89693E-14
 -1       120 5.77441E+01-1.58787E+00-3.28670E+01-1.63791E-12-2.35948E+00-1.61107E-12
 -1       121 5.77441E+01-1.58787E+00-3.28670E+01 1.17603E-12-2.35948E+00 2.69573E-12
 -1       122 6.70867E+01 4.48635E+00-2.16775E+01 3.47515E-12-9.50919E+00 1.48469E-12
 -1       123 6.70867E+01 4.48635E+00-2.16775E+01 1.42219E-12-9.50919E+00 6.96000E-14
 -1       124 6.70867E+01 4.48635E+00-2.16775E+01-3.80954E-12-9.50919E+00-1.78248E-12
 -1       125 6.70867E+01 4.48635E+00-2.16775E+01-1.12078E-12-9.50919E+00 1.07542E-11
 -1       126 6.70867E+01 4.48635E+00-2.16775E+01 1.82384E-13-9.50919E+00-8.61256E-12
 -1       127 6.70867E+01 4.48635E+00-2.16775E+01 9.69362E-13-9.50919E+00 8.73141E-13
 -1       128 6.70867E+01 4.48635E+00-2.16775E+01-1.89702E-13-9.50919E+00 4.74278E-12
 -1       129 6.70867E+01 4.48635E+00-2.16775E+01 6.07862E-12-9.50919E+00-4.75383E-12
 -1       130 6.70867E+01 4.48635E+00-2.16775E+01-2.23232E-12-9.50919E+00-1.14483E-12
 -1       131 6.70867E+01 4.48635E+00-2.16775E+01-2.73921E-13-9.50919E+00 7.48864E-13
 -1       132 6.70867E+01 4.48635E+00-2.16775E+01 1.01095E-12-9.50919E+00 2.11618E-12
 -3
    1PSTEP                         7           6           8          
  100CL  102 8.000000000         132                     0    2           1
 -4  PE          1    1
 -5  PE          1    1    0    0
 -1         1 2.56990E-03
 -1         2 2.56990E-03
 -1         3 2.56990E-03
 -1         4 2.56990E-03
 -1         5 2.56990E-03
 -1         6 2.56990E-03
 -1         7 2.56990E-03
 -1         8 2.56990E-03
 -1         9 2.56990E-03
 -1        10 2.56990E-03
 -1        11 2.56990E-03
 -1        12 2.56990E-03
 -1        13 2.56990E-03
 -1        14 2.56990E-03
 -1        15 2.56990E-03
 -1        16 2.56990E-03
 -1        17 2.56990E-03
 -1        18 2.56990E-03
 -1        19 2.56990E-03
 -1        20 2.56990E-03
 -1        21 2.56990E-03
 -1        22 2.56990E-03
 -1        23 2.56990E-03
 -1        24 2.56990E-03
 -1        25 2.56990E-03
 -1        26 2.56990E-03
 -1        27 2.56990E-03
 -1        28 2.56990E-03
 -1        29 2.56990E-03
 -1        30 2.56990E-03
 -1        31 2.56990E-03
 -1        32 2.56990E-03
 -1        33 2.56990E-03
 -1        34 2.56990E-03
 -1        35 2.56990E-03
 -1        36 2.56990E-03
 -1        37 2.56990E-03
 -1        38 2.56990E-03
 -1        39 2.56990E-03
 -1        40 2.56990E-03
 -1        41 2.56990E-03
 -1        42 2.56990E-03
 -1        43 2.56990E-03
 -1        44 2.56990E-03
 -1        45 2.56990E-03
 -1        46 2.56990E-03
 -1        47 2.56990E-03
 -1        48 2.56990E-03
 -1        49 2.56990E-03
 -1        50 2.56990E-03
 -1        51 2.56990E-03
 -1        52 2.56990E-03
 -1        53 2.56990E-03
 -1        54 2.56990E-03
 -1        55 2.56990E-03
 -1        56 2.56990E-03
 -1        57 2.56990E-03
 -1        58 2.56990E-03
 -1        59 2.56990E-03
 -1        60 2.56990E-03
 -1        61 2.56990E-03
 -1        62 2.56990E-03
 -1        63 2.56990E-03
 -1        64 2.56990E-03
 -1        65 2.56990E-03
 -1        66 2.56990E-03
 -1        67 2.30701E-03
 -1        68 2.30701E-03
 -1        69 2.30701E-03
 -1        70 2.30701E-03
 -1        71 2.30701E-03
 -1        72 2.30701E-03
 -1        73 2.30701E-03
 -1        74 2.30701E-03
 -1        75 2.30701E-03
 -1        76 2.30701E-03
 -1        77 2.30701E-03
 -1        78 2.29841E-03
 -1        79 2.29841E-03
 -1        80 2.29841E-03
 -1        81 2.29841E-03
 -1        82 2.29841E-03
 -1        83 2.29841E-03
 -1        84 2.29841E-03
 -1        85 2.29841E-03
 -1        86 2.29841E-03
 -1        87 2.29841E-03
 -1        88 2.29841E-03
 -1        89 2.30568E-03
 -1        90 2.30568E-03
 -1        91 2.30568E-03
 -1        92 2.30568E-03
 -1        93 2.30568E-03
 -1        94 2.30568E-03
 -1        95 2.30568E-03
 -1        96 2.30568E-03
 -1        97 2.30568E-03
 -1        98 2.30568E-03
 -1        99 2.30568E-03
 -1       100 2.08910E-03
 -1       101 2.08910E-03
 -1       102 2.08910E-03
 -1       103 2.08910E-03
 -1       104 2.08910E-03
 -1       105 2.08910E-03
 -1       106 2.08910E-03
 -1       107 2.08910E-03
 -1       108 2.08910E-03
 -1       109 2.08910E-03
 -1       110 2.08910E-03
 -1       111 2.09045E-03
 -1       112 2.09045E-03
 -1       113 2.09045E-03
 -1       114 2.09045E-03
 -1       115 2.09045E-03
 -1       116 2.09045E-03
 -1       117 2.09045E-03
 -1       118 2.09045E-03
 -1       119 2.09045E-03
 -1       120 2.09045E-03
 -1       121 2.09045E-03
 -1       122 2.11301E-03
 -1       123 2.11301E-03
 -1       124 2.11301E-03
 -1       125 2.11301E-03
 -1       126 2.11301E-03
 -1       127 2.11301E-03
 -1       128 2.11301E-03
 -1       129 2.11301E-03
 -1       130 2.11301E-03
 -1       131 2.11301E-03
 -1       132 2.11301E-03
 -3
    1PSTEP                         8           6           8          
  100CL  102 8.000000000         132                     0    2           1
 -4  ERROR       1    1
 -5  STR(%)      1    1    0    0
 -1         1 3.10799E+00
 -1         2 3.10799E+00
 -1         3 3.10799E+00
 -1         4 3.10799E+00
 -1         5 3.10799E+00
 -1         6 3.10799E+00
 -1         7 3.10799E+00
 -1         8 3.10799E+00
 -1         9 3.10799E+00
 -1        10 3.10799E+00
 -1        11 3.10799E+00
 -1        12 1.10583E+01
 -1        13 1.10583E+01
 -1        14 1.10583E+01
 -1        15 1.10583E+01
 -1        16 1.10583E+01
 -1        17 1.10583E+01
 -1        18 1.10583E+01
 -1        19 1.10583E+01
 -1        20 1.10583E+01
 -1        21 1.10583E+01
 -1        22 1.10583E+01
 -1        23 1.10583E+01
 -1        24 1.10583E+01
 -1        25 1.10583E+01
 -1        26 1.10583E+01
 -1        27 1.10583E+01
 -1        28 1.10583E+01
 -1        29 1.10583E+01
 -1        30 1.10583E+01
 -1        31 1.10583E+01
 -1        32 1.10583E+01
 -1        33 1.10583E+01
 -1        34 4.11719E+00
 -1        35 4.11719E+00
 -1        36 4.11719E+00
 -1        37 4.11719E+00
 -1        38 4.11719E+00
 -1        39 4.11719E+00
 -1        40 4.11719E+00
 -1        41 4.11719E+00
 -1        42 4.11719E+00
 -1        43 4.11719E+00
 -1        44 4.11719E+00
 -1        45 2.42274E+01
 -1        46 2.42274E+01
 -1        47 2.42274E+01
 -1        48 2.42274E+01
 -1        49 2.42274E+01
 -1        50 2.42274E+01
 -1        51 2.42274E+01
 -1        52 2.42274E+01
 -1        53 2.42274E+01
 -1        54 2.42274E+01
 -1        55 2.42274E+01
 -1        56 2.42274E+01
 -1        57 2.42274E+01
 -1        58 2.42274E+01
 -1        59 2.42274E+01
 -1        60 2.42274E+01
 -1        61 2.42274E+01
 -1        62 2.42274E+01
 -1        63 2.42274E+01
 -1        64 2.42274E+01
 -1        65 2.42274E+01
 -1        66 2.42274E+01
 -1        67 1.91358E+01
 -1        68 1.91358E+01
 -1        69 1.91358E+01
 -1        70 1.91358E+01
 -1        71 1.91358E+01
 -1        72 1.91358E+01
 -1        73 1.91358E+01
 -1        74 1.91358E+01
 -1        75 1.91358E+01
 -1        76 1.91358E+01
 -1        77 1.91358E+01
 -1        78 3.30688E+01
 -1        79 3.30688E+01
 -1        80 3.30688E+01
 -1        81 3.30688E+01
 -1        82 3.30688E+01
 -1        83 3.30688E+01
 -1        84 3.30688E+01
 -1        85 3.30688E+01
 -1        86 3.30688E+01
 -1        87 3.30688E+01
 -1        88 3.30688E+01
 -1        89 3.30688E+01
 -1        90 3.30688E+01
 -1        91 3.30688E+01
 -1        92 3.30688E+01
 -1        93 3.30688E+01
 -1        94 3.30688E+01
 -1        95 3.30688E+01
 -1        96 3.30688E+01
 -1        97 3.30688E+01
 -1        98 3.30688E+01
 -1        99 3.30688E+01
 -1       100 1.91358E+01
 -1       101 1.91358E+01
 -1       102 1.91358E+01
 -1       103 1.91358E+01
 -1       104 1.91358E+01
 -1       105 1.91358E+01
 -1       106 1.91358E+01
 -1       107 1.91358E+01
 -1       108 1.91358E+01
 -1       109 1.91358E+01
 -1       110 1.91358E+01
 -1       111 3.30688E+01
 -1       112 3.30688E+01
 -1       113 3.30688E+01
 -1       114 3.30688E+01
 -1       115 3.30688E+01
 -1       116 3.30688E+01
 -1       117 3.30688E+01
 -1       118 3.30688E+01
 -1       119 3.30688E+01
 -1       120 3.30688E+01
 -1       121 3.30688E+01
 -1       122 3.30688E+01
 -1       123 3.30688E+01
 -1       124 3.30688E+01
 -1       125 3.30688E+01
 -1       126 3.30688E+01
 -1       127 3.30688E+01
 -1       128 3.30688E+01
 -1       129 3.30688E+01
 -1       130 3.30688E+01
 -1       131 3.30688E+01
 -1       132 3.30688E+01
 -3
 9999
