SUMMARY OF C0NVERGENCE INFORMATION
  STEP   INC  ATT   ITER     CONT.   RESID.        CORR.      RESID.      CORR.
                              EL.    FORCE         DISP       FLUX        TEMP.
                              (#)     (%)           (%)        (%)         (%)
     7     1     1     1        0  0.9088E-02  0.1000E+03  0.0000E+00  0.0000E+00
     7     1     1     2        0  0.0000E+00  0.1765E-01  0.0000E+00  0.0000E+00
     7     2     1     1        0  0.0000E+00  0.1794E-04  0.0000E+00  0.0000E+00
     7     2     1     2        0  0.0000E+00  0.1076E-08  0.0000E+00  0.0000E+00
     7     3     1     1        0  0.0000E+00  0.2243E-04  0.0000E+00  0.0000E+00
     7     3     1     2        0  0.0000E+00  0.7624E-09  0.0000E+00  0.0000E+00
     7     4     1     1        0  0.0000E+00  0.3364E-04  0.0000E+00  0.0000E+00
     7     4     1     2        0  0.0000E+00  0.6133E-09  0.0000E+00  0.0000E+00
     7     5     1     1        0  0.0000E+00  0.4261E-04  0.0000E+00  0.0000E+00
     7     5     1     2        0  0.0000E+00  0.3782E-09  0.0000E+00  0.0000E+00
     7     6     1     1        0  0.0000E+00  0.3813E-04  0.0000E+00  0.0000E+00
     7     6     1     2        0  0.0000E+00  0.6891E-09  0.0000E+00  0.0000E+00
     8     1     1     1        0  0.9328E-02  0.1000E+03  0.0000E+00  0.0000E+00
     8     1     1     2        0  0.0000E+00  0.1750E-01  0.0000E+00  0.0000E+00
     8     2     1     1        0  0.0000E+00  0.1794E-04  0.0000E+00  0.0000E+00
     8     2     1     2        0  0.0000E+00  0.1408E-08  0.0000E+00  0.0000E+00
     8     3     1     1        0  0.0000E+00  0.2243E-04  0.0000E+00  0.0000E+00
     8     3     1     2        0  0.0000E+00  0.8017E-09  0.0000E+00  0.0000E+00
     8     4     1     1        0  0.0000E+00  0.3364E-04  0.0000E+00  0.0000E+00
     8     4     1     2        0  0.0000E+00  0.4659E-09  0.0000E+00  0.0000E+00
     8     5     1     1        0  0.0000E+00  0.4261E-04  0.0000E+00  0.0000E+00
     8     5     1     2        0  0.0000E+00  0.4553E-09  0.0000E+00  0.0000E+00
     8     6     1     1        0  0.0000E+00  0.3813E-04  0.0000E+00  0.0000E+00
     8     6     1     2        0  0.0000E+00  0.3366E-08  0.0000E+00  0.0000E+00
