{'name': 'baseline', 'source': 'surface45', 'properties': 'nominal', 'mesh': 'baseline', 'dt': 0.1}
{"time_s": 0.1, "peak_c": 468.648, "deposit_mm3": 0.22619, "energy_residual_j": -3.4628300227268483e-09, "wall_s": 0.06}
{"time_s": 5.1, "peak_c": 1418.679, "deposit_mm3": 11.53593, "energy_residual_j": -3.969944373238832e-09, "wall_s": 3.24}
{"time_s": 10.1, "peak_c": 1473.454, "deposit_mm3": 22.84566, "energy_residual_j": -4.2136889533139765e-09, "wall_s": 6.9}
{"time_s": 15.1, "peak_c": 1492.016, "deposit_mm3": 34.1554, "energy_residual_j": -8.123661245917901e-07, "wall_s": 10.47}
{"time_s": 20.1, "peak_c": 1504.937, "deposit_mm3": 45.46513, "energy_residual_j": -8.179467840818688e-07, "wall_s": 13.6}
{"time_s": 25.1, "peak_c": 1511.228, "deposit_mm3": 56.77486, "energy_residual_j": -8.181414159480482e-07, "wall_s": 16.83}
{"time_s": 30.1, "peak_c": 1514.931, "deposit_mm3": 68.0846, "energy_residual_j": -1.2512791727203876e-06, "wall_s": 20.17}
{"time_s": 35.1, "peak_c": 1516.39, "deposit_mm3": 79.39433, "energy_residual_j": -1.6784379113232717e-06, "wall_s": 23.24}
{"time_s": 40.1, "peak_c": 1517.269, "deposit_mm3": 90.47787, "energy_residual_j": -1.6787307686172426e-06, "wall_s": 26.25}
{"time_s": 45.1, "peak_c": 1517.269, "deposit_mm3": 90.47787, "energy_residual_j": -4.18425042880699e-06, "wall_s": 28.84}
{"time_s": 50.1, "peak_c": 1517.269, "deposit_mm3": 90.47787, "energy_residual_j": -4.196504960418679e-06, "wall_s": 31.18}
{"time_s": 55.1, "peak_c": 1517.269, "deposit_mm3": 90.47787, "energy_residual_j": -4.199559043627232e-06, "wall_s": 33.57}
{"time_s": 60.0, "peak_c": 1517.269, "deposit_mm3": 90.47787, "energy_residual_j": -4.201070623821579e-06, "wall_s": 35.77}
{'name': 'shallow45', 'source': 'shallow45', 'properties': 'nominal', 'mesh': 'baseline', 'dt': 0.1}
{"time_s": 0.1, "peak_c": 462.76, "deposit_mm3": 0.22619, "energy_residual_j": -2.9581741500805947e-09, "wall_s": 0.07}
{"time_s": 5.1, "peak_c": 1400.946, "deposit_mm3": 11.53593, "energy_residual_j": -3.4033291740342975e-09, "wall_s": 3.14}
{"time_s": 10.1, "peak_c": 1451.628, "deposit_mm3": 22.84566, "energy_residual_j": -1.489974238211289e-06, "wall_s": 6.13}
{"time_s": 15.1, "peak_c": 1473.53, "deposit_mm3": 34.1554, "energy_residual_j": -1.8914461179520003e-06, "wall_s": 9.55}
{"time_s": 20.1, "peak_c": 1486.991, "deposit_mm3": 45.46513, "energy_residual_j": -2.7279511414235458e-06, "wall_s": 12.98}
{"time_s": 25.1, "peak_c": 1493.921, "deposit_mm3": 56.77486, "energy_residual_j": -2.7283240342512727e-06, "wall_s": 16.21}
{"time_s": 30.1, "peak_c": 1497.879, "deposit_mm3": 68.0846, "energy_residual_j": -3.1459785532206297e-06, "wall_s": 19.2}
{"time_s": 35.1, "peak_c": 1499.386, "deposit_mm3": 79.39433, "energy_residual_j": -3.5652046790346503e-06, "wall_s": 22.17}
{"time_s": 40.1, "peak_c": 1500.292, "deposit_mm3": 90.47787, "energy_residual_j": -3.986468072980642e-06, "wall_s": 25.12}
{"time_s": 45.1, "peak_c": 1500.292, "deposit_mm3": 90.47787, "energy_residual_j": -6.473905159509741e-06, "wall_s": 27.92}
{"time_s": 50.1, "peak_c": 1500.292, "deposit_mm3": 90.47787, "energy_residual_j": -6.486436177510768e-06, "wall_s": 30.3}
{"time_s": 55.1, "peak_c": 1500.292, "deposit_mm3": 90.47787, "energy_residual_j": -6.489519364549778e-06, "wall_s": 32.92}
{"time_s": 60.0, "peak_c": 1500.292, "deposit_mm3": 90.47787, "energy_residual_j": -6.491050953627564e-06, "wall_s": 35.53}
{'name': 'surface30', 'source': 'surface30', 'properties': 'nominal', 'mesh': 'baseline', 'dt': 0.1}
{"time_s": 0.1, "peak_c": 515.998, "deposit_mm3": 0.22619, "energy_residual_j": -8.978005894277885e-09, "wall_s": 0.08}
{"time_s": 5.1, "peak_c": 1345.998, "deposit_mm3": 11.53593, "energy_residual_j": -1.0010808182414621e-08, "wall_s": 3.17}
{"time_s": 10.1, "peak_c": 1396.282, "deposit_mm3": 22.84566, "energy_residual_j": -1.0280018614139408e-08, "wall_s": 6.96}
{"time_s": 15.1, "peak_c": 1413.321, "deposit_mm3": 34.1554, "energy_residual_j": -1.0554686014074832e-08, "wall_s": 10.82}
{"time_s": 20.1, "peak_c": 1426.169, "deposit_mm3": 45.46513, "energy_residual_j": -1.0786607163026929e-08, "wall_s": 14.75}
{"time_s": 25.1, "peak_c": 1433.148, "deposit_mm3": 56.77486, "energy_residual_j": -4.50201696367003e-07, "wall_s": 18.73}
{"time_s": 30.1, "peak_c": 1436.932, "deposit_mm3": 68.0846, "energy_residual_j": -9.006871550809592e-07, "wall_s": 21.87}
{"time_s": 35.1, "peak_c": 1438.444, "deposit_mm3": 79.39433, "energy_residual_j": -1.3471471902448684e-06, "wall_s": 24.84}
{"time_s": 40.1, "peak_c": 1439.302, "deposit_mm3": 90.47787, "energy_residual_j": -1.7954589566215873e-06, "wall_s": 27.86}
{"time_s": 45.1, "peak_c": 1439.302, "deposit_mm3": 90.47787, "energy_residual_j": -4.935027391184121e-06, "wall_s": 30.4}
{"time_s": 50.1, "peak_c": 1439.302, "deposit_mm3": 90.47787, "energy_residual_j": -4.963740138919093e-06, "wall_s": 32.71}
{"time_s": 55.1, "peak_c": 1439.302, "deposit_mm3": 90.47787, "energy_residual_j": -4.967710992787033e-06, "wall_s": 35.03}
{"time_s": 60.0, "peak_c": 1439.302, "deposit_mm3": 90.47787, "energy_residual_j": -4.969655492459424e-06, "wall_s": 37.44}
{'name': 'properties-lower', 'source': 'surface45', 'properties': 'lower', 'mesh': 'baseline', 'dt': 0.1}
{"time_s": 0.1, "peak_c": 590.886, "deposit_mm3": 0.22619, "energy_residual_j": -2.0015633594994142e-08, "wall_s": 0.07}
{"time_s": 5.1, "peak_c": 1847.044, "deposit_mm3": 11.53593, "energy_residual_j": -2.4940618459368125e-08, "wall_s": 3.29}
{"time_s": 10.1, "peak_c": 1900.045, "deposit_mm3": 22.84566, "energy_residual_j": -2.6735506253317e-08, "wall_s": 6.48}
{"time_s": 15.1, "peak_c": 1919.285, "deposit_mm3": 34.1554, "energy_residual_j": -5.0989001465495676e-08, "wall_s": 9.74}
{"time_s": 20.1, "peak_c": 1932.451, "deposit_mm3": 45.46513, "energy_residual_j": -5.1255483413115144e-08, "wall_s": 12.94}
{"time_s": 25.1, "peak_c": 1938.675, "deposit_mm3": 56.77486, "energy_residual_j": -5.182300810702145e-08, "wall_s": 15.94}
{"time_s": 30.1, "peak_c": 1941.377, "deposit_mm3": 68.0846, "energy_residual_j": -5.3041731007397175e-08, "wall_s": 19.01}
{"time_s": 35.1, "peak_c": 1942.488, "deposit_mm3": 79.39433, "energy_residual_j": -6.226400728337467e-08, "wall_s": 22.13}
{"time_s": 40.1, "peak_c": 1943.329, "deposit_mm3": 90.47787, "energy_residual_j": -7.795279088895768e-08, "wall_s": 25.52}
{"time_s": 45.1, "peak_c": 1943.329, "deposit_mm3": 90.47787, "energy_residual_j": -3.4996919566765428e-06, "wall_s": 28.75}
{"time_s": 50.1, "peak_c": 1943.329, "deposit_mm3": 90.47787, "energy_residual_j": -3.541814294294454e-06, "wall_s": 31.33}
{"time_s": 55.1, "peak_c": 1943.329, "deposit_mm3": 90.47787, "energy_residual_j": -3.5478697100188583e-06, "wall_s": 33.79}
{"time_s": 60.0, "peak_c": 1943.329, "deposit_mm3": 90.47787, "energy_residual_j": -3.5498305805958807e-06, "wall_s": 36.18}
{'name': 'properties-upper', 'source': 'surface45', 'properties': 'upper', 'mesh': 'baseline', 'dt': 0.1}
{"time_s": 0.1, "peak_c": 422.801, "deposit_mm3": 0.22619, "energy_residual_j": -6.543103836520459e-10, "wall_s": 0.07}
{"time_s": 5.1, "peak_c": 1168.424, "deposit_mm3": 11.53593, "energy_residual_j": -4.023991095891688e-07, "wall_s": 3.17}
{"time_s": 10.1, "peak_c": 1217.122, "deposit_mm3": 22.84566, "energy_residual_j": -3.0726932891411707e-06, "wall_s": 6.08}
{"time_s": 15.1, "peak_c": 1237.67, "deposit_mm3": 34.1554, "energy_residual_j": -6.8049175752094015e-06, "wall_s": 8.95}
{"time_s": 20.1, "peak_c": 1250.403, "deposit_mm3": 45.46513, "energy_residual_j": -1.0984687833115458e-05, "wall_s": 11.83}
{"time_s": 25.1, "peak_c": 1258.102, "deposit_mm3": 56.77486, "energy_residual_j": -1.466807589167729e-05, "wall_s": 14.7}
{"time_s": 30.1, "peak_c": 1262.25, "deposit_mm3": 68.0846, "energy_residual_j": -1.7171905710711144e-05, "wall_s": 17.71}
{"time_s": 35.1, "peak_c": 1264.128, "deposit_mm3": 79.39433, "energy_residual_j": -2.0989626136724837e-05, "wall_s": 20.75}
{"time_s": 40.1, "peak_c": 1265.597, "deposit_mm3": 90.47787, "energy_residual_j": -2.4833869247231632e-05, "wall_s": 23.8}
{"time_s": 45.1, "peak_c": 1265.597, "deposit_mm3": 90.47787, "energy_residual_j": -2.649669477250427e-05, "wall_s": 26.53}
{"time_s": 50.1, "peak_c": 1265.597, "deposit_mm3": 90.47787, "energy_residual_j": -2.6503583285375498e-05, "wall_s": 29.03}
{"time_s": 55.1, "peak_c": 1265.597, "deposit_mm3": 90.47787, "energy_residual_j": -2.650589703989681e-05, "wall_s": 31.66}
{"time_s": 60.0, "peak_c": 1265.597, "deposit_mm3": 90.47787, "energy_residual_j": -2.6507070288062096e-05, "wall_s": 34.13}
{'name': 'coarse', 'source': 'surface45', 'properties': 'nominal', 'mesh': 'coarse', 'dt': 0.1}
{"time_s": 0.1, "peak_c": 429.071, "deposit_mm3": 0.22619, "energy_residual_j": -2.39135289348269e-09, "wall_s": 0.04}
{"time_s": 5.1, "peak_c": 1379.617, "deposit_mm3": 11.53593, "energy_residual_j": -2.737579052336514e-09, "wall_s": 2.11}
{"time_s": 10.1, "peak_c": 1425.909, "deposit_mm3": 22.84566, "energy_residual_j": -2.9449438443407416e-09, "wall_s": 4.12}
{"time_s": 15.1, "peak_c": 1444.115, "deposit_mm3": 34.1554, "energy_residual_j": -4.462890501599759e-09, "wall_s": 6.14}
{"time_s": 20.1, "peak_c": 1462.156, "deposit_mm3": 45.46513, "energy_residual_j": -2.9793227440677583e-08, "wall_s": 8.17}
{"time_s": 25.1, "peak_c": 1471.069, "deposit_mm3": 56.77486, "energy_residual_j": -5.5746568250469863e-08, "wall_s": 10.23}
{"time_s": 30.1, "peak_c": 1475.737, "deposit_mm3": 68.0846, "energy_residual_j": -8.219467417802662e-08, "wall_s": 12.47}
{"time_s": 35.1, "peak_c": 1477.663, "deposit_mm3": 79.39433, "energy_residual_j": -1.0861185728572309e-07, "wall_s": 14.64}
{"time_s": 40.1, "peak_c": 1478.759, "deposit_mm3": 90.47787, "energy_residual_j": -1.3802855391986668e-07, "wall_s": 16.61}
{"time_s": 45.1, "peak_c": 1478.759, "deposit_mm3": 90.47787, "energy_residual_j": -1.9442431948846206e-06, "wall_s": 18.39}
{"time_s": 50.1, "peak_c": 1478.759, "deposit_mm3": 90.47787, "energy_residual_j": -1.9566523405956104e-06, "wall_s": 20.01}
{"time_s": 55.1, "peak_c": 1478.759, "deposit_mm3": 90.47787, "energy_residual_j": -1.9596609490690753e-06, "wall_s": 21.63}
{"time_s": 60.0, "peak_c": 1478.759, "deposit_mm3": 90.47787, "energy_residual_j": -1.9608651200542226e-06, "wall_s": 23.11}
{'name': 'medium', 'source': 'surface45', 'properties': 'nominal', 'mesh': 'medium', 'dt': 0.1}
{"time_s": 0.1, "peak_c": 465.804, "deposit_mm3": 0.22619, "energy_residual_j": -3.135411930088594e-09, "wall_s": 0.13}
{"time_s": 5.1, "peak_c": 1421.987, "deposit_mm3": 11.53593, "energy_residual_j": -3.6484379961621016e-09, "wall_s": 6.3}
{"time_s": 10.1, "peak_c": 1474.859, "deposit_mm3": 22.84566, "energy_residual_j": -4.066350811626762e-09, "wall_s": 12.75}
{"time_s": 15.1, "peak_c": 1496.035, "deposit_mm3": 34.1554, "energy_residual_j": -4.435605660546571e-09, "wall_s": 18.74}
{"time_s": 20.1, "peak_c": 1507.152, "deposit_mm3": 45.46513, "energy_residual_j": -3.5382981877774e-08, "wall_s": 24.7}
{"time_s": 25.1, "peak_c": 1512.815, "deposit_mm3": 56.77486, "energy_residual_j": -6.864574970677495e-07, "wall_s": 30.64}
{"time_s": 30.1, "peak_c": 1516.037, "deposit_mm3": 68.0846, "energy_residual_j": -2.309474439243786e-06, "wall_s": 36.78}
{"time_s": 35.1, "peak_c": 1517.784, "deposit_mm3": 79.39433, "energy_residual_j": -3.947037839679979e-06, "wall_s": 42.83}
{"time_s": 40.1, "peak_c": 1518.62, "deposit_mm3": 90.47787, "energy_residual_j": -5.576221155934036e-06, "wall_s": 48.95}
{"time_s": 45.1, "peak_c": 1518.62, "deposit_mm3": 90.47787, "energy_residual_j": -9.079441952053457e-06, "wall_s": 54.32}
{"time_s": 50.1, "peak_c": 1518.62, "deposit_mm3": 90.47787, "energy_residual_j": -9.091552783502266e-06, "wall_s": 59.12}
{"time_s": 55.1, "peak_c": 1518.62, "deposit_mm3": 90.47787, "energy_residual_j": -9.094193956116214e-06, "wall_s": 63.86}
{"time_s": 60.0, "peak_c": 1518.62, "deposit_mm3": 90.47787, "energy_residual_j": -9.095338100451045e-06, "wall_s": 68.58}
{'name': 'fine', 'source': 'surface45', 'properties': 'nominal', 'mesh': 'fine', 'dt': 0.1}
{"time_s": 0.1, "peak_c": 499.602, "deposit_mm3": 0.22619, "energy_residual_j": -3.0645495030512393e-09, "wall_s": 1.07}
{"time_s": 5.1, "peak_c": 1437.962, "deposit_mm3": 11.53593, "energy_residual_j": -5.772490567323985e-06, "wall_s": 48.95}
{"time_s": 10.1, "peak_c": 1486.91, "deposit_mm3": 22.84566, "energy_residual_j": -1.488214184064418e-05, "wall_s": 93.52}
{"time_s": 15.1, "peak_c": 1509.047, "deposit_mm3": 34.1554, "energy_residual_j": -2.055277582257986e-05, "wall_s": 140.46}
{"time_s": 20.1, "peak_c": 1520.097, "deposit_mm3": 45.46513, "energy_residual_j": -2.3872886231401935e-05, "wall_s": 188.36}
{"time_s": 25.1, "peak_c": 1526.35, "deposit_mm3": 56.77486, "energy_residual_j": -2.5847040888038464e-05, "wall_s": 238.87}
{"time_s": 30.1, "peak_c": 1530.085, "deposit_mm3": 68.0846, "energy_residual_j": -2.6689191145123914e-05, "wall_s": 289.57}
{"time_s": 35.1, "peak_c": 1531.487, "deposit_mm3": 79.39433, "energy_residual_j": -2.6689698643167503e-05, "wall_s": 337.75}
{"time_s": 40.1, "peak_c": 1532.351, "deposit_mm3": 90.47787, "energy_residual_j": -2.6721729227574542e-05, "wall_s": 390.02}
{"time_s": 45.1, "peak_c": 1532.351, "deposit_mm3": 90.47787, "energy_residual_j": -3.419369022594765e-05, "wall_s": 427.78}
{"time_s": 50.1, "peak_c": 1532.351, "deposit_mm3": 90.47787, "energy_residual_j": -3.420585380808916e-05, "wall_s": 462.59}
{"time_s": 55.1, "peak_c": 1532.351, "deposit_mm3": 90.47787, "energy_residual_j": -3.420854773139581e-05, "wall_s": 499.88}
{"time_s": 60.0, "peak_c": 1532.351, "deposit_mm3": 90.47787, "energy_residual_j": -3.420989014557563e-05, "wall_s": 533.82}
{'name': 'dt-0.05', 'source': 'surface45', 'properties': 'nominal', 'mesh': 'medium', 'dt': 0.05}
{"time_s": 0.05, "peak_c": 371.972, "deposit_mm3": 0.1131, "energy_residual_j": -1.758948542374128e-10, "wall_s": 0.12}
{"time_s": 5.05, "peak_c": 1425.484, "deposit_mm3": 11.42283, "energy_residual_j": -4.127921783947386e-06, "wall_s": 9.43}
{"time_s": 10.05, "peak_c": 1477.804, "deposit_mm3": 22.73256, "energy_residual_j": -7.534946234954987e-06, "wall_s": 18.31}
{"time_s": 15.05, "peak_c": 1498.569, "deposit_mm3": 34.0423, "energy_residual_j": -1.0304857823939528e-05, "wall_s": 28.36}
{"time_s": 20.05, "peak_c": 1509.288, "deposit_mm3": 45.35203, "energy_residual_j": -1.2635493476409465e-05, "wall_s": 37.36}
{"time_s": 25.05, "peak_c": 1515.066, "deposit_mm3": 56.66177, "energy_residual_j": -1.5147181329666637e-05, "wall_s": 46.73}
{"time_s": 30.05, "peak_c": 1518.343, "deposit_mm3": 67.9715, "energy_residual_j": -1.7390810171491466e-05, "wall_s": 55.4}
{"time_s": 35.05, "peak_c": 1520.098, "deposit_mm3": 79.28123, "energy_residual_j": -1.9776727640419267e-05, "wall_s": 64.14}
{"time_s": 40.05, "peak_c": 1520.974, "deposit_mm3": 90.47787, "energy_residual_j": -2.2333115339279175e-05, "wall_s": 72.77}
{"time_s": 45.05, "peak_c": 1520.974, "deposit_mm3": 90.47787, "energy_residual_j": -2.5066361558856443e-05, "wall_s": 81.01}
{"time_s": 50.05, "peak_c": 1520.974, "deposit_mm3": 90.47787, "energy_residual_j": -2.5069055482163094e-05, "wall_s": 88.55}
{"time_s": 55.05, "peak_c": 1520.974, "deposit_mm3": 90.47787, "energy_residual_j": -2.5070577976293862e-05, "wall_s": 95.98}
{"time_s": 60.0, "peak_c": 1520.974, "deposit_mm3": 90.47787, "energy_residual_j": -2.5071092750295065e-05, "wall_s": 103.19}
{'name': 'dt-0.025', 'source': 'surface45', 'properties': 'nominal', 'mesh': 'medium', 'dt': 0.025}
{"time_s": 0.025, "peak_c": 295.95, "deposit_mm3": 0.05655, "energy_residual_j": -1.5573320411021996e-11, "wall_s": 0.11}
{"time_s": 5.025, "peak_c": 1427.296, "deposit_mm3": 11.36628, "energy_residual_j": -1.672268354013795e-06, "wall_s": 15.3}
{"time_s": 10.025, "peak_c": 1479.315, "deposit_mm3": 22.67602, "energy_residual_j": -2.2428803276852705e-06, "wall_s": 29.92}
{"time_s": 15.025, "peak_c": 1499.934, "deposit_mm3": 33.98575, "energy_residual_j": -2.732188477239106e-06, "wall_s": 44.81}
{"time_s": 20.025, "peak_c": 1510.511, "deposit_mm3": 45.29548, "energy_residual_j": -3.194658347638324e-06, "wall_s": 59.63}
{"time_s": 25.025, "peak_c": 1516.322, "deposit_mm3": 56.60522, "energy_residual_j": -3.6212186387274414e-06, "wall_s": 74.97}
{"time_s": 30.025, "peak_c": 1519.592, "deposit_mm3": 67.91495, "energy_residual_j": -4.059180355397984e-06, "wall_s": 90.42}
{"time_s": 35.025, "peak_c": 1521.339, "deposit_mm3": 79.22468, "energy_residual_j": -4.493034793995321e-06, "wall_s": 105.19}
{"time_s": 40.025, "peak_c": 1522.164, "deposit_mm3": 90.47787, "energy_residual_j": -4.917561454931274e-06, "wall_s": 120.55}
{"time_s": 45.025, "peak_c": 1522.164, "deposit_mm3": 90.47787, "energy_residual_j": -6.302481779130176e-06, "wall_s": 134.64}
{"time_s": 50.025, "peak_c": 1522.164, "deposit_mm3": 90.47787, "energy_residual_j": -6.303418558673002e-06, "wall_s": 148.74}
{"time_s": 55.025, "peak_c": 1522.164, "deposit_mm3": 90.47787, "energy_residual_j": -6.305335773504339e-06, "wall_s": 168.14}
{"time_s": 60.0, "peak_c": 1522.164, "deposit_mm3": 90.47787, "energy_residual_j": -6.307243893388659e-06, "wall_s": 181.11}
