thermal coarse 0.5 5.0 1486.75 24.2
thermal coarse 0.5 10.0 1673.7 48.1
thermal coarse 0.5 22.12 110.93 70.4
thermal coarse 0.5 33.12 956.61 102.1
thermal coarse 0.5 38.12 1624.76 130.0
thermal coarse 0.5 44.24 338.21 157.6
thermal coarse 0.5 61.24 1788.81 185.2
thermal coarse 0.5 66.24 1221.46 212.7
thermal coarse 0.5 71.24 1640.04 242.2
thermal coarse 0.5 86.36 88.1 262.9
thermal coarse 0.5 94.36 1086.3 298.0
thermal coarse 0.5 99.36 1444.11 327.8
thermal coarse 0.5 108.48 161.3 353.5
thermal coarse 0.5 122.48 1277.86 382.5
thermal coarse 0.5 127.48 1665.2 416.1
thermal coarse 0.5 132.48 1134.89 449.2
thermal coarse 0.5 150.61 84.29 468.7
thermal coarse 0.5 155.61 1556.28 510.7
thermal coarse 0.5 160.61 1396.26 545.7
thermal coarse 0.5 172.73 122.57 570.7
thermal coarse 0.5 183.73 772.16 599.1
thermal coarse 0.5 188.73 1685.88 628.8
thermal coarse 0.5 194.85 373.94 660.0
thermal coarse 0.5 211.85 915.69 685.9
thermal coarse 0.5 216.85 1634.33 717.2
thermal coarse 0.5 221.85 940.01 748.4
thermal coarse 0.5 236.97 97.82 769.6
thermal coarse 0.5 244.97 1231.09 809.0
thermal coarse 0.5 249.97 1023.24 845.9
