ELMER SOLVER (v 9.0) STARTED AT: 2026/09/08 09:47:23
ParCommInit: Initialize #PEs: 1
MAIN: 
MAIN: =============================================================
MAIN: ElmerSolver finite element software, Welcome!
MAIN: This program is free software licensed under (L)GPL
MAIN: Copyright 1st April 1995 - , CSC - IT Center for Science Ltd.
MAIN: Webpage http://www.csc.fi/elmer, Email elmeradm@csc.fi
MAIN: Version: 9.0 (Rev: Release, Compiled: 2026-01-20)
MAIN:  Running one task without MPI parallelization.
MAIN:  Running with just one thread per task.
MAIN:  Lua interpreter linked in.
MAIN: =============================================================
MAIN: 
MAIN: 
MAIN: -------------------------------------
MAIN: Reading Model: case.sif
LoadInputFile: Scanning input file: case.sif
LoadInputFile: Scanning only size info
LoadInputFile: First time visiting
LoadInputFile: Reading base load of sif file
LoadInputFile: Loading input file: case.sif
LoadInputFile: Reading base load of sif file
Loading user function library: [ReferenceCallbacks]...[DormantCondition]
Loading user function library: [ReferenceCallbacks]...[BirthSource]
Loading user function library: [ReferenceCallbacks]...[SurfaceFlux]
Loading user function library: [ReferenceCallbacks]...[ReferenceDensity]
Loading user function library: [ReferenceCallbacks]...[SecantCapacity]
Loading user function library: [ReferenceCallbacks]...[ReferenceConductivity]
Loading user function library: [ReferenceCallbacks]...[ReferenceDensity]
Loading user function library: [ReferenceCallbacks]...[SecantCapacity]
Loading user function library: [ReferenceCallbacks]...[ReferenceConductivity]
Loading user function library: [ReferenceCallbacks]...[ReferenceDensity]
Loading user function library: [ReferenceCallbacks]...[SecantCapacity]
Loading user function library: [ReferenceCallbacks]...[ReferenceConductivity]
LoadInputFile: Number of BCs: 1
LoadInputFile: Number of Body Forces: 1
LoadInputFile: Number of Initial Conditions: 1
LoadInputFile: Number of Materials: 3
LoadInputFile: Number of Equations: 1
LoadInputFile: Number of Solvers: 3
LoadInputFile: Number of Bodies: 3
MAIN: 
MAIN: -------------------------------------
MAIN: Time: 1/42:   1.000E-01
MAIN: -------------------------------------
MAIN: 
ComputeChange: NS (ITER=1) (NRM,RELC): (  121.57919      2.0000000     ) :: heat equation
ComputeChange: NS (ITER=2) (NRM,RELC): (  121.57813     0.86995563E-05 ) :: heat equation
ComputeChange: NS (ITER=3) (NRM,RELC): (  121.57813     0.64413031E-08 ) :: heat equation
ComputeChange: NS (ITER=4) (NRM,RELC): (  121.57813     0.47693241E-11 ) :: heat equation
REF time=   0.100 max=   150.000 energy residual=  3.6414E-07
MAIN: 
MAIN: -------------------------------------
MAIN: Time: 2/42:   2.000E-01
MAIN: -------------------------------------
MAIN: 
ComputeChange: NS (ITER=1) (NRM,RELC): (  120.23221     0.11132009E-01 ) :: heat equation
ComputeChange: NS (ITER=2) (NRM,RELC): (  120.23128     0.77253166E-05 ) :: heat equation
ComputeChange: NS (ITER=3) (NRM,RELC): (  120.23128     0.53678668E-08 ) :: heat equation
ComputeChange: NS (ITER=4) (NRM,RELC): (  120.23128     0.37297925E-11 ) :: heat equation
REF time=   0.200 max=   150.000 energy residual= -4.6984E-07
MAIN: 
MAIN: -------------------------------------
MAIN: Time: 3/42:   3.000E-01
MAIN: -------------------------------------
MAIN: 
ComputeChange: NS (ITER=1) (NRM,RELC): (  118.97005     0.10545361E-01 ) :: heat equation
ComputeChange: NS (ITER=2) (NRM,RELC): (  118.96923     0.68783478E-05 ) :: heat equation
ComputeChange: NS (ITER=3) (NRM,RELC): (  118.96923     0.44930057E-08 ) :: heat equation
ComputeChange: NS (ITER=4) (NRM,RELC): (  118.96923     0.29347629E-11 ) :: heat equation
REF time=   0.300 max=   150.000 energy residual= -2.3215E-06
MAIN: 
MAIN: -------------------------------------
MAIN: Time: 4/42:   4.000E-01
MAIN: -------------------------------------
MAIN: 
ComputeChange: NS (ITER=1) (NRM,RELC): (  117.78567     0.99981972E-02 ) :: heat equation
ComputeChange: NS (ITER=2) (NRM,RELC): (  117.78495     0.61397879E-05 ) :: heat equation
ComputeChange: NS (ITER=3) (NRM,RELC): (  117.78495     0.37765430E-08 ) :: heat equation
ComputeChange: NS (ITER=4) (NRM,RELC): (  117.78495     0.23228909E-11 ) :: heat equation
REF time=   0.400 max=   150.000 energy residual= -5.0369E-06
MAIN: 
MAIN: -------------------------------------
MAIN: Time: 5/42:   5.000E-01
MAIN: -------------------------------------
MAIN: 
ComputeChange: NS (ITER=1) (NRM,RELC): (  116.67275     0.94873633E-02 ) :: heat equation
ComputeChange: NS (ITER=2) (NRM,RELC): (  116.67211     0.54938814E-05 ) :: heat equation
ComputeChange: NS (ITER=3) (NRM,RELC): (  116.67211     0.31870892E-08 ) :: heat equation
ComputeChange: NS (ITER=4) (NRM,RELC): (  116.67211     0.18489489E-11 ) :: heat equation
REF time=   0.500 max=   150.000 energy residual= -8.4843E-06
MAIN: 
MAIN: -------------------------------------
MAIN: Time: 6/42:   6.000E-01
MAIN: -------------------------------------
MAIN: 
ComputeChange: NS (ITER=1) (NRM,RELC): (  115.62561     0.90099920E-02 ) :: heat equation
ComputeChange: NS (ITER=2) (NRM,RELC): (  115.62504     0.49274233E-05 ) :: heat equation
ComputeChange: NS (ITER=3) (NRM,RELC): (  115.62504     0.26999858E-08 ) :: heat equation
ComputeChange: NS (ITER=4) (NRM,RELC): (  115.62504     0.14795261E-11 ) :: heat equation
REF time=   0.600 max=   150.000 energy residual= -1.2551E-05
MAIN: 
MAIN: -------------------------------------
MAIN: Time: 7/42:   7.000E-01
MAIN: -------------------------------------
MAIN: 
ComputeChange: NS (ITER=1) (NRM,RELC): (  114.63911     0.85634750E-02 ) :: heat equation
ComputeChange: NS (ITER=2) (NRM,RELC): (  114.63860     0.44293051E-05 ) :: heat equation
ComputeChange: NS (ITER=3) (NRM,RELC): (  114.63860     0.22957575E-08 ) :: heat equation
ComputeChange: NS (ITER=4) (NRM,RELC): (  114.63860     0.11900372E-11 ) :: heat equation
REF time=   0.700 max=   150.000 energy residual= -1.7140E-05
MAIN: 
MAIN: -------------------------------------
MAIN: Time: 8/42:   8.000E-01
MAIN: -------------------------------------
MAIN: 
ComputeChange: NS (ITER=1) (NRM,RELC): (  113.70861     0.81454358E-02 ) :: heat equation
ComputeChange: NS (ITER=2) (NRM,RELC): (  113.70816     0.39901498E-05 ) :: heat equation
ComputeChange: NS (ITER=3) (NRM,RELC): (  113.70816     0.19589432E-08 ) :: heat equation
ComputeChange: NS (ITER=4) (NRM,RELC): (  113.70816     0.96169467E-12 ) :: heat equation
REF time=   0.800 max=   150.000 energy residual= -2.2168E-05
MAIN: 
MAIN: -------------------------------------
MAIN: Time: 9/42:   9.000E-01
MAIN: -------------------------------------
MAIN: 
ComputeChange: NS (ITER=1) (NRM,RELC): (  112.82990     0.77537076E-02 ) :: heat equation
ComputeChange: NS (ITER=2) (NRM,RELC): (  112.82949     0.36020150E-05 ) :: heat equation
ComputeChange: NS (ITER=3) (NRM,RELC): (  112.82949     0.16772083E-08 ) :: heat equation
ComputeChange: NS (ITER=4) (NRM,RELC): (  112.82949     0.78088890E-12 ) :: heat equation
REF time=   0.900 max=   150.000 energy residual= -2.7563E-05
MAIN: 
MAIN: -------------------------------------
MAIN: Time: 10/42:   1.000E+00
MAIN: -------------------------------------
MAIN: 
ComputeChange: NS (ITER=1) (NRM,RELC): (  111.99917     0.73863120E-02 ) :: heat equation
ComputeChange: NS (ITER=2) (NRM,RELC): (  111.99880     0.32581520E-05 ) :: heat equation
ComputeChange: NS (ITER=3) (NRM,RELC): (  111.99880     0.14406658E-08 ) :: heat equation
ComputeChange: NS (ITER=4) (NRM,RELC): (  111.99880     0.63695762E-12 ) :: heat equation
REF time=   1.000 max=   150.000 energy residual= -3.3263E-05
MAIN: 
MAIN: -------------------------------------
MAIN: Time: 11/42:   1.100E+00
MAIN: -------------------------------------
MAIN: 
ComputeChange: NS (ITER=1) (NRM,RELC): (  111.21294     0.70414410E-02 ) :: heat equation
ComputeChange: NS (ITER=2) (NRM,RELC): (  111.21261     0.29528083E-05 ) :: heat equation
ComputeChange: NS (ITER=3) (NRM,RELC): (  111.21261     0.12413539E-08 ) :: heat equation
ComputeChange: NS (ITER=4) (NRM,RELC): (  111.21261     0.52185748E-12 ) :: heat equation
REF time=   1.100 max=   150.000 energy residual= -3.9215E-05
MAIN: 
MAIN: -------------------------------------
MAIN: Time: 12/42:   1.200E+00
MAIN: -------------------------------------
MAIN: 
ComputeChange: NS (ITER=1) (NRM,RELC): (  110.46804     0.67174408E-02 ) :: heat equation
ComputeChange: NS (ITER=2) (NRM,RELC): (  110.46775     0.26810660E-05 ) :: heat equation
ComputeChange: NS (ITER=3) (NRM,RELC): (  110.46775     0.10728328E-08 ) :: heat equation
ComputeChange: NS (ITER=4) (NRM,RELC): (  110.46775     0.42928025E-12 ) :: heat equation
REF time=   1.200 max=   150.000 energy residual= -4.5372E-05
MAIN: 
MAIN: -------------------------------------
MAIN: Time: 13/42:   1.300E+00
MAIN: -------------------------------------
MAIN: 
ComputeChange: NS (ITER=1) (NRM,RELC): (  109.76160     0.64127967E-02 ) :: heat equation
ComputeChange: NS (ITER=2) (NRM,RELC): (  109.76134     0.24387084E-05 ) :: heat equation
ComputeChange: NS (ITER=3) (NRM,RELC): (  109.76134     0.92987329E-09 ) :: heat equation
ComputeChange: NS (ITER=4) (NRM,RELC): (  109.76134     0.35449022E-12 ) :: heat equation
REF time=   1.300 max=   150.000 energy residual= -5.1695E-05
MAIN: 
MAIN: -------------------------------------
MAIN: Time: 14/42:   1.400E+00
MAIN: -------------------------------------
MAIN: 
ComputeChange: NS (ITER=1) (NRM,RELC): (  109.09098     0.61261202E-02 ) :: heat equation
ComputeChange: NS (ITER=2) (NRM,RELC): (  109.09074     0.22221105E-05 ) :: heat equation
ComputeChange: NS (ITER=3) (NRM,RELC): (  109.09074     0.80821049E-09 ) :: heat equation
ComputeChange: NS (ITER=4) (NRM,RELC): (  109.09074     0.29401121E-12 ) :: heat equation
REF time=   1.400 max=   150.000 energy residual= -5.8147E-05
MAIN: 
MAIN: -------------------------------------
MAIN: Time: 15/42:   1.500E+00
MAIN: -------------------------------------
MAIN: 
ComputeChange: NS (ITER=1) (NRM,RELC): (  108.45375     0.58561374E-02 ) :: heat equation
ComputeChange: NS (ITER=2) (NRM,RELC): (  108.45353     0.20281467E-05 ) :: heat equation
ComputeChange: NS (ITER=3) (NRM,RELC): (  108.45353     0.70435272E-09 ) :: heat equation
ComputeChange: NS (ITER=4) (NRM,RELC): (  108.45353     0.24463626E-12 ) :: heat equation
REF time=   1.500 max=   150.000 energy residual= -6.4701E-05
MAIN: 
MAIN: -------------------------------------
MAIN: Time: 16/42:   1.600E+00
MAIN: -------------------------------------
MAIN: 
ComputeChange: NS (ITER=1) (NRM,RELC): (  107.84771     0.56016783E-02 ) :: heat equation
ComputeChange: NS (ITER=2) (NRM,RELC): (  107.84751     0.18541159E-05 ) :: heat equation
ComputeChange: NS (ITER=3) (NRM,RELC): (  107.84751     0.61543094E-09 ) :: heat equation
ComputeChange: NS (ITER=4) (NRM,RELC): (  107.84751     0.20437223E-12 ) :: heat equation
REF time=   1.600 max=   150.000 energy residual= -7.1328E-05
MAIN: 
MAIN: -------------------------------------
MAIN: Time: 17/42:   1.700E+00
MAIN: -------------------------------------
MAIN: 
ComputeChange: NS (ITER=1) (NRM,RELC): (  107.27081     0.53616672E-02 ) :: heat equation
ComputeChange: NS (ITER=2) (NRM,RELC): (  107.27063     0.16976776E-05 ) :: heat equation
ComputeChange: NS (ITER=3) (NRM,RELC): (  107.27063     0.53907947E-09 ) :: heat equation
ComputeChange: NS (ITER=4) (NRM,RELC): (  107.27063     0.17129232E-12 ) :: heat equation
REF time=   1.700 max=   150.000 energy residual= -7.8007E-05
MAIN: 
MAIN: -------------------------------------
MAIN: Time: 18/42:   1.800E+00
MAIN: -------------------------------------
MAIN: 
ComputeChange: NS (ITER=1) (NRM,RELC): (  106.72119     0.51351144E-02 ) :: heat equation
ComputeChange: NS (ITER=2) (NRM,RELC): (  106.72103     0.15567986E-05 ) :: heat equation
ComputeChange: NS (ITER=3) (NRM,RELC): (  106.72103     0.47333995E-09 ) :: heat equation
ComputeChange: NS (ITER=4) (NRM,RELC): (  106.72103     0.14394477E-12 ) :: heat equation
REF time=   1.800 max=   150.000 energy residual= -8.4719E-05
MAIN: 
MAIN: -------------------------------------
MAIN: Time: 19/42:   1.900E+00
MAIN: -------------------------------------
MAIN: 
ComputeChange: NS (ITER=1) (NRM,RELC): (  106.19713     0.49211084E-02 ) :: heat equation
ComputeChange: NS (ITER=2) (NRM,RELC): (  106.19698     0.14297091E-05 ) :: heat equation
ComputeChange: NS (ITER=3) (NRM,RELC): (  106.19698     0.41658607E-09 ) :: heat equation
ComputeChange: NS (ITER=4) (NRM,RELC): (  106.19698     0.12123730E-12 ) :: heat equation
REF time=   1.900 max=   150.000 energy residual= -9.1445E-05
MAIN: 
MAIN: -------------------------------------
MAIN: Time: 20/42:   2.000E+00
MAIN: -------------------------------------
MAIN: 
ComputeChange: NS (ITER=1) (NRM,RELC): (  105.69703     0.47188090E-02 ) :: heat equation
ComputeChange: NS (ITER=2) (NRM,RELC): (  105.69689     0.13148647E-05 ) :: heat equation
ComputeChange: NS (ITER=3) (NRM,RELC): (  105.69689     0.36746317E-09 ) :: heat equation
ComputeChange: NS (ITER=4) (NRM,RELC): (  105.69689     0.10258468E-12 ) :: heat equation
REF time=   2.000 max=   150.000 energy residual= -9.8173E-05
MAIN: 
MAIN: -------------------------------------
MAIN: Time: 21/42:   2.100E+00
MAIN: -------------------------------------
MAIN: 
ComputeChange: NS (ITER=1) (NRM,RELC): (  105.21944     0.45274409E-02 ) :: heat equation
ComputeChange: NS (ITER=2) (NRM,RELC): (  105.21931     0.12109146E-05 ) :: heat equation
ComputeChange: NS (ITER=3) (NRM,RELC): (  105.21931     0.32483914E-09 ) :: heat equation
ComputeChange: NS (ITER=4) (NRM,RELC): (  105.21931     0.87113299E-13 ) :: heat equation
REF time=   2.100 max=   150.000 energy residual= -1.0489E-04
MAIN: 
MAIN: -------------------------------------
MAIN: Time: 22/42:   2.200E+00
MAIN: -------------------------------------
MAIN: 
ComputeChange: NS (ITER=1) (NRM,RELC): (  104.76299     0.43462883E-02 ) :: heat equation
ComputeChange: NS (ITER=2) (NRM,RELC): (  104.76287     0.11166753E-05 ) :: heat equation
ComputeChange: NS (ITER=3) (NRM,RELC): (  104.76287     0.28776490E-09 ) :: heat equation
ComputeChange: NS (ITER=4) (NRM,RELC): (  104.76287     0.74063707E-13 ) :: heat equation
REF time=   2.200 max=   150.000 energy residual= -1.1158E-04
MAIN: 
MAIN: -------------------------------------
MAIN: Time: 23/42:   2.300E+00
MAIN: -------------------------------------
MAIN: 
ComputeChange: NS (ITER=1) (NRM,RELC): (  104.32643     0.41746896E-02 ) :: heat equation
ComputeChange: NS (ITER=2) (NRM,RELC): (  104.32632     0.10311073E-05 ) :: heat equation
ComputeChange: NS (ITER=3) (NRM,RELC): (  104.32632     0.25544207E-09 ) :: heat equation
ComputeChange: NS (ITER=4) (NRM,RELC): (  104.32632     0.63203958E-13 ) :: heat equation
REF time=   2.300 max=   150.000 energy residual= -1.1824E-04
MAIN: 
MAIN: -------------------------------------
MAIN: Time: 24/42:   2.400E+00
MAIN: -------------------------------------
MAIN: 
ComputeChange: NS (ITER=1) (NRM,RELC): (  103.90860     0.40120329E-02 ) :: heat equation
ComputeChange: NS (ITER=2) (NRM,RELC): (  103.90850     0.95329603E-06 ) :: heat equation
ComputeChange: NS (ITER=3) (NRM,RELC): (  103.90850     0.22719834E-09 ) :: heat equation
ComputeChange: NS (ITER=4) (NRM,RELC): (  103.90850     0.54158210E-13 ) :: heat equation
REF time=   2.400 max=   150.000 energy residual= -1.2486E-04
MAIN: 
MAIN: -------------------------------------
MAIN: Time: 25/42:   2.500E+00
MAIN: -------------------------------------
MAIN: 
ComputeChange: NS (ITER=1) (NRM,RELC): (  103.50842     0.38577517E-02 ) :: heat equation
ComputeChange: NS (ITER=2) (NRM,RELC): (  103.50833     0.88243502E-06 ) :: heat equation
ComputeChange: NS (ITER=3) (NRM,RELC): (  103.50833     0.20246477E-09 ) :: heat equation
ComputeChange: NS (ITER=4) (NRM,RELC): (  103.50833     0.46267369E-13 ) :: heat equation
REF time=   2.500 max=   150.000 energy residual= -1.3143E-04
MAIN: 
MAIN: -------------------------------------
MAIN: Time: 26/42:   2.600E+00
MAIN: -------------------------------------
MAIN: 
ComputeChange: NS (ITER=1) (NRM,RELC): (  103.12489     0.37113212E-02 ) :: heat equation
ComputeChange: NS (ITER=2) (NRM,RELC): (  103.12480     0.81781200E-06 ) :: heat equation
ComputeChange: NS (ITER=3) (NRM,RELC): (  103.12480     0.18075883E-09 ) :: heat equation
ComputeChange: NS (ITER=4) (NRM,RELC): (  103.12480     0.39824920E-13 ) :: heat equation
REF time=   2.600 max=   150.000 energy residual= -1.3795E-04
MAIN: 
MAIN: -------------------------------------
MAIN: Time: 27/42:   2.700E+00
MAIN: -------------------------------------
MAIN: 
ComputeChange: NS (ITER=1) (NRM,RELC): (  102.75707     0.35722549E-02 ) :: heat equation
ComputeChange: NS (ITER=2) (NRM,RELC): (  102.75699     0.75879668E-06 ) :: heat equation
ComputeChange: NS (ITER=3) (NRM,RELC): (  102.75699     0.16167049E-09 ) :: heat equation
ComputeChange: NS (ITER=4) (NRM,RELC): (  102.75699     0.34297344E-13 ) :: heat equation
REF time=   2.700 max=   150.000 energy residual= -1.4441E-04
MAIN: 
MAIN: -------------------------------------
MAIN: Time: 28/42:   2.800E+00
MAIN: -------------------------------------
MAIN: 
ComputeChange: NS (ITER=1) (NRM,RELC): (  102.40411     0.34401010E-02 ) :: heat equation
ComputeChange: NS (ITER=2) (NRM,RELC): (  102.40403     0.70483026E-06 ) :: heat equation
ComputeChange: NS (ITER=3) (NRM,RELC): (  102.40403     0.14485078E-09 ) :: heat equation
ComputeChange: NS (ITER=4) (NRM,RELC): (  102.40403     0.29836068E-13 ) :: heat equation
REF time=   2.800 max=   150.000 energy residual= -1.5080E-04
MAIN: 
MAIN: -------------------------------------
MAIN: Time: 29/42:   2.900E+00
MAIN: -------------------------------------
MAIN: 
ComputeChange: NS (ITER=1) (NRM,RELC): (  102.06518     0.33144404E-02 ) :: heat equation
ComputeChange: NS (ITER=2) (NRM,RELC): (  102.06512     0.65541654E-06 ) :: heat equation
ComputeChange: NS (ITER=3) (NRM,RELC): (  102.06512     0.13000136E-09 ) :: heat equation
ComputeChange: NS (ITER=4) (NRM,RELC): (  102.06512     0.25618912E-13 ) :: heat equation
REF time=   2.900 max=   150.000 energy residual= -1.5713E-04
MAIN: 
MAIN: -------------------------------------
MAIN: Time: 30/42:   3.000E+00
MAIN: -------------------------------------
MAIN: 
ComputeChange: NS (ITER=1) (NRM,RELC): (  101.73955     0.31948832E-02 ) :: heat equation
ComputeChange: NS (ITER=2) (NRM,RELC): (  101.73949     0.61011411E-06 ) :: heat equation
ComputeChange: NS (ITER=3) (NRM,RELC): (  101.73949     0.11686608E-09 ) :: heat equation
ComputeChange: NS (ITER=4) (NRM,RELC): (  101.73949     0.22488295E-13 ) :: heat equation
REF time=   3.000 max=   150.000 energy residual= -1.6339E-04
MAIN: 
MAIN: -------------------------------------
MAIN: Time: 31/42:   3.100E+00
MAIN: -------------------------------------
MAIN: 
ComputeChange: NS (ITER=1) (NRM,RELC): (  101.42650     0.30810671E-02 ) :: heat equation
ComputeChange: NS (ITER=2) (NRM,RELC): (  101.42645     0.56852970E-06 ) :: heat equation
ComputeChange: NS (ITER=3) (NRM,RELC): (  101.42645     0.10522636E-09 ) :: heat equation
ComputeChange: NS (ITER=4) (NRM,RELC): (  101.42645     0.19755503E-13 ) :: heat equation
REF time=   3.100 max=   150.000 energy residual= -1.6958E-04
MAIN: 
MAIN: -------------------------------------
MAIN: Time: 32/42:   3.200E+00
MAIN: -------------------------------------
MAIN: 
ComputeChange: NS (ITER=1) (NRM,RELC): (  101.12539     0.29726546E-02 ) :: heat equation
ComputeChange: NS (ITER=2) (NRM,RELC): (  101.12533     0.53031235E-06 ) :: heat equation
ComputeChange: NS (ITER=3) (NRM,RELC): (  101.12533     0.94893344E-10 ) :: heat equation
REF time=   3.200 max=   150.000 energy residual= -1.7570E-04
MAIN: 
MAIN: -------------------------------------
MAIN: Time: 33/42:   3.300E+00
MAIN: -------------------------------------
MAIN: 
ComputeChange: NS (ITER=1) (NRM,RELC): (  100.83559     0.28693316E-02 ) :: heat equation
ComputeChange: NS (ITER=2) (NRM,RELC): (  100.83554     0.49514837E-06 ) :: heat equation
ComputeChange: NS (ITER=3) (NRM,RELC): (  100.83554     0.85704519E-10 ) :: heat equation
REF time=   3.300 max=   150.000 energy residual= -1.8174E-04
MAIN: 
MAIN: -------------------------------------
MAIN: Time: 34/42:   3.400E+00
MAIN: -------------------------------------
MAIN: 
ComputeChange: NS (ITER=1) (NRM,RELC): (  100.55653     0.27708052E-02 ) :: heat equation
ComputeChange: NS (ITER=2) (NRM,RELC): (  100.55648     0.46275695E-06 ) :: heat equation
ComputeChange: NS (ITER=3) (NRM,RELC): (  100.55648     0.77519278E-10 ) :: heat equation
REF time=   3.400 max=   150.000 energy residual= -1.8770E-04
MAIN: 
MAIN: -------------------------------------
MAIN: Time: 35/42:   3.500E+00
MAIN: -------------------------------------
MAIN: 
ComputeChange: NS (ITER=1) (NRM,RELC): (  100.28767     0.26768022E-02 ) :: heat equation
ComputeChange: NS (ITER=2) (NRM,RELC): (  100.28763     0.43288637E-06 ) :: heat equation
ComputeChange: NS (ITER=3) (NRM,RELC): (  100.28763     0.70216092E-10 ) :: heat equation
REF time=   3.500 max=   150.000 energy residual= -1.9359E-04
MAIN: 
MAIN: -------------------------------------
MAIN: Time: 36/42:   3.600E+00
MAIN: -------------------------------------
MAIN: 
ComputeChange: NS (ITER=1) (NRM,RELC): (  100.02851     0.25870677E-02 ) :: heat equation
ComputeChange: NS (ITER=2) (NRM,RELC): (  100.02847     0.40531066E-06 ) :: heat equation
ComputeChange: NS (ITER=3) (NRM,RELC): (  100.02847     0.63689838E-10 ) :: heat equation
REF time=   3.600 max=   150.000 energy residual= -1.9940E-04
MAIN: 
MAIN: -------------------------------------
MAIN: Time: 37/42:   3.700E+00
MAIN: -------------------------------------
MAIN: 
ComputeChange: NS (ITER=1) (NRM,RELC): (  99.778578     0.25013634E-02 ) :: heat equation
ComputeChange: NS (ITER=2) (NRM,RELC): (  99.778540     0.37982663E-06 ) :: heat equation
ComputeChange: NS (ITER=3) (NRM,RELC): (  99.778540     0.57848197E-10 ) :: heat equation
REF time=   3.700 max=   150.000 energy residual= -2.0513E-04
MAIN: 
MAIN: -------------------------------------
MAIN: Time: 38/42:   3.800E+00
MAIN: -------------------------------------
MAIN: 
ComputeChange: NS (ITER=1) (NRM,RELC): (  99.537421     0.24194668E-02 ) :: heat equation
ComputeChange: NS (ITER=2) (NRM,RELC): (  99.537386     0.35625140E-06 ) :: heat equation
ComputeChange: NS (ITER=3) (NRM,RELC): (  99.537386     0.52611811E-10 ) :: heat equation
REF time=   3.800 max=   150.000 energy residual= -2.1078E-04
MAIN: 
MAIN: -------------------------------------
MAIN: Time: 39/42:   3.900E+00
MAIN: -------------------------------------
MAIN: 
ComputeChange: NS (ITER=1) (NRM,RELC): (  99.304624     0.23411697E-02 ) :: heat equation
ComputeChange: NS (ITER=2) (NRM,RELC): (  99.304591     0.33442010E-06 ) :: heat equation
ComputeChange: NS (ITER=3) (NRM,RELC): (  99.304591     0.47910977E-10 ) :: heat equation
REF time=   3.900 max=   150.000 energy residual= -2.1636E-04
MAIN: 
MAIN: -------------------------------------
MAIN: Time: 40/42:   4.000E+00
MAIN: -------------------------------------
MAIN: 
ComputeChange: NS (ITER=1) (NRM,RELC): (  99.079794     0.22662772E-02 ) :: heat equation
ComputeChange: NS (ITER=2) (NRM,RELC): (  99.079763     0.31418390E-06 ) :: heat equation
ComputeChange: NS (ITER=3) (NRM,RELC): (  99.079763     0.43685001E-10 ) :: heat equation
REF time=   4.000 max=   150.000 energy residual= -2.2186E-04
MAIN: 
MAIN: -------------------------------------
MAIN: Time: 41/42:   4.100E+00
MAIN: -------------------------------------
MAIN: 
ComputeChange: NS (ITER=1) (NRM,RELC): (  99.079763     0.28685686E-15 ) :: heat equation
REF time=   4.100 max=   150.000 energy residual= -2.2186E-04
MAIN: 
MAIN: -------------------------------------
MAIN: Time: 42/42:   4.200E+00
MAIN: -------------------------------------
MAIN: 
ComputeChange: NS (ITER=1) (NRM,RELC): (  99.079763      0.0000000     ) :: heat equation
REF time=   4.200 max=   150.000 energy residual= -2.2186E-04
MAIN: *** Elmer Solver: ALL DONE ***
MAIN: The end
SOLVER TOTAL TIME(CPU,REAL):         0.27        0.27
ELMER SOLVER FINISHED AT: 2026/09/08 09:47:23
