ELMER SOLVER (v 9.0) STARTED AT: 2026/09/08 10:09:56
ParCommInit: Initialize #PEs: 1
MAIN: 
MAIN: =============================================================
MAIN: ElmerSolver finite element software, Welcome!
MAIN: This program is free software licensed under (L)GPL
MAIN: Copyright 1st April 1995 - , CSC - IT Center for Science Ltd.
MAIN: Webpage http://www.csc.fi/elmer, Email elmeradm@csc.fi
MAIN: Version: 9.0 (Rev: Release, Compiled: 2026-01-20)
MAIN:  Running one task without MPI parallelization.
MAIN:  Running with just one thread per task.
MAIN:  Lua interpreter linked in.
MAIN: =============================================================
MAIN: 
MAIN: 
MAIN: -------------------------------------
MAIN: Reading Model: case.sif
LoadInputFile: Scanning input file: case.sif
LoadInputFile: Scanning only size info
LoadInputFile: First time visiting
LoadInputFile: Reading base load of sif file
LoadInputFile: Loading input file: case.sif
LoadInputFile: Reading base load of sif file
Loading user function library: [ReferenceCallbacks]...[DormantCondition]
Loading user function library: [ReferenceCallbacks]...[BirthSource]
Loading user function library: [ReferenceCallbacks]...[SurfaceFlux]
Loading user function library: [ReferenceCallbacks]...[ReferenceDensity]
Loading user function library: [ReferenceCallbacks]...[SecantCapacity]
Loading user function library: [ReferenceCallbacks]...[ReferenceConductivity]
Loading user function library: [ReferenceCallbacks]...[ReferenceDensity]
Loading user function library: [ReferenceCallbacks]...[SecantCapacity]
Loading user function library: [ReferenceCallbacks]...[ReferenceConductivity]
Loading user function library: [ReferenceCallbacks]...[ReferenceDensity]
Loading user function library: [ReferenceCallbacks]...[SecantCapacity]
Loading user function library: [ReferenceCallbacks]...[ReferenceConductivity]
LoadInputFile: Number of BCs: 1
LoadInputFile: Number of Body Forces: 1
LoadInputFile: Number of Initial Conditions: 1
LoadInputFile: Number of Materials: 3
LoadInputFile: Number of Equations: 1
LoadInputFile: Number of Solvers: 3
LoadInputFile: Number of Bodies: 3
MAIN: 
MAIN: -------------------------------------
MAIN: Time: 1/110:   1.000E-01
MAIN: -------------------------------------
MAIN: 
ComputeChange: NS (ITER=1) (NRM,RELC): (  222.89660      2.0000000     ) :: heat equation
ComputeChange: NS (ITER=2) (NRM,RELC): (  222.89412     0.11132147E-04 ) :: heat equation
ComputeChange: NS (ITER=3) (NRM,RELC): (  222.89409     0.15214737E-06 ) :: heat equation
ComputeChange: NS (ITER=4) (NRM,RELC): (  222.89408     0.20041220E-07 ) :: heat equation
ComputeChange: NS (ITER=5) (NRM,RELC): (  222.89408     0.21685713E-08 ) :: heat equation
REF time=  15.100 max=  1545.245 energy residual=  1.1985E-02
MAIN: 
MAIN: -------------------------------------
MAIN: Time: 2/110:   2.000E-01
MAIN: Estimated time left:  2.7 minutes
MAIN: -------------------------------------
MAIN: 
ComputeChange: NS (ITER=1) (NRM,RELC): (  223.10021     0.92433087E-03 ) :: heat equation
ComputeChange: NS (ITER=2) (NRM,RELC): (  223.09564     0.20479010E-04 ) :: heat equation
ComputeChange: NS (ITER=3) (NRM,RELC): (  223.09548     0.68499279E-06 ) :: heat equation
ComputeChange: NS (ITER=4) (NRM,RELC): (  223.09547     0.42556869E-07 ) :: heat equation
ComputeChange: NS (ITER=5) (NRM,RELC): (  223.09547     0.25068734E-08 ) :: heat equation
REF time=  15.200 max=  1536.133 energy residual=  3.2553E-02
MAIN: 
MAIN: -------------------------------------
MAIN: Time: 3/110:   3.000E-01
MAIN: Estimated time left:  2.5 minutes
MAIN: -------------------------------------
MAIN: 
ComputeChange: NS (ITER=1) (NRM,RELC): (  223.27546     0.80645092E-03 ) :: heat equation
ComputeChange: NS (ITER=2) (NRM,RELC): (  223.27305     0.10789423E-04 ) :: heat equation
ComputeChange: NS (ITER=3) (NRM,RELC): (  223.27296     0.41710148E-06 ) :: heat equation
ComputeChange: NS (ITER=4) (NRM,RELC): (  223.27294     0.10304466E-06 ) :: heat equation
ComputeChange: NS (ITER=5) (NRM,RELC): (  223.27293     0.21810304E-07 ) :: heat equation
ComputeChange: NS (ITER=6) (NRM,RELC): (  223.27293     0.43417339E-08 ) :: heat equation
REF time=  15.300 max=  1524.187 energy residual=  5.8169E-02
MAIN: 
MAIN: -------------------------------------
MAIN: Time: 4/110:   4.000E-01
MAIN: Estimated time left:  3.0 minutes
MAIN: -------------------------------------
MAIN: 
ComputeChange: NS (ITER=1) (NRM,RELC): (  223.43409     0.72156357E-03 ) :: heat equation
ComputeChange: NS (ITER=2) (NRM,RELC): (  223.43255     0.68962490E-05 ) :: heat equation
ComputeChange: NS (ITER=3) (NRM,RELC): (  223.43246     0.40697896E-06 ) :: heat equation
ComputeChange: NS (ITER=4) (NRM,RELC): (  223.43248     0.71498425E-07 ) :: heat equation
ComputeChange: NS (ITER=5) (NRM,RELC): (  223.43248     0.11790788E-07 ) :: heat equation
ComputeChange: NS (ITER=6) (NRM,RELC): (  223.43248     0.18621642E-08 ) :: heat equation
REF time=  15.400 max=  1509.044 energy residual=  8.4533E-02
MAIN: 
MAIN: -------------------------------------
MAIN: Time: 5/110:   5.000E-01
MAIN: Estimated time left:  2.8 minutes
MAIN: -------------------------------------
MAIN: 
ComputeChange: NS (ITER=1) (NRM,RELC): (  223.58608     0.68723406E-03 ) :: heat equation
ComputeChange: NS (ITER=2) (NRM,RELC): (  223.58401     0.92448902E-05 ) :: heat equation
ComputeChange: NS (ITER=3) (NRM,RELC): (  223.58402     0.15628880E-07 ) :: heat equation
ComputeChange: NS (ITER=4) (NRM,RELC): (  223.58402     0.28193148E-10 ) :: heat equation
REF time=  15.500 max=  1505.316 energy residual=  1.1431E-01
MAIN: 
MAIN: -------------------------------------
MAIN: Time: 6/110:   6.000E-01
MAIN: Estimated time left:  1.9 minutes
MAIN: -------------------------------------
MAIN: 
ComputeChange: NS (ITER=1) (NRM,RELC): (  223.73073     0.65596680E-03 ) :: heat equation
ComputeChange: NS (ITER=2) (NRM,RELC): (  223.72679     0.17604104E-04 ) :: heat equation
ComputeChange: NS (ITER=3) (NRM,RELC): (  223.72654     0.11185973E-05 ) :: heat equation
ComputeChange: NS (ITER=4) (NRM,RELC): (  223.72656     0.10594780E-06 ) :: heat equation
ComputeChange: NS (ITER=5) (NRM,RELC): (  223.72656     0.14508675E-07 ) :: heat equation
ComputeChange: NS (ITER=6) (NRM,RELC): (  223.72656     0.17318864E-08 ) :: heat equation
REF time=  15.600 max=  1509.855 energy residual=  1.2499E-01
MAIN: 
MAIN: -------------------------------------
MAIN: Time: 7/110:   7.000E-01
MAIN: Estimated time left:  2.9 minutes
MAIN: -------------------------------------
MAIN: 
ComputeChange: NS (ITER=1) (NRM,RELC): (  223.86742     0.62942685E-03 ) :: heat equation
ComputeChange: NS (ITER=2) (NRM,RELC): (  223.86587     0.69634604E-05 ) :: heat equation
ComputeChange: NS (ITER=3) (NRM,RELC): (  223.86587     0.10663958E-07 ) :: heat equation
ComputeChange: NS (ITER=4) (NRM,RELC): (  223.86587     0.12657905E-10 ) :: heat equation
REF time=  15.700 max=  1513.888 energy residual=  1.3722E-01
MAIN: 
MAIN: -------------------------------------
MAIN: Time: 8/110:   8.000E-01
MAIN: Estimated time left:  2.0 minutes
MAIN: -------------------------------------
MAIN: 
ComputeChange: NS (ITER=1) (NRM,RELC): (  224.00273     0.61116906E-03 ) :: heat equation
ComputeChange: NS (ITER=2) (NRM,RELC): (  223.99738     0.23874869E-04 ) :: heat equation
ComputeChange: NS (ITER=3) (NRM,RELC): (  223.99722     0.70185131E-06 ) :: heat equation
ComputeChange: NS (ITER=4) (NRM,RELC): (  223.99723     0.92177681E-08 ) :: heat equation
REF time=  15.800 max=  1517.489 energy residual=  1.3875E-01
MAIN: 
MAIN: -------------------------------------
MAIN: Time: 9/110:   9.000E-01
MAIN: Estimated time left:  1.9 minutes
MAIN: -------------------------------------
MAIN: 
ComputeChange: NS (ITER=1) (NRM,RELC): (  224.12904     0.58828774E-03 ) :: heat equation
ComputeChange: NS (ITER=2) (NRM,RELC): (  224.12136     0.34251739E-04 ) :: heat equation
ComputeChange: NS (ITER=3) (NRM,RELC): (  224.12136     0.15262180E-07 ) :: heat equation
ComputeChange: NS (ITER=4) (NRM,RELC): (  224.12136     0.17050354E-07 ) :: heat equation
ComputeChange: NS (ITER=5) (NRM,RELC): (  224.12136     0.38679080E-08 ) :: heat equation
REF time=  15.900 max=  1520.271 energy residual=  1.3159E-01
MAIN: 
MAIN: -------------------------------------
MAIN: Time: 10/110:   1.000E+00
MAIN: Estimated time left:  2.4 minutes
MAIN: -------------------------------------
MAIN: 
ComputeChange: NS (ITER=1) (NRM,RELC): (  224.24576     0.55490352E-03 ) :: heat equation
ComputeChange: NS (ITER=2) (NRM,RELC): (  224.23905     0.29898914E-04 ) :: heat equation
ComputeChange: NS (ITER=3) (NRM,RELC): (  224.23923     0.78807510E-06 ) :: heat equation
ComputeChange: NS (ITER=4) (NRM,RELC): (  224.23917     0.24933421E-06 ) :: heat equation
ComputeChange: NS (ITER=5) (NRM,RELC): (  224.23917     0.10468765E-08 ) :: heat equation
REF time=  16.000 max=  1522.749 energy residual=  1.1954E-01
MAIN: 
MAIN: -------------------------------------
MAIN: Time: 11/110:   1.100E+00
MAIN: Estimated time left:  2.3 minutes
MAIN: -------------------------------------
MAIN: 
ComputeChange: NS (ITER=1) (NRM,RELC): (  225.16702     0.41292228E-02 ) :: heat equation
ComputeChange: NS (ITER=2) (NRM,RELC): (  225.14639     0.91623478E-04 ) :: heat equation
ComputeChange: NS (ITER=3) (NRM,RELC): (  225.14888     0.11045700E-04 ) :: heat equation
ComputeChange: NS (ITER=4) (NRM,RELC): (  225.14855     0.14546421E-05 ) :: heat equation
ComputeChange: NS (ITER=5) (NRM,RELC): (  225.14864     0.37521613E-06 ) :: heat equation
ComputeChange: NS (ITER=6) (NRM,RELC): (  225.14862     0.73649136E-07 ) :: heat equation
ComputeChange: NS (ITER=7) (NRM,RELC): (  225.14862     0.16560108E-07 ) :: heat equation
ComputeChange: NS (ITER=8) (NRM,RELC): (  225.14862     0.34167917E-08 ) :: heat equation
REF time=  16.100 max=  1549.843 energy residual=  1.1808E-01
MAIN: 
MAIN: -------------------------------------
MAIN: Time: 12/110:   1.200E+00
MAIN: Estimated time left:  3.9 minutes
MAIN: -------------------------------------
MAIN: 
ComputeChange: NS (ITER=1) (NRM,RELC): (  225.67596     0.23394177E-02 ) :: heat equation
ComputeChange: NS (ITER=2) (NRM,RELC): (  225.66042     0.68865761E-04 ) :: heat equation
ComputeChange: NS (ITER=3) (NRM,RELC): (  225.66101     0.26177046E-05 ) :: heat equation
ComputeChange: NS (ITER=4) (NRM,RELC): (  225.66094     0.27401433E-06 ) :: heat equation
ComputeChange: NS (ITER=5) (NRM,RELC): (  225.66095     0.24593643E-07 ) :: heat equation
ComputeChange: NS (ITER=6) (NRM,RELC): (  225.66095     0.21157321E-08 ) :: heat equation
REF time=  16.200 max=  1555.885 energy residual=  9.7833E-02
MAIN: 
MAIN: -------------------------------------
MAIN: Time: 13/110:   1.300E+00
MAIN: Estimated time left:  2.6 minutes
MAIN: -------------------------------------
MAIN: 
ComputeChange: NS (ITER=1) (NRM,RELC): (  226.00052     0.15036597E-02 ) :: heat equation
ComputeChange: NS (ITER=2) (NRM,RELC): (  225.99812     0.10607473E-04 ) :: heat equation
ComputeChange: NS (ITER=3) (NRM,RELC): (  225.99813     0.29432467E-07 ) :: heat equation
ComputeChange: NS (ITER=4) (NRM,RELC): (  225.99813     0.68043644E-10 ) :: heat equation
REF time=  16.300 max=  1555.615 energy residual=  9.1616E-02
MAIN: 
MAIN: -------------------------------------
MAIN: Time: 14/110:   1.400E+00
MAIN: Estimated time left:  1.7 minutes
MAIN: -------------------------------------
MAIN: 
ComputeChange: NS (ITER=1) (NRM,RELC): (  226.25317     0.11278575E-02 ) :: heat equation
ComputeChange: NS (ITER=2) (NRM,RELC): (  226.25104     0.93873843E-05 ) :: heat equation
ComputeChange: NS (ITER=3) (NRM,RELC): (  226.25105     0.25963175E-07 ) :: heat equation
ComputeChange: NS (ITER=4) (NRM,RELC): (  226.25105     0.11723784E-09 ) :: heat equation
REF time=  16.400 max=  1551.346 energy residual=  9.9161E-02
MAIN: 
MAIN: -------------------------------------
MAIN: Time: 15/110:   1.500E+00
MAIN: Estimated time left:  1.8 minutes
MAIN: -------------------------------------
MAIN: 
ComputeChange: NS (ITER=1) (NRM,RELC): (  226.45979     0.92215558E-03 ) :: heat equation
ComputeChange: NS (ITER=2) (NRM,RELC): (  226.45738     0.10604383E-04 ) :: heat equation
ComputeChange: NS (ITER=3) (NRM,RELC): (  226.45735     0.13560897E-06 ) :: heat equation
ComputeChange: NS (ITER=4) (NRM,RELC): (  226.45735     0.24719782E-07 ) :: heat equation
ComputeChange: NS (ITER=5) (NRM,RELC): (  226.45735     0.36496842E-08 ) :: heat equation
REF time=  16.500 max=  1544.052 energy residual=  1.1721E-01
MAIN: 
MAIN: -------------------------------------
MAIN: Time: 16/110:   1.600E+00
MAIN: Estimated time left:  2.2 minutes
MAIN: -------------------------------------
MAIN: 
ComputeChange: NS (ITER=1) (NRM,RELC): (  226.63794     0.79714412E-03 ) :: heat equation
ComputeChange: NS (ITER=2) (NRM,RELC): (  226.63495     0.13178245E-04 ) :: heat equation
ComputeChange: NS (ITER=3) (NRM,RELC): (  226.63487     0.34808474E-06 ) :: heat equation
ComputeChange: NS (ITER=4) (NRM,RELC): (  226.63487     0.27815066E-07 ) :: heat equation
ComputeChange: NS (ITER=5) (NRM,RELC): (  226.63487     0.19369284E-08 ) :: heat equation
REF time=  16.600 max=  1533.453 energy residual=  1.4098E-01
MAIN: 
MAIN: -------------------------------------
MAIN: Time: 17/110:   1.700E+00
MAIN: Estimated time left:  2.1 minutes
MAIN: -------------------------------------
MAIN: 
ComputeChange: NS (ITER=1) (NRM,RELC): (  226.79712     0.71567957E-03 ) :: heat equation
ComputeChange: NS (ITER=2) (NRM,RELC): (  226.79284     0.18874258E-04 ) :: heat equation
ComputeChange: NS (ITER=3) (NRM,RELC): (  226.79249     0.15572039E-05 ) :: heat equation
ComputeChange: NS (ITER=4) (NRM,RELC): (  226.79243     0.24209418E-06 ) :: heat equation
ComputeChange: NS (ITER=5) (NRM,RELC): (  226.79242     0.36755024E-07 ) :: heat equation
ComputeChange: NS (ITER=6) (NRM,RELC): (  226.79242     0.55062104E-08 ) :: heat equation
REF time=  16.700 max=  1519.667 energy residual=  1.6858E-01
MAIN: 
MAIN: -------------------------------------
MAIN: Time: 18/110:   1.800E+00
MAIN: Estimated time left:  2.5 minutes
MAIN: -------------------------------------
MAIN: 
ComputeChange: NS (ITER=1) (NRM,RELC): (  226.93569     0.63149967E-03 ) :: heat equation
ComputeChange: NS (ITER=2) (NRM,RELC): (  226.93506     0.27744984E-05 ) :: heat equation
ComputeChange: NS (ITER=3) (NRM,RELC): (  226.93493     0.55972166E-06 ) :: heat equation
ComputeChange: NS (ITER=4) (NRM,RELC): (  226.93494     0.55599942E-07 ) :: heat equation
ComputeChange: NS (ITER=5) (NRM,RELC): (  226.93494     0.52535647E-08 ) :: heat equation
REF time=  16.800 max=  1506.952 energy residual=  1.9710E-01
MAIN: 
MAIN: -------------------------------------
MAIN: Time: 19/110:   1.900E+00
MAIN: Estimated time left:  2.1 minutes
MAIN: -------------------------------------
MAIN: 
ComputeChange: NS (ITER=1) (NRM,RELC): (  227.07446     0.61461957E-03 ) :: heat equation
ComputeChange: NS (ITER=2) (NRM,RELC): (  227.07267     0.79121228E-05 ) :: heat equation
ComputeChange: NS (ITER=3) (NRM,RELC): (  227.07266     0.16335190E-07 ) :: heat equation
ComputeChange: NS (ITER=4) (NRM,RELC): (  227.07266     0.44531961E-08 ) :: heat equation
REF time=  16.900 max=  1511.760 energy residual=  2.2890E-01
MAIN: 
MAIN: -------------------------------------
MAIN: Time: 20/110:   2.000E+00
MAIN: Estimated time left:  1.8 minutes
MAIN: -------------------------------------
MAIN: 
ComputeChange: NS (ITER=1) (NRM,RELC): (  227.20520     0.58349703E-03 ) :: heat equation
ComputeChange: NS (ITER=2) (NRM,RELC): (  227.20394     0.55181652E-05 ) :: heat equation
ComputeChange: NS (ITER=3) (NRM,RELC): (  227.20380     0.63181614E-06 ) :: heat equation
ComputeChange: NS (ITER=4) (NRM,RELC): (  227.20381     0.25370542E-07 ) :: heat equation
ComputeChange: NS (ITER=5) (NRM,RELC): (  227.20381     0.10953327E-08 ) :: heat equation
REF time=  17.000 max=  1516.000 energy residual=  2.4073E-01
MAIN: 
MAIN: -------------------------------------
MAIN: Time: 21/110:   2.100E+00
MAIN: Estimated time left:  2.0 minutes
MAIN: -------------------------------------
MAIN: 
ComputeChange: NS (ITER=1) (NRM,RELC): (  227.33268     0.56706450E-03 ) :: heat equation
ComputeChange: NS (ITER=2) (NRM,RELC): (  227.32899     0.16248775E-04 ) :: heat equation
ComputeChange: NS (ITER=3) (NRM,RELC): (  227.32924     0.11178129E-05 ) :: heat equation
ComputeChange: NS (ITER=4) (NRM,RELC): (  227.32921     0.13935365E-06 ) :: heat equation
ComputeChange: NS (ITER=5) (NRM,RELC): (  227.32921     0.17215595E-07 ) :: heat equation
ComputeChange: NS (ITER=6) (NRM,RELC): (  227.32921     0.19173094E-08 ) :: heat equation
REF time=  17.100 max=  1520.070 energy residual=  2.5470E-01
MAIN: 
MAIN: -------------------------------------
MAIN: Time: 22/110:   2.200E+00
MAIN: Estimated time left:  2.5 minutes
MAIN: -------------------------------------
MAIN: 
ComputeChange: NS (ITER=1) (NRM,RELC): (  227.45246     0.54198021E-03 ) :: heat equation
ComputeChange: NS (ITER=2) (NRM,RELC): (  227.44755     0.21547427E-04 ) :: heat equation
ComputeChange: NS (ITER=3) (NRM,RELC): (  227.44760     0.21005067E-06 ) :: heat equation
ComputeChange: NS (ITER=4) (NRM,RELC): (  227.44760     0.20002918E-07 ) :: heat equation
ComputeChange: NS (ITER=5) (NRM,RELC): (  227.44760     0.19571607E-08 ) :: heat equation
REF time=  17.200 max=  1522.962 energy residual=  2.4905E-01
MAIN: 
MAIN: -------------------------------------
MAIN: Time: 23/110:   2.300E+00
MAIN: Estimated time left:  2.0 minutes
MAIN: -------------------------------------
MAIN: 
ComputeChange: NS (ITER=1) (NRM,RELC): (  227.56643     0.52232459E-03 ) :: heat equation
ComputeChange: NS (ITER=2) (NRM,RELC): (  227.55791     0.37455517E-04 ) :: heat equation
ComputeChange: NS (ITER=3) (NRM,RELC): (  227.55828     0.16552901E-05 ) :: heat equation
ComputeChange: NS (ITER=4) (NRM,RELC): (  227.55824     0.20735325E-06 ) :: heat equation
ComputeChange: NS (ITER=5) (NRM,RELC): (  227.55824     0.26499783E-07 ) :: heat equation
ComputeChange: NS (ITER=6) (NRM,RELC): (  227.55824     0.33532093E-08 ) :: heat equation
REF time=  17.300 max=  1525.487 energy residual=  2.3677E-01
MAIN: 
MAIN: -------------------------------------
MAIN: Time: 24/110:   2.400E+00
MAIN: Estimated time left:  2.4 minutes
MAIN: -------------------------------------
MAIN: 
ComputeChange: NS (ITER=1) (NRM,RELC): (  228.27863     0.31607192E-02 ) :: heat equation
ComputeChange: NS (ITER=2) (NRM,RELC): (  228.26047     0.79532314E-04 ) :: heat equation
ComputeChange: NS (ITER=3) (NRM,RELC): (  228.26190     0.62506175E-05 ) :: heat equation
ComputeChange: NS (ITER=4) (NRM,RELC): (  228.26162     0.12120932E-05 ) :: heat equation
ComputeChange: NS (ITER=5) (NRM,RELC): (  228.26169     0.29577911E-06 ) :: heat equation
ComputeChange: NS (ITER=6) (NRM,RELC): (  228.26168     0.59872431E-07 ) :: heat equation
ComputeChange: NS (ITER=7) (NRM,RELC): (  228.26168     0.14089305E-07 ) :: heat equation
ComputeChange: NS (ITER=8) (NRM,RELC): (  228.26168     0.29267260E-08 ) :: heat equation
REF time=  17.400 max=  1548.056 energy residual=  2.2730E-01
MAIN: 
MAIN: -------------------------------------
MAIN: Time: 25/110:   2.500E+00
MAIN: Estimated time left:  3.0 minutes
MAIN: -------------------------------------
MAIN: 
ComputeChange: NS (ITER=1) (NRM,RELC): (  228.85828     0.26102360E-02 ) :: heat equation
ComputeChange: NS (ITER=2) (NRM,RELC): (  228.84362     0.64059340E-04 ) :: heat equation
ComputeChange: NS (ITER=3) (NRM,RELC): (  228.84434     0.31781677E-05 ) :: heat equation
ComputeChange: NS (ITER=4) (NRM,RELC): (  228.84422     0.55386888E-06 ) :: heat equation
ComputeChange: NS (ITER=5) (NRM,RELC): (  228.84423     0.43482812E-07 ) :: heat equation
ComputeChange: NS (ITER=6) (NRM,RELC): (  228.84422     0.71890895E-08 ) :: heat equation
REF time=  17.500 max=  1557.082 energy residual=  2.0561E-01
MAIN: 
MAIN: -------------------------------------
MAIN: Time: 26/110:   2.600E+00
MAIN: Estimated time left:  2.3 minutes
MAIN: -------------------------------------
MAIN: 
ComputeChange: NS (ITER=1) (NRM,RELC): (  229.21648     0.16253493E-02 ) :: heat equation
ComputeChange: NS (ITER=2) (NRM,RELC): (  229.21383     0.11552480E-04 ) :: heat equation
ComputeChange: NS (ITER=3) (NRM,RELC): (  229.21384     0.34926772E-07 ) :: heat equation
ComputeChange: NS (ITER=4) (NRM,RELC): (  229.21384     0.14971410E-09 ) :: heat equation
REF time=  17.600 max=  1559.084 energy residual=  1.9275E-01
MAIN: 
MAIN: -------------------------------------
MAIN: Time: 27/110:   2.700E+00
MAIN: Estimated time left:  1.6 minutes
MAIN: -------------------------------------
MAIN: 
ComputeChange: NS (ITER=1) (NRM,RELC): (  229.48230     0.11705292E-02 ) :: heat equation
ComputeChange: NS (ITER=2) (NRM,RELC): (  229.48017     0.92549956E-05 ) :: heat equation
ComputeChange: NS (ITER=3) (NRM,RELC): (  229.48018     0.25554853E-07 ) :: heat equation
ComputeChange: NS (ITER=4) (NRM,RELC): (  229.48018     0.11238754E-09 ) :: heat equation
REF time=  17.700 max=  1556.328 energy residual=  1.9484E-01
MAIN: 
MAIN: -------------------------------------
MAIN: Time: 28/110:   2.800E+00
MAIN: Estimated time left:  1.6 minutes
MAIN: -------------------------------------
MAIN: 
ComputeChange: NS (ITER=1) (NRM,RELC): (  229.69291     0.92656157E-03 ) :: heat equation
ComputeChange: NS (ITER=2) (NRM,RELC): (  229.69079     0.92129969E-05 ) :: heat equation
ComputeChange: NS (ITER=3) (NRM,RELC): (  229.69079     0.26717625E-07 ) :: heat equation
ComputeChange: NS (ITER=4) (NRM,RELC): (  229.69079     0.12492009E-09 ) :: heat equation
REF time=  17.800 max=  1550.153 energy residual=  2.0921E-01
MAIN: 
MAIN: -------------------------------------
MAIN: Time: 29/110:   2.900E+00
MAIN: Estimated time left:  1.5 minutes
MAIN: -------------------------------------
MAIN: 
ComputeChange: NS (ITER=1) (NRM,RELC): (  229.87210     0.78904260E-03 ) :: heat equation
ComputeChange: NS (ITER=2) (NRM,RELC): (  229.87146     0.28155692E-05 ) :: heat equation
ComputeChange: NS (ITER=3) (NRM,RELC): (  229.87154     0.36249811E-06 ) :: heat equation
ComputeChange: NS (ITER=4) (NRM,RELC): (  229.87154     0.93974762E-08 ) :: heat equation
REF time=  17.900 max=  1541.294 energy residual=  2.3146E-01
MAIN: 
MAIN: -------------------------------------
MAIN: Time: 30/110:   3.000E+00
MAIN: Estimated time left:  1.5 minutes
MAIN: -------------------------------------
MAIN: 
ComputeChange: NS (ITER=1) (NRM,RELC): (  230.03387     0.70592689E-03 ) :: heat equation
ComputeChange: NS (ITER=2) (NRM,RELC): (  230.02855     0.23125435E-04 ) :: heat equation
ComputeChange: NS (ITER=3) (NRM,RELC): (  230.02833     0.94430391E-06 ) :: heat equation
ComputeChange: NS (ITER=4) (NRM,RELC): (  230.02832     0.58080779E-07 ) :: heat equation
ComputeChange: NS (ITER=5) (NRM,RELC): (  230.02832     0.34386906E-08 ) :: heat equation
REF time=  18.000 max=  1529.037 energy residual=  2.5844E-01
MAIN: 
MAIN: -------------------------------------
MAIN: Time: 31/110:   3.100E+00
MAIN: Estimated time left:  2.4 minutes
MAIN: -------------------------------------
MAIN: 
ComputeChange: NS (ITER=1) (NRM,RELC): (  230.17289     0.62830930E-03 ) :: heat equation
ComputeChange: NS (ITER=2) (NRM,RELC): (  230.16657     0.27484874E-04 ) :: heat equation
ComputeChange: NS (ITER=3) (NRM,RELC): (  230.16613     0.19146952E-05 ) :: heat equation
ComputeChange: NS (ITER=4) (NRM,RELC): (  230.16609     0.18061578E-06 ) :: heat equation
ComputeChange: NS (ITER=5) (NRM,RELC): (  230.16608     0.16522654E-07 ) :: heat equation
ComputeChange: NS (ITER=6) (NRM,RELC): (  230.16608     0.16895283E-08 ) :: heat equation
REF time=  18.100 max=  1513.440 energy residual=  2.8732E-01
MAIN: 
MAIN: -------------------------------------
MAIN: Time: 32/110:   3.200E+00
MAIN: Estimated time left:  3.2 minutes
MAIN: -------------------------------------
MAIN: 
ComputeChange: NS (ITER=1) (NRM,RELC): (  230.29612     0.56479748E-03 ) :: heat equation
ComputeChange: NS (ITER=2) (NRM,RELC): (  230.29672     0.26466152E-05 ) :: heat equation
ComputeChange: NS (ITER=3) (NRM,RELC): (  230.29670     0.11918662E-06 ) :: heat equation
ComputeChange: NS (ITER=4) (NRM,RELC): (  230.29670     0.16939656E-08 ) :: heat equation
REF time=  18.200 max=  1513.029 energy residual=  3.1828E-01
MAIN: 
MAIN: -------------------------------------
MAIN: Time: 33/110:   3.300E+00
MAIN: Estimated time left:  2.1 minutes
MAIN: -------------------------------------
MAIN: 
ComputeChange: NS (ITER=1) (NRM,RELC): (  230.42412     0.55315968E-03 ) :: heat equation
ComputeChange: NS (ITER=2) (NRM,RELC): (  230.42262     0.65177165E-05 ) :: heat equation
ComputeChange: NS (ITER=3) (NRM,RELC): (  230.42238     0.10527433E-05 ) :: heat equation
ComputeChange: NS (ITER=4) (NRM,RELC): (  230.42239     0.39168943E-07 ) :: heat equation
ComputeChange: NS (ITER=5) (NRM,RELC): (  230.42238     0.31812422E-07 ) :: heat equation
ComputeChange: NS (ITER=6) (NRM,RELC): (  230.42238     0.18326390E-08 ) :: heat equation
REF time=  18.300 max=  1517.516 energy residual=  3.4879E-01
MAIN: 
MAIN: -------------------------------------
MAIN: Time: 34/110:   3.400E+00
MAIN: Estimated time left:  3.1 minutes
MAIN: -------------------------------------
MAIN: 
ComputeChange: NS (ITER=1) (NRM,RELC): (  230.54461     0.53029437E-03 ) :: heat equation
ComputeChange: NS (ITER=2) (NRM,RELC): (  230.54191     0.11705007E-04 ) :: heat equation
ComputeChange: NS (ITER=3) (NRM,RELC): (  230.54211     0.88840973E-06 ) :: heat equation
ComputeChange: NS (ITER=4) (NRM,RELC): (  230.54207     0.16206202E-06 ) :: heat equation
ComputeChange: NS (ITER=5) (NRM,RELC): (  230.54208     0.29449431E-07 ) :: heat equation
ComputeChange: NS (ITER=6) (NRM,RELC): (  230.54208     0.52325961E-08 ) :: heat equation
REF time=  18.400 max=  1521.610 energy residual=  3.6216E-01
MAIN: 
MAIN: -------------------------------------
MAIN: Time: 35/110:   3.500E+00
MAIN: Estimated time left:  3.1 minutes
MAIN: -------------------------------------
MAIN: 
ComputeChange: NS (ITER=1) (NRM,RELC): (  230.65747     0.50040733E-03 ) :: heat equation
ComputeChange: NS (ITER=2) (NRM,RELC): (  230.65438     0.13424196E-04 ) :: heat equation
ComputeChange: NS (ITER=3) (NRM,RELC): (  230.65442     0.18272742E-06 ) :: heat equation
ComputeChange: NS (ITER=4) (NRM,RELC): (  230.65442     0.14997960E-07 ) :: heat equation
ComputeChange: NS (ITER=5) (NRM,RELC): (  230.65441     0.15761078E-07 ) :: heat equation
ComputeChange: NS (ITER=6) (NRM,RELC): (  230.65441     0.69147261E-09 ) :: heat equation
REF time=  18.500 max=  1525.285 energy residual=  3.7031E-01
MAIN: 
MAIN: -------------------------------------
MAIN: Time: 36/110:   3.600E+00
MAIN: Estimated time left:  2.9 minutes
MAIN: -------------------------------------
MAIN: 
ComputeChange: NS (ITER=1) (NRM,RELC): (  230.76521     0.48024514E-03 ) :: heat equation
ComputeChange: NS (ITER=2) (NRM,RELC): (  230.76011     0.22088649E-04 ) :: heat equation
ComputeChange: NS (ITER=3) (NRM,RELC): (  230.76025     0.57466334E-06 ) :: heat equation
ComputeChange: NS (ITER=4) (NRM,RELC): (  230.76018     0.29165970E-06 ) :: heat equation
ComputeChange: NS (ITER=5) (NRM,RELC): (  230.76018     0.27941745E-07 ) :: heat equation
ComputeChange: NS (ITER=6) (NRM,RELC): (  230.76018     0.70251873E-08 ) :: heat equation
REF time=  18.600 max=  1527.747 energy residual=  3.5909E-01
MAIN: 
MAIN: -------------------------------------
MAIN: Time: 37/110:   3.700E+00
MAIN: Estimated time left:  2.9 minutes
MAIN: -------------------------------------
MAIN: 
ComputeChange: NS (ITER=1) (NRM,RELC): (  231.30733     0.23682570E-02 ) :: heat equation
ComputeChange: NS (ITER=2) (NRM,RELC): (  231.29904     0.35857417E-04 ) :: heat equation
ComputeChange: NS (ITER=3) (NRM,RELC): (  231.29944     0.17633139E-05 ) :: heat equation
ComputeChange: NS (ITER=4) (NRM,RELC): (  231.29930     0.63526646E-06 ) :: heat equation
ComputeChange: NS (ITER=5) (NRM,RELC): (  231.29933     0.12623293E-06 ) :: heat equation
ComputeChange: NS (ITER=6) (NRM,RELC): (  231.29932     0.37381605E-07 ) :: heat equation
ComputeChange: NS (ITER=7) (NRM,RELC): (  231.29932     0.86419720E-08 ) :: heat equation
REF time=  18.700 max=  1542.386 energy residual=  3.4890E-01
MAIN: 
MAIN: -------------------------------------
MAIN: Time: 38/110:   3.800E+00
MAIN: Estimated time left:  3.4 minutes
MAIN: -------------------------------------
MAIN: 
ComputeChange: NS (ITER=1) (NRM,RELC): (  231.89519     0.25728892E-02 ) :: heat equation
ComputeChange: NS (ITER=2) (NRM,RELC): (  231.89729     0.90357902E-05 ) :: heat equation
ComputeChange: NS (ITER=3) (NRM,RELC): (  231.89794     0.28129743E-05 ) :: heat equation
ComputeChange: NS (ITER=4) (NRM,RELC): (  231.89784     0.45643240E-06 ) :: heat equation
ComputeChange: NS (ITER=5) (NRM,RELC): (  231.89786     0.86464261E-07 ) :: heat equation
ComputeChange: NS (ITER=6) (NRM,RELC): (  231.89785     0.15313840E-07 ) :: heat equation
ComputeChange: NS (ITER=7) (NRM,RELC): (  231.89785     0.25623250E-08 ) :: heat equation
REF time=  18.800 max=  1556.835 energy residual=  3.2156E-01
MAIN: 
MAIN: -------------------------------------
MAIN: Time: 39/110:   3.900E+00
MAIN: Estimated time left:  3.3 minutes
MAIN: -------------------------------------
MAIN: 
ComputeChange: NS (ITER=1) (NRM,RELC): (  232.31430     0.17942246E-02 ) :: heat equation
ComputeChange: NS (ITER=2) (NRM,RELC): (  232.30730     0.30129191E-04 ) :: heat equation
ComputeChange: NS (ITER=3) (NRM,RELC): (  232.30719     0.50909823E-06 ) :: heat equation
ComputeChange: NS (ITER=4) (NRM,RELC): (  232.30718     0.16054253E-07 ) :: heat equation
ComputeChange: NS (ITER=5) (NRM,RELC): (  232.30718     0.56495179E-09 ) :: heat equation
REF time=  18.900 max=  1561.333 energy residual=  3.0255E-01
MAIN: 
MAIN: -------------------------------------
MAIN: Time: 40/110:   4.000E+00
MAIN: Estimated time left:  2.4 minutes
MAIN: -------------------------------------
MAIN: 
ComputeChange: NS (ITER=1) (NRM,RELC): (  232.59363     0.12323037E-02 ) :: heat equation
ComputeChange: NS (ITER=2) (NRM,RELC): (  232.59146     0.93489138E-05 ) :: heat equation
ComputeChange: NS (ITER=3) (NRM,RELC): (  232.59146     0.25675145E-07 ) :: heat equation
ComputeChange: NS (ITER=4) (NRM,RELC): (  232.59146     0.56349024E-10 ) :: heat equation
REF time=  19.000 max=  1560.325 energy residual=  2.9843E-01
MAIN: 
MAIN: -------------------------------------
MAIN: Time: 41/110:   4.100E+00
MAIN: Estimated time left:  1.9 minutes
MAIN: -------------------------------------
MAIN: 
ComputeChange: NS (ITER=1) (NRM,RELC): (  232.81069     0.94210371E-03 ) :: heat equation
ComputeChange: NS (ITER=2) (NRM,RELC): (  232.80862     0.88879105E-05 ) :: heat equation
ComputeChange: NS (ITER=3) (NRM,RELC): (  232.80863     0.25648335E-07 ) :: heat equation
ComputeChange: NS (ITER=4) (NRM,RELC): (  232.80863     0.11813873E-09 ) :: heat equation
REF time=  19.100 max=  1555.372 energy residual=  3.0818E-01
MAIN: 
MAIN: -------------------------------------
MAIN: Time: 42/110:   4.200E+00
MAIN: Estimated time left:  1.8 minutes
MAIN: -------------------------------------
MAIN: 
ComputeChange: NS (ITER=1) (NRM,RELC): (  232.99074     0.78192095E-03 ) :: heat equation
ComputeChange: NS (ITER=2) (NRM,RELC): (  232.99074     0.22333673E-07 ) :: heat equation
ComputeChange: NS (ITER=3) (NRM,RELC): (  232.99088     0.60960151E-06 ) :: heat equation
ComputeChange: NS (ITER=4) (NRM,RELC): (  232.99089     0.37843304E-07 ) :: heat equation
ComputeChange: NS (ITER=5) (NRM,RELC): (  232.99089     0.24412484E-08 ) :: heat equation
REF time=  19.200 max=  1547.463 energy residual=  3.2765E-01
MAIN: 
MAIN: -------------------------------------
MAIN: Time: 43/110:   4.300E+00
MAIN: Estimated time left:  2.2 minutes
MAIN: -------------------------------------
MAIN: 
ComputeChange: NS (ITER=1) (NRM,RELC): (  233.15268     0.69413011E-03 ) :: heat equation
ComputeChange: NS (ITER=2) (NRM,RELC): (  233.14974     0.12582249E-04 ) :: heat equation
ComputeChange: NS (ITER=3) (NRM,RELC): (  233.14966     0.34481934E-06 ) :: heat equation
ComputeChange: NS (ITER=4) (NRM,RELC): (  233.14965     0.32403552E-07 ) :: heat equation
ComputeChange: NS (ITER=5) (NRM,RELC): (  233.14965     0.27616968E-08 ) :: heat equation
REF time=  19.300 max=  1537.155 energy residual=  3.5395E-01
MAIN: 
MAIN: -------------------------------------
MAIN: Time: 44/110:   4.400E+00
MAIN: Estimated time left:  2.2 minutes
MAIN: -------------------------------------
MAIN: 
ComputeChange: NS (ITER=1) (NRM,RELC): (  233.29430     0.62022850E-03 ) :: heat equation
ComputeChange: NS (ITER=2) (NRM,RELC): (  233.28725     0.30252889E-04 ) :: heat equation
ComputeChange: NS (ITER=3) (NRM,RELC): (  233.28721     0.17663256E-06 ) :: heat equation
ComputeChange: NS (ITER=4) (NRM,RELC): (  233.28721     0.17124343E-08 ) :: heat equation
REF time=  19.400 max=  1523.125 energy residual=  3.8314E-01
MAIN: 
MAIN: -------------------------------------
MAIN: Time: 45/110:   4.500E+00
MAIN: Estimated time left:  1.8 minutes
MAIN: -------------------------------------
MAIN: 
ComputeChange: NS (ITER=1) (NRM,RELC): (  233.41839     0.56215950E-03 ) :: heat equation
ComputeChange: NS (ITER=2) (NRM,RELC): (  233.41002     0.35834661E-04 ) :: heat equation
ComputeChange: NS (ITER=3) (NRM,RELC): (  233.40982     0.87774085E-06 ) :: heat equation
ComputeChange: NS (ITER=4) (NRM,RELC): (  233.40982     0.25579628E-07 ) :: heat equation
ComputeChange: NS (ITER=5) (NRM,RELC): (  233.40982     0.49634533E-08 ) :: heat equation
REF time=  19.500 max=  1513.712 energy residual=  4.1289E-01
MAIN: 
MAIN: -------------------------------------
MAIN: Time: 46/110:   4.600E+00
MAIN: Estimated time left:  2.1 minutes
MAIN: -------------------------------------
MAIN: 
ComputeChange: NS (ITER=1) (NRM,RELC): (  233.53132     0.52037979E-03 ) :: heat equation
ComputeChange: NS (ITER=2) (NRM,RELC): (  233.52962     0.72724949E-05 ) :: heat equation
ComputeChange: NS (ITER=3) (NRM,RELC): (  233.52962     0.99710728E-08 ) :: heat equation
REF time=  19.600 max=  1518.526 energy residual=  4.4668E-01
MAIN: 
MAIN: -------------------------------------
MAIN: Time: 47/110:   4.700E+00
MAIN: Estimated time left:  1.3 minutes
MAIN: -------------------------------------
MAIN: 
ComputeChange: NS (ITER=1) (NRM,RELC): (  233.64676     0.50148537E-03 ) :: heat equation
ComputeChange: NS (ITER=2) (NRM,RELC): (  233.64579     0.41755442E-05 ) :: heat equation
ComputeChange: NS (ITER=3) (NRM,RELC): (  233.64541     0.16094733E-05 ) :: heat equation
ComputeChange: NS (ITER=4) (NRM,RELC): (  233.64540     0.36611681E-07 ) :: heat equation
ComputeChange: NS (ITER=5) (NRM,RELC): (  233.64540     0.14553526E-07 ) :: heat equation
ComputeChange: NS (ITER=6) (NRM,RELC): (  233.64540     0.82066788E-09 ) :: heat equation
REF time=  19.700 max=  1522.658 energy residual=  4.7342E-01
MAIN: 
MAIN: -------------------------------------
MAIN: Time: 48/110:   4.800E+00
MAIN: Estimated time left:  2.6 minutes
MAIN: -------------------------------------
MAIN: 
ComputeChange: NS (ITER=1) (NRM,RELC): (  233.75798     0.48174270E-03 ) :: heat equation
ComputeChange: NS (ITER=2) (NRM,RELC): (  233.75128     0.28646623E-04 ) :: heat equation
ComputeChange: NS (ITER=3) (NRM,RELC): (  233.75162     0.14199818E-05 ) :: heat equation
ComputeChange: NS (ITER=4) (NRM,RELC): (  233.75158     0.15081265E-06 ) :: heat equation
ComputeChange: NS (ITER=5) (NRM,RELC): (  233.75159     0.16956472E-07 ) :: heat equation
ComputeChange: NS (ITER=6) (NRM,RELC): (  233.75158     0.17971810E-08 ) :: heat equation
REF time=  19.800 max=  1526.964 energy residual=  4.8451E-01
MAIN: 
MAIN: -------------------------------------
MAIN: Time: 49/110:   4.900E+00
MAIN: Estimated time left:  2.5 minutes
MAIN: -------------------------------------
MAIN: 
ComputeChange: NS (ITER=1) (NRM,RELC): (  233.85559     0.44483579E-03 ) :: heat equation
ComputeChange: NS (ITER=2) (NRM,RELC): (  233.85469     0.38274513E-05 ) :: heat equation
ComputeChange: NS (ITER=3) (NRM,RELC): (  233.85451     0.77369403E-06 ) :: heat equation
ComputeChange: NS (ITER=4) (NRM,RELC): (  233.85449     0.10705559E-06 ) :: heat equation
ComputeChange: NS (ITER=5) (NRM,RELC): (  233.85449     0.20257469E-08 ) :: heat equation
REF time=  19.900 max=  1529.578 energy residual=  4.8448E-01
MAIN: 
MAIN: -------------------------------------
MAIN: Time: 50/110:   5.000E+00
MAIN: Estimated time left:  2.1 minutes
MAIN: -------------------------------------
MAIN: 
ComputeChange: NS (ITER=1) (NRM,RELC): (  233.95384     0.42473874E-03 ) :: heat equation
ComputeChange: NS (ITER=2) (NRM,RELC): (  233.94559     0.35261259E-04 ) :: heat equation
ComputeChange: NS (ITER=3) (NRM,RELC): (  233.94558     0.28475666E-07 ) :: heat equation
ComputeChange: NS (ITER=4) (NRM,RELC): (  233.94558     0.23344873E-08 ) :: heat equation
REF time=  20.000 max=  1531.739 energy residual=  4.6906E-01
MAIN: 
MAIN: -------------------------------------
MAIN: Time: 51/110:   5.100E+00
MAIN: Estimated time left:  1.7 minutes
MAIN: -------------------------------------
MAIN: 
ComputeChange: NS (ITER=1) (NRM,RELC): (  234.83561     0.37972051E-02 ) :: heat equation
ComputeChange: NS (ITER=2) (NRM,RELC): (  234.80430     0.13333640E-03 ) :: heat equation
ComputeChange: NS (ITER=3) (NRM,RELC): (  234.80772     0.14586546E-04 ) :: heat equation
ComputeChange: NS (ITER=4) (NRM,RELC): (  234.80715     0.24366927E-05 ) :: heat equation
ComputeChange: NS (ITER=5) (NRM,RELC): (  234.80728     0.54986296E-06 ) :: heat equation
ComputeChange: NS (ITER=6) (NRM,RELC): (  234.80725     0.12170851E-06 ) :: heat equation
ComputeChange: NS (ITER=7) (NRM,RELC): (  234.80726     0.27726751E-07 ) :: heat equation
ComputeChange: NS (ITER=8) (NRM,RELC): (  234.80726     0.62721842E-08 ) :: heat equation
REF time=  20.100 max=  1556.163 energy residual=  4.4883E-01
MAIN: 
MAIN: -------------------------------------
MAIN: Time: 52/110:   5.200E+00
MAIN: Estimated time left:  3.1 minutes
MAIN: -------------------------------------
MAIN: 
ComputeChange: NS (ITER=1) (NRM,RELC): (  235.29347     0.20685522E-02 ) :: heat equation
ComputeChange: NS (ITER=2) (NRM,RELC): (  235.28054     0.54966155E-04 ) :: heat equation
ComputeChange: NS (ITER=3) (NRM,RELC): (  235.28049     0.19217863E-06 ) :: heat equation
ComputeChange: NS (ITER=4) (NRM,RELC): (  235.28047     0.10548064E-06 ) :: heat equation
ComputeChange: NS (ITER=5) (NRM,RELC): (  235.28047     0.11557344E-07 ) :: heat equation
ComputeChange: NS (ITER=6) (NRM,RELC): (  235.28047     0.15306799E-08 ) :: heat equation
REF time=  20.200 max=  1562.606 energy residual=  4.2746E-01
MAIN: 
MAIN: -------------------------------------
MAIN: Time: 53/110:   5.300E+00
MAIN: Estimated time left:  2.4 minutes
MAIN: -------------------------------------
MAIN: 
ComputeChange: NS (ITER=1) (NRM,RELC): (  235.59290     0.13270415E-02 ) :: heat equation
ComputeChange: NS (ITER=2) (NRM,RELC): (  235.59057     0.98988154E-05 ) :: heat equation
ComputeChange: NS (ITER=3) (NRM,RELC): (  235.59057     0.27810451E-07 ) :: heat equation
ComputeChange: NS (ITER=4) (NRM,RELC): (  235.59057     0.64097621E-10 ) :: heat equation
REF time=  20.300 max=  1563.522 energy residual=  4.1707E-01
MAIN: 
MAIN: -------------------------------------
MAIN: Time: 54/110:   5.400E+00
MAIN: Estimated time left:  1.5 minutes
MAIN: -------------------------------------
MAIN: 
ComputeChange: NS (ITER=1) (NRM,RELC): (  235.81987     0.97280083E-03 ) :: heat equation
ComputeChange: NS (ITER=2) (NRM,RELC): (  235.81781     0.87404852E-05 ) :: heat equation
ComputeChange: NS (ITER=3) (NRM,RELC): (  235.81781     0.24923509E-07 ) :: heat equation
ComputeChange: NS (ITER=4) (NRM,RELC): (  235.81781     0.11195934E-09 ) :: heat equation
REF time=  20.400 max=  1559.866 energy residual=  4.2194E-01
MAIN: 
MAIN: -------------------------------------
MAIN: Time: 55/110:   5.500E+00
MAIN: Estimated time left:  1.5 minutes
MAIN: -------------------------------------
MAIN: 
ComputeChange: NS (ITER=1) (NRM,RELC): (  236.00271     0.78377121E-03 ) :: heat equation
ComputeChange: NS (ITER=2) (NRM,RELC): (  236.00272     0.46515787E-07 ) :: heat equation
ComputeChange: NS (ITER=3) (NRM,RELC): (  236.00287     0.63012877E-06 ) :: heat equation
ComputeChange: NS (ITER=4) (NRM,RELC): (  236.00288     0.41510596E-07 ) :: heat equation
ComputeChange: NS (ITER=5) (NRM,RELC): (  236.00288     0.28358838E-08 ) :: heat equation
REF time=  20.500 max=  1552.932 energy residual=  4.3781E-01
MAIN: 
MAIN: -------------------------------------
MAIN: Time: 56/110:   5.600E+00
MAIN: Estimated time left:  1.9 minutes
MAIN: -------------------------------------
MAIN: 
ComputeChange: NS (ITER=1) (NRM,RELC): (  236.16388     0.68193326E-03 ) :: heat equation
ComputeChange: NS (ITER=2) (NRM,RELC): (  236.16187     0.85116836E-05 ) :: heat equation
ComputeChange: NS (ITER=3) (NRM,RELC): (  236.16187     0.23801332E-07 ) :: heat equation
ComputeChange: NS (ITER=4) (NRM,RELC): (  236.16187     0.11302270E-09 ) :: heat equation
REF time=  20.600 max=  1543.440 energy residual=  4.6268E-01
MAIN: 
MAIN: -------------------------------------
MAIN: Time: 57/110:   5.700E+00
MAIN: Estimated time left:  1.5 minutes
MAIN: -------------------------------------
MAIN: 
ComputeChange: NS (ITER=1) (NRM,RELC): (  236.30536     0.60739851E-03 ) :: heat equation
ComputeChange: NS (ITER=2) (NRM,RELC): (  236.30028     0.21497046E-04 ) :: heat equation
ComputeChange: NS (ITER=3) (NRM,RELC): (  236.29999     0.12166022E-05 ) :: heat equation
ComputeChange: NS (ITER=4) (NRM,RELC): (  236.29995     0.16011917E-06 ) :: heat equation
ComputeChange: NS (ITER=5) (NRM,RELC): (  236.29995     0.23131167E-07 ) :: heat equation
ComputeChange: NS (ITER=6) (NRM,RELC): (  236.29995     0.33880649E-08 ) :: heat equation
REF time=  20.700 max=  1531.238 energy residual=  4.9224E-01
MAIN: 
MAIN: -------------------------------------
MAIN: Time: 58/110:   5.800E+00
MAIN: Estimated time left:  2.1 minutes
MAIN: -------------------------------------
MAIN: 
ComputeChange: NS (ITER=1) (NRM,RELC): (  236.42590     0.53286399E-03 ) :: heat equation
ComputeChange: NS (ITER=2) (NRM,RELC): (  236.42171     0.17720649E-04 ) :: heat equation
ComputeChange: NS (ITER=3) (NRM,RELC): (  236.42133     0.15780615E-05 ) :: heat equation
ComputeChange: NS (ITER=4) (NRM,RELC): (  236.42127     0.25734352E-06 ) :: heat equation
ComputeChange: NS (ITER=5) (NRM,RELC): (  236.42126     0.41218659E-07 ) :: heat equation
ComputeChange: NS (ITER=6) (NRM,RELC): (  236.42126     0.65140797E-08 ) :: heat equation
REF time=  20.800 max=  1515.349 energy residual=  5.2320E-01
MAIN: 
MAIN: -------------------------------------
MAIN: Time: 59/110:   5.900E+00
MAIN: Estimated time left:  2.1 minutes
MAIN: -------------------------------------
MAIN: 
ComputeChange: NS (ITER=1) (NRM,RELC): (  236.53371     0.47552649E-03 ) :: heat equation
ComputeChange: NS (ITER=2) (NRM,RELC): (  236.53429     0.24459289E-05 ) :: heat equation
ComputeChange: NS (ITER=3) (NRM,RELC): (  236.53422     0.29393784E-06 ) :: heat equation
ComputeChange: NS (ITER=4) (NRM,RELC): (  236.53423     0.10567682E-07 ) :: heat equation
ComputeChange: NS (ITER=5) (NRM,RELC): (  236.53423     0.26751352E-09 ) :: heat equation
REF time=  20.900 max=  1519.016 energy residual=  5.5562E-01
MAIN: 
MAIN: -------------------------------------
MAIN: Time: 60/110:   6.000E+00
MAIN: Estimated time left:  1.7 minutes
MAIN: -------------------------------------
MAIN: 
ComputeChange: NS (ITER=1) (NRM,RELC): (  236.64562     0.47082126E-03 ) :: heat equation
ComputeChange: NS (ITER=2) (NRM,RELC): (  236.64466     0.40636189E-05 ) :: heat equation
ComputeChange: NS (ITER=3) (NRM,RELC): (  236.64454     0.46918416E-06 ) :: heat equation
ComputeChange: NS (ITER=4) (NRM,RELC): (  236.64457     0.94081082E-07 ) :: heat equation
ComputeChange: NS (ITER=5) (NRM,RELC): (  236.64456     0.18241315E-07 ) :: heat equation
ComputeChange: NS (ITER=6) (NRM,RELC): (  236.64456     0.33702463E-08 ) :: heat equation
REF time=  21.000 max=  1523.428 energy residual=  5.9288E-01
MAIN: 
MAIN: -------------------------------------
MAIN: Time: 61/110:   6.100E+00
MAIN: Estimated time left:  2.0 minutes
MAIN: -------------------------------------
MAIN: 
ComputeChange: NS (ITER=1) (NRM,RELC): (  236.75641     0.47251809E-03 ) :: heat equation
ComputeChange: NS (ITER=2) (NRM,RELC): (  236.74817     0.34788314E-04 ) :: heat equation
ComputeChange: NS (ITER=3) (NRM,RELC): (  236.74831     0.57014147E-06 ) :: heat equation
ComputeChange: NS (ITER=4) (NRM,RELC): (  236.74826     0.18297004E-06 ) :: heat equation
ComputeChange: NS (ITER=5) (NRM,RELC): (  236.74827     0.14888714E-07 ) :: heat equation
ComputeChange: NS (ITER=6) (NRM,RELC): (  236.74827     0.23712028E-08 ) :: heat equation
REF time=  21.100 max=  1527.816 energy residual=  6.0922E-01
MAIN: 
MAIN: -------------------------------------
MAIN: Time: 62/110:   6.200E+00
MAIN: Estimated time left:  1.9 minutes
MAIN: -------------------------------------
MAIN: 
ComputeChange: NS (ITER=1) (NRM,RELC): (  236.84528     0.40969035E-03 ) :: heat equation
ComputeChange: NS (ITER=2) (NRM,RELC): (  236.84528     0.12110534E-07 ) :: heat equation
ComputeChange: NS (ITER=3) (NRM,RELC): (  236.84511     0.75135829E-06 ) :: heat equation
ComputeChange: NS (ITER=4) (NRM,RELC): (  236.84513     0.10401509E-06 ) :: heat equation
ComputeChange: NS (ITER=5) (NRM,RELC): (  236.84513     0.13793140E-07 ) :: heat equation
ComputeChange: NS (ITER=6) (NRM,RELC): (  236.84513     0.16687756E-08 ) :: heat equation
REF time=  21.200 max=  1531.084 energy residual=  6.2029E-01
MAIN: 
MAIN: -------------------------------------
MAIN: Time: 63/110:   6.300E+00
MAIN: Estimated time left:  1.8 minutes
MAIN: -------------------------------------
MAIN: 
ComputeChange: NS (ITER=1) (NRM,RELC): (  236.94225     0.40998852E-03 ) :: heat equation
ComputeChange: NS (ITER=2) (NRM,RELC): (  236.93301     0.39013280E-04 ) :: heat equation
ComputeChange: NS (ITER=3) (NRM,RELC): (  236.93289     0.50185630E-06 ) :: heat equation
ComputeChange: NS (ITER=4) (NRM,RELC): (  236.93285     0.15670638E-06 ) :: heat equation
ComputeChange: NS (ITER=5) (NRM,RELC): (  236.93285     0.63983948E-08 ) :: heat equation
REF time=  21.300 max=  1533.219 energy residual=  6.0705E-01
MAIN: 
MAIN: -------------------------------------
MAIN: Time: 64/110:   6.400E+00
MAIN: Estimated time left:  1.6 minutes
MAIN: -------------------------------------
MAIN: 
ComputeChange: NS (ITER=1) (NRM,RELC): (  237.61880     0.28909489E-02 ) :: heat equation
ComputeChange: NS (ITER=2) (NRM,RELC): (  237.59473     0.10130543E-03 ) :: heat equation
ComputeChange: NS (ITER=3) (NRM,RELC): (  237.59764     0.12256812E-04 ) :: heat equation
ComputeChange: NS (ITER=4) (NRM,RELC): (  237.59708     0.23808916E-05 ) :: heat equation
ComputeChange: NS (ITER=5) (NRM,RELC): (  237.59722     0.62135560E-06 ) :: heat equation
ComputeChange: NS (ITER=6) (NRM,RELC): (  237.59719     0.15844535E-06 ) :: heat equation
ComputeChange: NS (ITER=7) (NRM,RELC): (  237.59720     0.41643261E-07 ) :: heat equation
ComputeChange: NS (ITER=8) (NRM,RELC): (  237.59719     0.10908162E-07 ) :: heat equation
ComputeChange: NS (ITER=9) (NRM,RELC): (  237.59720     0.28002983E-08 ) :: heat equation
REF time=  21.400 max=  1553.749 energy residual=  5.8598E-01
MAIN: 
MAIN: -------------------------------------
MAIN: Time: 65/110:   6.500E+00
MAIN: Estimated time left:  2.7 minutes
MAIN: -------------------------------------
MAIN: 
ComputeChange: NS (ITER=1) (NRM,RELC): (  238.15178     0.23314327E-02 ) :: heat equation
ComputeChange: NS (ITER=2) (NRM,RELC): (  238.13918     0.52914231E-04 ) :: heat equation
ComputeChange: NS (ITER=3) (NRM,RELC): (  238.13958     0.16652545E-05 ) :: heat equation
ComputeChange: NS (ITER=4) (NRM,RELC): (  238.13956     0.73019617E-07 ) :: heat equation
ComputeChange: NS (ITER=5) (NRM,RELC): (  238.13956     0.32222186E-08 ) :: heat equation
REF time=  21.500 max=  1562.625 energy residual=  5.6158E-01
MAIN: 
MAIN: -------------------------------------
MAIN: Time: 66/110:   6.600E+00
MAIN: Estimated time left:  1.5 minutes
MAIN: -------------------------------------
MAIN: 
ComputeChange: NS (ITER=1) (NRM,RELC): (  238.49021     0.14713559E-02 ) :: heat equation
ComputeChange: NS (ITER=2) (NRM,RELC): (  238.48356     0.27881031E-04 ) :: heat equation
ComputeChange: NS (ITER=3) (NRM,RELC): (  238.48345     0.43766999E-06 ) :: heat equation
ComputeChange: NS (ITER=4) (NRM,RELC): (  238.48345     0.11409304E-07 ) :: heat equation
ComputeChange: NS (ITER=5) (NRM,RELC): (  238.48345     0.35668789E-09 ) :: heat equation
REF time=  21.600 max=  1565.578 energy residual=  5.4610E-01
MAIN: 
MAIN: -------------------------------------
MAIN: Time: 67/110:   6.700E+00
MAIN: Estimated time left:  1.4 minutes
MAIN: -------------------------------------
MAIN: 
ComputeChange: NS (ITER=1) (NRM,RELC): (  238.72719     0.10214956E-02 ) :: heat equation
ComputeChange: NS (ITER=2) (NRM,RELC): (  238.72510     0.87242860E-05 ) :: heat equation
ComputeChange: NS (ITER=3) (NRM,RELC): (  238.72511     0.24364439E-07 ) :: heat equation
ComputeChange: NS (ITER=4) (NRM,RELC): (  238.72511     0.10720596E-09 ) :: heat equation
REF time=  21.700 max=  1563.457 energy residual=  5.4566E-01
MAIN: 
MAIN: -------------------------------------
MAIN: Time: 68/110:   6.800E+00
MAIN: Estimated time left:  1.2 minutes
MAIN: -------------------------------------
MAIN: 
ComputeChange: NS (ITER=1) (NRM,RELC): (  238.91496     0.79497112E-03 ) :: heat equation
ComputeChange: NS (ITER=2) (NRM,RELC): (  238.91478     0.75483749E-06 ) :: heat equation
ComputeChange: NS (ITER=3) (NRM,RELC): (  238.91494     0.64842207E-06 ) :: heat equation
ComputeChange: NS (ITER=4) (NRM,RELC): (  238.91495     0.50073643E-07 ) :: heat equation
ComputeChange: NS (ITER=5) (NRM,RELC): (  238.91495     0.40029280E-08 ) :: heat equation
REF time=  21.800 max=  1557.633 energy residual=  5.5751E-01
MAIN: 
MAIN: -------------------------------------
MAIN: Time: 69/110:   6.900E+00
MAIN: Estimated time left:  1.0 minutes
MAIN: -------------------------------------
MAIN: 
ComputeChange: NS (ITER=1) (NRM,RELC): (  239.07678     0.67713723E-03 ) :: heat equation
ComputeChange: NS (ITER=2) (NRM,RELC): (  239.07479     0.83319153E-05 ) :: heat equation
ComputeChange: NS (ITER=3) (NRM,RELC): (  239.07480     0.23566026E-07 ) :: heat equation
ComputeChange: NS (ITER=4) (NRM,RELC): (  239.07480     0.11076481E-09 ) :: heat equation
REF time=  21.900 max=  1549.005 energy residual=  5.7926E-01
MAIN: 
MAIN: -------------------------------------
MAIN: Time: 70/110:   7.000E+00
MAIN: Estimated time left: 53.2 seconds
MAIN: -------------------------------------
MAIN: 
ComputeChange: NS (ITER=1) (NRM,RELC): (  239.21646     0.59237706E-03 ) :: heat equation
ComputeChange: NS (ITER=2) (NRM,RELC): (  239.21409     0.99101236E-05 ) :: heat equation
ComputeChange: NS (ITER=3) (NRM,RELC): (  239.21403     0.23880474E-06 ) :: heat equation
ComputeChange: NS (ITER=4) (NRM,RELC): (  239.21403     0.37935204E-07 ) :: heat equation
ComputeChange: NS (ITER=5) (NRM,RELC): (  239.21402     0.53693137E-08 ) :: heat equation
REF time=  22.000 max=  1538.120 energy residual=  6.0833E-01
MAIN: 
MAIN: -------------------------------------
MAIN: Time: 71/110:   7.100E+00
MAIN: Estimated time left:  1.1 minutes
MAIN: -------------------------------------
MAIN: 
ComputeChange: NS (ITER=1) (NRM,RELC): (  239.34131     0.53193814E-03 ) :: heat equation
ComputeChange: NS (ITER=2) (NRM,RELC): (  239.33559     0.23887546E-04 ) :: heat equation
ComputeChange: NS (ITER=3) (NRM,RELC): (  239.33534     0.10498387E-05 ) :: heat equation
ComputeChange: NS (ITER=4) (NRM,RELC): (  239.33532     0.64450028E-07 ) :: heat equation
ComputeChange: NS (ITER=5) (NRM,RELC): (  239.33532     0.38349549E-08 ) :: heat equation
REF time=  22.100 max=  1523.920 energy residual=  6.3963E-01
MAIN: 
MAIN: -------------------------------------
MAIN: Time: 72/110:   7.200E+00
MAIN: Estimated time left:  1.2 minutes
MAIN: -------------------------------------
MAIN: 
ComputeChange: NS (ITER=1) (NRM,RELC): (  239.45048     0.48106598E-03 ) :: heat equation
ComputeChange: NS (ITER=2) (NRM,RELC): (  239.44372     0.28232033E-04 ) :: heat equation
ComputeChange: NS (ITER=3) (NRM,RELC): (  239.44328     0.18503938E-05 ) :: heat equation
ComputeChange: NS (ITER=4) (NRM,RELC): (  239.44327     0.41828865E-07 ) :: heat equation
ComputeChange: NS (ITER=5) (NRM,RELC): (  239.44327     0.11576052E-07 ) :: heat equation
ComputeChange: NS (ITER=6) (NRM,RELC): (  239.44327     0.50643759E-09 ) :: heat equation
REF time=  22.200 max=  1518.993 energy residual=  6.7187E-01
MAIN: 
MAIN: -------------------------------------
MAIN: Time: 73/110:   7.300E+00
MAIN: Estimated time left:  1.3 minutes
MAIN: -------------------------------------
MAIN: 
ComputeChange: NS (ITER=1) (NRM,RELC): (  239.54929     0.44267440E-03 ) :: heat equation
ComputeChange: NS (ITER=2) (NRM,RELC): (  239.54770     0.66245082E-05 ) :: heat equation
ComputeChange: NS (ITER=3) (NRM,RELC): (  239.54770     0.94021154E-08 ) :: heat equation
REF time=  22.300 max=  1523.780 energy residual=  7.0735E-01
MAIN: 
MAIN: -------------------------------------
MAIN: Time: 74/110:   7.400E+00
MAIN: Estimated time left: 49.9 seconds
MAIN: -------------------------------------
MAIN: 
ComputeChange: NS (ITER=1) (NRM,RELC): (  239.65050     0.42904361E-03 ) :: heat equation
ComputeChange: NS (ITER=2) (NRM,RELC): (  239.65002     0.20083536E-05 ) :: heat equation
ComputeChange: NS (ITER=3) (NRM,RELC): (  239.65001     0.30932904E-07 ) :: heat equation
ComputeChange: NS (ITER=4) (NRM,RELC): (  239.64996     0.19883364E-06 ) :: heat equation
ComputeChange: NS (ITER=5) (NRM,RELC): (  239.64997     0.11371964E-07 ) :: heat equation
ComputeChange: NS (ITER=6) (NRM,RELC): (  239.64997     0.59885871E-08 ) :: heat equation
REF time=  22.400 max=  1528.267 energy residual=  7.4064E-01
MAIN: 
MAIN: -------------------------------------
MAIN: Time: 75/110:   7.500E+00
MAIN: Estimated time left:  1.5 minutes
MAIN: -------------------------------------
MAIN: 
ComputeChange: NS (ITER=1) (NRM,RELC): (  239.74099     0.37973346E-03 ) :: heat equation
ComputeChange: NS (ITER=2) (NRM,RELC): (  239.73953     0.60894768E-05 ) :: heat equation
ComputeChange: NS (ITER=3) (NRM,RELC): (  239.73953     0.91788142E-08 ) :: heat equation
REF time=  22.500 max=  1532.100 energy residual=  7.4989E-01
MAIN: 
MAIN: -------------------------------------
MAIN: Time: 76/110:   7.600E+00
MAIN: Estimated time left: 30.8 seconds
MAIN: -------------------------------------
MAIN: 
ComputeChange: NS (ITER=1) (NRM,RELC): (  239.83064     0.37998883E-03 ) :: heat equation
ComputeChange: NS (ITER=2) (NRM,RELC): (  239.82708     0.14877935E-04 ) :: heat equation
ComputeChange: NS (ITER=3) (NRM,RELC): (  239.82723     0.65288608E-06 ) :: heat equation
ComputeChange: NS (ITER=4) (NRM,RELC): (  239.82719     0.19445883E-06 ) :: heat equation
ComputeChange: NS (ITER=5) (NRM,RELC): (  239.82719     0.10421681E-07 ) :: heat equation
ComputeChange: NS (ITER=6) (NRM,RELC): (  239.82719     0.34399446E-08 ) :: heat equation
REF time=  22.600 max=  1534.367 energy residual=  7.5071E-01
MAIN: 
MAIN: -------------------------------------
MAIN: Time: 77/110:   7.700E+00
MAIN: Estimated time left: 57.8 seconds
MAIN: -------------------------------------
MAIN: 
ComputeChange: NS (ITER=1) (NRM,RELC): (  240.34528     0.21579213E-02 ) :: heat equation
ComputeChange: NS (ITER=2) (NRM,RELC): (  240.33079     0.60277232E-04 ) :: heat equation
ComputeChange: NS (ITER=3) (NRM,RELC): (  240.33190     0.46155752E-05 ) :: heat equation
ComputeChange: NS (ITER=4) (NRM,RELC): (  240.33177     0.55117358E-06 ) :: heat equation
ComputeChange: NS (ITER=5) (NRM,RELC): (  240.33178     0.81331945E-07 ) :: heat equation
ComputeChange: NS (ITER=6) (NRM,RELC): (  240.33178     0.10331926E-07 ) :: heat equation
ComputeChange: NS (ITER=7) (NRM,RELC): (  240.33178     0.15990510E-08 ) :: heat equation
REF time=  22.700 max=  1547.601 energy residual=  7.3047E-01
MAIN: 
MAIN: -------------------------------------
MAIN: Time: 78/110:   7.800E+00
MAIN: Estimated time left:  1.0 minutes
MAIN: -------------------------------------
MAIN: 
ComputeChange: NS (ITER=1) (NRM,RELC): (  240.91364     0.24181215E-02 ) :: heat equation
ComputeChange: NS (ITER=2) (NRM,RELC): (  240.89272     0.86834792E-04 ) :: heat equation
ComputeChange: NS (ITER=3) (NRM,RELC): (  240.89353     0.33663834E-05 ) :: heat equation
ComputeChange: NS (ITER=4) (NRM,RELC): (  240.89344     0.39141978E-06 ) :: heat equation
ComputeChange: NS (ITER=5) (NRM,RELC): (  240.89344     0.30717118E-07 ) :: heat equation
ComputeChange: NS (ITER=6) (NRM,RELC): (  240.89344     0.28728301E-08 ) :: heat equation
REF time=  22.800 max=  1561.774 energy residual=  6.9933E-01
MAIN: 
MAIN: -------------------------------------
MAIN: Time: 79/110:   7.900E+00
MAIN: Estimated time left: 54.3 seconds
MAIN: -------------------------------------
MAIN: 
ComputeChange: NS (ITER=1) (NRM,RELC): (  241.28244     0.16135067E-02 ) :: heat equation
ComputeChange: NS (ITER=2) (NRM,RELC): (  241.27769     0.19680387E-04 ) :: heat equation
ComputeChange: NS (ITER=3) (NRM,RELC): (  241.27749     0.81252860E-06 ) :: heat equation
ComputeChange: NS (ITER=4) (NRM,RELC): (  241.27747     0.92622195E-07 ) :: heat equation
ComputeChange: NS (ITER=5) (NRM,RELC): (  241.27747     0.98435796E-08 ) :: heat equation
REF time=  22.900 max=  1566.567 energy residual=  6.8036E-01
MAIN: 
MAIN: -------------------------------------
MAIN: Time: 80/110:   8.000E+00
MAIN: Estimated time left: 41.5 seconds
MAIN: -------------------------------------
MAIN: 
ComputeChange: NS (ITER=1) (NRM,RELC): (  241.53936     0.10848450E-02 ) :: heat equation
ComputeChange: NS (ITER=2) (NRM,RELC): (  241.53724     0.87817403E-05 ) :: heat equation
ComputeChange: NS (ITER=3) (NRM,RELC): (  241.53725     0.24341014E-07 ) :: heat equation
ComputeChange: NS (ITER=4) (NRM,RELC): (  241.53725     0.52747501E-10 ) :: heat equation
REF time=  23.000 max=  1566.262 energy residual=  6.7379E-01
MAIN: 
MAIN: -------------------------------------
MAIN: Time: 81/110:   8.100E+00
MAIN: Estimated time left: 35.3 seconds
MAIN: -------------------------------------
MAIN: 
ComputeChange: NS (ITER=1) (NRM,RELC): (  241.73446     0.81616255E-03 ) :: heat equation
ComputeChange: NS (ITER=2) (NRM,RELC): (  241.73390     0.23003947E-05 ) :: heat equation
ComputeChange: NS (ITER=3) (NRM,RELC): (  241.73405     0.60854183E-06 ) :: heat equation
ComputeChange: NS (ITER=4) (NRM,RELC): (  241.73406     0.56486041E-07 ) :: heat equation
ComputeChange: NS (ITER=5) (NRM,RELC): (  241.73407     0.54389294E-08 ) :: heat equation
REF time=  23.100 max=  1561.681 energy residual=  6.8120E-01
MAIN: 
MAIN: -------------------------------------
MAIN: Time: 82/110:   8.200E+00
MAIN: Estimated time left: 41.8 seconds
MAIN: -------------------------------------
MAIN: 
ComputeChange: NS (ITER=1) (NRM,RELC): (  241.89810     0.67835583E-03 ) :: heat equation
ComputeChange: NS (ITER=2) (NRM,RELC): (  241.89613     0.81709464E-05 ) :: heat equation
ComputeChange: NS (ITER=3) (NRM,RELC): (  241.89613     0.23445263E-07 ) :: heat equation
ComputeChange: NS (ITER=4) (NRM,RELC): (  241.89613     0.10865080E-09 ) :: heat equation
REF time=  23.200 max=  1553.986 energy residual=  6.9940E-01
MAIN: 
MAIN: -------------------------------------
MAIN: Time: 83/110:   8.300E+00
MAIN: Estimated time left: 32.8 seconds
MAIN: -------------------------------------
MAIN: 
ComputeChange: NS (ITER=1) (NRM,RELC): (  242.03697     0.58205792E-03 ) :: heat equation
ComputeChange: NS (ITER=2) (NRM,RELC): (  242.03504     0.79799048E-05 ) :: heat equation
ComputeChange: NS (ITER=3) (NRM,RELC): (  242.03504     0.22499086E-07 ) :: heat equation
ComputeChange: NS (ITER=4) (NRM,RELC): (  242.03504     0.10606808E-09 ) :: heat equation
REF time=  23.300 max=  1543.861 energy residual=  7.2647E-01
MAIN: 
MAIN: -------------------------------------
MAIN: Time: 84/110:   8.400E+00
MAIN: Estimated time left: 31.1 seconds
MAIN: -------------------------------------
MAIN: 
ComputeChange: NS (ITER=1) (NRM,RELC): (  242.16173     0.52328008E-03 ) :: heat equation
ComputeChange: NS (ITER=2) (NRM,RELC): (  242.15768     0.16738450E-04 ) :: heat equation
ComputeChange: NS (ITER=3) (NRM,RELC): (  242.15743     0.10037582E-05 ) :: heat equation
ComputeChange: NS (ITER=4) (NRM,RELC): (  242.15740     0.14614651E-06 ) :: heat equation
ComputeChange: NS (ITER=5) (NRM,RELC): (  242.15739     0.24236384E-07 ) :: heat equation
ComputeChange: NS (ITER=6) (NRM,RELC): (  242.15739     0.42470104E-08 ) :: heat equation
REF time=  23.400 max=  1531.374 energy residual=  7.5826E-01
MAIN: 
MAIN: -------------------------------------
MAIN: Time: 85/110:   8.500E+00
MAIN: Estimated time left: 42.7 seconds
MAIN: -------------------------------------
MAIN: 
ComputeChange: NS (ITER=1) (NRM,RELC): (  242.26788     0.45615451E-03 ) :: heat equation
ComputeChange: NS (ITER=2) (NRM,RELC): (  242.26450     0.13925216E-04 ) :: heat equation
ComputeChange: NS (ITER=3) (NRM,RELC): (  242.26420     0.12412427E-05 ) :: heat equation
ComputeChange: NS (ITER=4) (NRM,RELC): (  242.26415     0.22911173E-06 ) :: heat equation
ComputeChange: NS (ITER=5) (NRM,RELC): (  242.26414     0.41620483E-07 ) :: heat equation
ComputeChange: NS (ITER=6) (NRM,RELC): (  242.26414     0.74634300E-08 ) :: heat equation
REF time=  23.500 max=  1518.484 energy residual=  7.9077E-01
MAIN: 
MAIN: -------------------------------------
MAIN: Time: 86/110:   8.600E+00
MAIN: Estimated time left: 40.7 seconds
MAIN: -------------------------------------
MAIN: 
ComputeChange: NS (ITER=1) (NRM,RELC): (  242.36184     0.40320158E-03 ) :: heat equation
ComputeChange: NS (ITER=2) (NRM,RELC): (  242.36259     0.30946142E-05 ) :: heat equation
ComputeChange: NS (ITER=3) (NRM,RELC): (  242.36253     0.24891381E-06 ) :: heat equation
ComputeChange: NS (ITER=4) (NRM,RELC): (  242.36253     0.75273946E-08 ) :: heat equation
REF time=  23.600 max=  1523.756 energy residual=  8.2477E-01
MAIN: 
MAIN: -------------------------------------
MAIN: Time: 87/110:   8.700E+00
MAIN: Estimated time left: 26.2 seconds
MAIN: -------------------------------------
MAIN: 
ComputeChange: NS (ITER=1) (NRM,RELC): (  242.46039     0.40369249E-03 ) :: heat equation
ComputeChange: NS (ITER=2) (NRM,RELC): (  242.46076     0.15184747E-05 ) :: heat equation
ComputeChange: NS (ITER=3) (NRM,RELC): (  242.46076     0.14009682E-07 ) :: heat equation
ComputeChange: NS (ITER=4) (NRM,RELC): (  242.46076     0.21699972E-07 ) :: heat equation
ComputeChange: NS (ITER=5) (NRM,RELC): (  242.46076     0.12614304E-08 ) :: heat equation
REF time=  23.700 max=  1528.344 energy residual=  8.6364E-01
MAIN: 
MAIN: -------------------------------------
MAIN: Time: 88/110:   8.800E+00
MAIN: Estimated time left: 31.2 seconds
MAIN: -------------------------------------
MAIN: 
ComputeChange: NS (ITER=1) (NRM,RELC): (  242.55727     0.39795209E-03 ) :: heat equation
ComputeChange: NS (ITER=2) (NRM,RELC): (  242.54762     0.39799283E-04 ) :: heat equation
ComputeChange: NS (ITER=3) (NRM,RELC): (  242.54752     0.41225723E-06 ) :: heat equation
ComputeChange: NS (ITER=4) (NRM,RELC): (  242.54750     0.76525806E-07 ) :: heat equation
ComputeChange: NS (ITER=5) (NRM,RELC): (  242.54750     0.57658126E-08 ) :: heat equation
REF time=  23.800 max=  1532.472 energy residual=  8.8163E-01
MAIN: 
MAIN: -------------------------------------
MAIN: Time: 89/110:   8.900E+00
MAIN: Estimated time left: 30.1 seconds
MAIN: -------------------------------------
MAIN: 
ComputeChange: NS (ITER=1) (NRM,RELC): (  242.63322     0.35337548E-03 ) :: heat equation
ComputeChange: NS (ITER=2) (NRM,RELC): (  242.63115     0.85328773E-05 ) :: heat equation
ComputeChange: NS (ITER=3) (NRM,RELC): (  242.63123     0.32817674E-06 ) :: heat equation
ComputeChange: NS (ITER=4) (NRM,RELC): (  242.63122     0.65005199E-07 ) :: heat equation
ComputeChange: NS (ITER=5) (NRM,RELC): (  242.63122     0.16116105E-07 ) :: heat equation
ComputeChange: NS (ITER=6) (NRM,RELC): (  242.63122     0.37613184E-08 ) :: heat equation
REF time=  23.900 max=  1535.356 energy residual=  8.8981E-01
MAIN: 
MAIN: -------------------------------------
MAIN: Time: 90/110:   9.000E+00
MAIN: Estimated time left: 34.4 seconds
MAIN: -------------------------------------
MAIN: 
ComputeChange: NS (ITER=1) (NRM,RELC): (  242.71297     0.33687235E-03 ) :: heat equation
ComputeChange: NS (ITER=2) (NRM,RELC): (  242.70524     0.31861150E-04 ) :: heat equation
ComputeChange: NS (ITER=3) (NRM,RELC): (  242.70502     0.90195511E-06 ) :: heat equation
ComputeChange: NS (ITER=4) (NRM,RELC): (  242.70497     0.17698986E-06 ) :: heat equation
ComputeChange: NS (ITER=5) (NRM,RELC): (  242.70498     0.20820294E-08 ) :: heat equation
REF time=  24.000 max=  1537.280 energy residual=  8.7700E-01
MAIN: 
MAIN: -------------------------------------
MAIN: Time: 91/110:   9.100E+00
MAIN: Estimated time left: 26.8 seconds
MAIN: -------------------------------------
MAIN: 
ComputeChange: NS (ITER=1) (NRM,RELC): (  243.55144     0.34815630E-02 ) :: heat equation
ComputeChange: NS (ITER=2) (NRM,RELC): (  243.52294     0.11703546E-03 ) :: heat equation
ComputeChange: NS (ITER=3) (NRM,RELC): (  243.52523     0.94107742E-05 ) :: heat equation
ComputeChange: NS (ITER=4) (NRM,RELC): (  243.52493     0.12308887E-05 ) :: heat equation
ComputeChange: NS (ITER=5) (NRM,RELC): (  243.52498     0.19883901E-06 ) :: heat equation
ComputeChange: NS (ITER=6) (NRM,RELC): (  243.52497     0.33319667E-07 ) :: heat equation
ComputeChange: NS (ITER=7) (NRM,RELC): (  243.52497     0.50731690E-08 ) :: heat equation
REF time=  24.100 max=  1559.918 energy residual=  8.5055E-01
MAIN: 
MAIN: -------------------------------------
MAIN: Time: 92/110:   9.200E+00
MAIN: Estimated time left: 52.1 seconds
MAIN: -------------------------------------
MAIN: 
ComputeChange: NS (ITER=1) (NRM,RELC): (  243.97363     0.18406526E-02 ) :: heat equation
ComputeChange: NS (ITER=2) (NRM,RELC): (  243.96984     0.15516980E-04 ) :: heat equation
ComputeChange: NS (ITER=3) (NRM,RELC): (  243.96986     0.73184275E-07 ) :: heat equation
ComputeChange: NS (ITER=4) (NRM,RELC): (  243.96986     0.42687132E-09 ) :: heat equation
REF time=  24.200 max=  1566.788 energy residual=  8.2785E-01
MAIN: 
MAIN: -------------------------------------
MAIN: Time: 93/110:   9.300E+00
MAIN: Estimated time left: 28.9 seconds
MAIN: -------------------------------------
MAIN: 
ComputeChange: NS (ITER=1) (NRM,RELC): (  244.26319     0.12015990E-02 ) :: heat equation
ComputeChange: NS (ITER=2) (NRM,RELC): (  244.25630     0.28225557E-04 ) :: heat equation
ComputeChange: NS (ITER=3) (NRM,RELC): (  244.25628     0.62609706E-07 ) :: heat equation
ComputeChange: NS (ITER=4) (NRM,RELC): (  244.25628     0.44977091E-09 ) :: heat equation
REF time=  24.300 max=  1568.407 energy residual=  8.1501E-01
MAIN: 
MAIN: -------------------------------------
MAIN: Time: 94/110:   9.400E+00
MAIN: Estimated time left: 25.7 seconds
MAIN: -------------------------------------
MAIN: 
ComputeChange: NS (ITER=1) (NRM,RELC): (  244.46472     0.85299171E-03 ) :: heat equation
ComputeChange: NS (ITER=2) (NRM,RELC): (  244.46361     0.45590008E-05 ) :: heat equation
ComputeChange: NS (ITER=3) (NRM,RELC): (  244.46372     0.44833840E-06 ) :: heat equation
ComputeChange: NS (ITER=4) (NRM,RELC): (  244.46373     0.49234484E-07 ) :: heat equation
ComputeChange: NS (ITER=5) (NRM,RELC): (  244.46373     0.56884720E-08 ) :: heat equation
REF time=  24.400 max=  1565.143 energy residual=  8.1779E-01
MAIN: 
MAIN: -------------------------------------
MAIN: Time: 95/110:   9.500E+00
MAIN: Estimated time left: 33.4 seconds
MAIN: -------------------------------------
MAIN: 
ComputeChange: NS (ITER=1) (NRM,RELC): (  244.63201     0.68814750E-03 ) :: heat equation
ComputeChange: NS (ITER=2) (NRM,RELC): (  244.63002     0.81470414E-05 ) :: heat equation
ComputeChange: NS (ITER=3) (NRM,RELC): (  244.63003     0.23743124E-07 ) :: heat equation
ComputeChange: NS (ITER=4) (NRM,RELC): (  244.63003     0.10855911E-09 ) :: heat equation
REF time=  24.500 max=  1558.430 energy residual=  8.3212E-01
MAIN: 
MAIN: -------------------------------------
MAIN: Time: 96/110:   9.600E+00
MAIN: Estimated time left: 25.0 seconds
MAIN: -------------------------------------
MAIN: 
ComputeChange: NS (ITER=1) (NRM,RELC): (  244.77122     0.57700833E-03 ) :: heat equation
ComputeChange: NS (ITER=2) (NRM,RELC): (  244.76932     0.77556190E-05 ) :: heat equation
ComputeChange: NS (ITER=3) (NRM,RELC): (  244.76933     0.22371816E-07 ) :: heat equation
ComputeChange: NS (ITER=4) (NRM,RELC): (  244.76933     0.10427871E-09 ) :: heat equation
REF time=  24.600 max=  1549.084 energy residual=  8.5632E-01
MAIN: 
MAIN: -------------------------------------
MAIN: Time: 97/110:   9.700E+00
MAIN: Estimated time left: 23.1 seconds
MAIN: -------------------------------------
MAIN: 
ComputeChange: NS (ITER=1) (NRM,RELC): (  244.89431     0.51050165E-03 ) :: heat equation
ComputeChange: NS (ITER=2) (NRM,RELC): (  244.89214     0.88783004E-05 ) :: heat equation
ComputeChange: NS (ITER=3) (NRM,RELC): (  244.89210     0.16685150E-06 ) :: heat equation
ComputeChange: NS (ITER=4) (NRM,RELC): (  244.89209     0.30510188E-07 ) :: heat equation
ComputeChange: NS (ITER=5) (NRM,RELC): (  244.89209     0.48181020E-08 ) :: heat equation
REF time=  24.700 max=  1537.610 energy residual=  8.8754E-01
MAIN: 
MAIN: -------------------------------------
MAIN: Time: 98/110:   9.800E+00
MAIN: Estimated time left: 25.8 seconds
MAIN: -------------------------------------
MAIN: 
ComputeChange: NS (ITER=1) (NRM,RELC): (  245.00471     0.45977296E-03 ) :: heat equation
ComputeChange: NS (ITER=2) (NRM,RELC): (  244.99935     0.21903656E-04 ) :: heat equation
ComputeChange: NS (ITER=3) (NRM,RELC): (  244.99906     0.11621563E-05 ) :: heat equation
ComputeChange: NS (ITER=4) (NRM,RELC): (  244.99904     0.86917987E-07 ) :: heat equation
ComputeChange: NS (ITER=5) (NRM,RELC): (  244.99904     0.63403956E-08 ) :: heat equation
REF time=  24.800 max=  1522.948 energy residual=  9.2040E-01
MAIN: 
MAIN: -------------------------------------
MAIN: Time: 99/110:   9.900E+00
MAIN: Estimated time left: 24.2 seconds
MAIN: -------------------------------------
MAIN: 
ComputeChange: NS (ITER=1) (NRM,RELC): (  245.10047     0.41390590E-03 ) :: heat equation
ComputeChange: NS (ITER=2) (NRM,RELC): (  245.09412     0.25908566E-04 ) :: heat equation
ComputeChange: NS (ITER=3) (NRM,RELC): (  245.09363     0.19633268E-05 ) :: heat equation
ComputeChange: NS (ITER=4) (NRM,RELC): (  245.09362     0.48891714E-07 ) :: heat equation
ComputeChange: NS (ITER=5) (NRM,RELC): (  245.09362     0.12302222E-07 ) :: heat equation
ComputeChange: NS (ITER=6) (NRM,RELC): (  245.09362     0.30114356E-09 ) :: heat equation
REF time=  24.900 max=  1523.306 energy residual=  9.5446E-01
MAIN: 
MAIN: -------------------------------------
MAIN: Time: 100/110:   1.000E+01
MAIN: Estimated time left: 27.2 seconds
MAIN: -------------------------------------
MAIN: 
ComputeChange: NS (ITER=1) (NRM,RELC): (  245.18673     0.37981282E-03 ) :: heat equation
ComputeChange: NS (ITER=2) (NRM,RELC): (  245.18675     0.99413489E-07 ) :: heat equation
ComputeChange: NS (ITER=3) (NRM,RELC): (  245.18682     0.27767290E-06 ) :: heat equation
ComputeChange: NS (ITER=4) (NRM,RELC): (  245.18682     0.10780911E-07 ) :: heat equation
ComputeChange: NS (ITER=5) (NRM,RELC): (  245.18682     0.46371990E-09 ) :: heat equation
REF time=  25.000 max=  1528.133 energy residual=  9.9149E-01
MAIN: 
MAIN: -------------------------------------
MAIN: Time: 101/110:   1.010E+01
MAIN: Estimated time left: 17.5 seconds
MAIN: -------------------------------------
MAIN: 
ComputeChange: NS (ITER=1) (NRM,RELC): (  245.27880     0.37507712E-03 ) :: heat equation
ComputeChange: NS (ITER=2) (NRM,RELC): (  245.27208     0.27411653E-04 ) :: heat equation
ComputeChange: NS (ITER=3) (NRM,RELC): (  245.27226     0.72798023E-06 ) :: heat equation
ComputeChange: NS (ITER=4) (NRM,RELC): (  245.27223     0.95570530E-07 ) :: heat equation
ComputeChange: NS (ITER=5) (NRM,RELC): (  245.27224     0.23678018E-08 ) :: heat equation
REF time=  25.100 max=  1532.519 energy residual=  1.0225E+00
MAIN: 
MAIN: -------------------------------------
MAIN: Time: 102/110:   1.020E+01
MAIN: Estimated time left: 13.8 seconds
MAIN: -------------------------------------
MAIN: 
ComputeChange: NS (ITER=1) (NRM,RELC): (  245.35598     0.34136467E-03 ) :: heat equation
ComputeChange: NS (ITER=2) (NRM,RELC): (  245.35066     0.21682247E-04 ) :: heat equation
ComputeChange: NS (ITER=3) (NRM,RELC): (  245.35076     0.43987166E-06 ) :: heat equation
ComputeChange: NS (ITER=4) (NRM,RELC): (  245.35074     0.81780287E-07 ) :: heat equation
ComputeChange: NS (ITER=5) (NRM,RELC): (  245.35075     0.10498079E-07 ) :: heat equation
ComputeChange: NS (ITER=6) (NRM,RELC): (  245.35075     0.13113378E-08 ) :: heat equation
REF time=  25.200 max=  1536.024 energy residual=  1.0312E+00
MAIN: 
MAIN: -------------------------------------
MAIN: Time: 103/110:   1.030E+01
MAIN: Estimated time left: 14.3 seconds
MAIN: -------------------------------------
MAIN: 
ComputeChange: NS (ITER=1) (NRM,RELC): (  245.43112     0.32754616E-03 ) :: heat equation
ComputeChange: NS (ITER=2) (NRM,RELC): (  245.42474     0.26008519E-04 ) :: heat equation
ComputeChange: NS (ITER=3) (NRM,RELC): (  245.42465     0.35486373E-06 ) :: heat equation
ComputeChange: NS (ITER=4) (NRM,RELC): (  245.42459     0.24471656E-06 ) :: heat equation
ComputeChange: NS (ITER=5) (NRM,RELC): (  245.42459     0.14653500E-07 ) :: heat equation
ComputeChange: NS (ITER=6) (NRM,RELC): (  245.42459     0.63958937E-08 ) :: heat equation
REF time=  25.300 max=  1537.989 energy residual=  1.0314E+00
MAIN: 
MAIN: -------------------------------------
MAIN: Time: 104/110:   1.040E+01
MAIN: Estimated time left: 11.9 seconds
MAIN: -------------------------------------
MAIN: 
ComputeChange: NS (ITER=1) (NRM,RELC): (  246.07437     0.26440853E-02 ) :: heat equation
ComputeChange: NS (ITER=2) (NRM,RELC): (  246.05244     0.89139089E-04 ) :: heat equation
ComputeChange: NS (ITER=3) (NRM,RELC): (  246.05423     0.72918186E-05 ) :: heat equation
ComputeChange: NS (ITER=4) (NRM,RELC): (  246.05402     0.85369140E-06 ) :: heat equation
ComputeChange: NS (ITER=5) (NRM,RELC): (  246.05407     0.18268659E-06 ) :: heat equation
ComputeChange: NS (ITER=6) (NRM,RELC): (  246.05406     0.31499590E-07 ) :: heat equation
ComputeChange: NS (ITER=7) (NRM,RELC): (  246.05406     0.60301089E-08 ) :: heat equation
REF time=  25.400 max=  1556.936 energy residual=  1.0029E+00
MAIN: 
MAIN: -------------------------------------
MAIN: Time: 105/110:   1.050E+01
MAIN: Estimated time left: 11.8 seconds
MAIN: -------------------------------------
MAIN: 
ComputeChange: NS (ITER=1) (NRM,RELC): (  246.58264     0.21459133E-02 ) :: heat equation
ComputeChange: NS (ITER=2) (NRM,RELC): (  246.56462     0.73057584E-04 ) :: heat equation
ComputeChange: NS (ITER=3) (NRM,RELC): (  246.56477     0.58099643E-06 ) :: heat equation
ComputeChange: NS (ITER=4) (NRM,RELC): (  246.56476     0.28249864E-07 ) :: heat equation
ComputeChange: NS (ITER=5) (NRM,RELC): (  246.56476     0.44824537E-10 ) :: heat equation
REF time=  25.500 max=  1566.489 energy residual=  9.7700E-01
MAIN: 
MAIN: -------------------------------------
MAIN: Time: 106/110:   1.060E+01
MAIN: Estimated time left:  7.5 seconds
MAIN: -------------------------------------
MAIN: 
ComputeChange: NS (ITER=1) (NRM,RELC): (  246.89310     0.13307804E-02 ) :: heat equation
ComputeChange: NS (ITER=2) (NRM,RELC): (  246.88814     0.20097163E-04 ) :: heat equation
ComputeChange: NS (ITER=3) (NRM,RELC): (  246.88793     0.84492453E-06 ) :: heat equation
ComputeChange: NS (ITER=4) (NRM,RELC): (  246.88791     0.71156748E-07 ) :: heat equation
ComputeChange: NS (ITER=5) (NRM,RELC): (  246.88791     0.56840438E-08 ) :: heat equation
REF time=  25.600 max=  1569.558 energy residual=  9.6195E-01
MAIN: 
MAIN: -------------------------------------
MAIN: Time: 107/110:   1.070E+01
MAIN: Estimated time left:  6.7 seconds
MAIN: -------------------------------------
MAIN: 
ComputeChange: NS (ITER=1) (NRM,RELC): (  247.11099     0.90314385E-03 ) :: heat equation
ComputeChange: NS (ITER=2) (NRM,RELC): (  247.10909     0.76995016E-05 ) :: heat equation
ComputeChange: NS (ITER=3) (NRM,RELC): (  247.10911     0.87286206E-07 ) :: heat equation
ComputeChange: NS (ITER=4) (NRM,RELC): (  247.10911     0.87639637E-08 ) :: heat equation
REF time=  25.700 max=  1567.879 energy residual=  9.5994E-01
MAIN: 
MAIN: -------------------------------------
MAIN: Time: 108/110:   1.080E+01
MAIN: Estimated time left:  4.8 seconds
MAIN: -------------------------------------
MAIN: 
ComputeChange: NS (ITER=1) (NRM,RELC): (  247.28408     0.70783084E-03 ) :: heat equation
ComputeChange: NS (ITER=2) (NRM,RELC): (  247.28208     0.81000609E-05 ) :: heat equation
ComputeChange: NS (ITER=3) (NRM,RELC): (  247.28209     0.23639688E-07 ) :: heat equation
ComputeChange: NS (ITER=4) (NRM,RELC): (  247.28209     0.10676889E-09 ) :: heat equation
REF time=  25.800 max=  1562.292 energy residual=  9.7010E-01
MAIN: 
MAIN: -------------------------------------
MAIN: Time: 109/110:   1.090E+01
MAIN: Estimated time left:  3.3 seconds
MAIN: -------------------------------------
MAIN: 
ComputeChange: NS (ITER=1) (NRM,RELC): (  247.42472     0.57664543E-03 ) :: heat equation
ComputeChange: NS (ITER=2) (NRM,RELC): (  247.42283     0.76429548E-05 ) :: heat equation
ComputeChange: NS (ITER=3) (NRM,RELC): (  247.42284     0.22310919E-07 ) :: heat equation
ComputeChange: NS (ITER=4) (NRM,RELC): (  247.42284     0.10347396E-09 ) :: heat equation
REF time=  25.900 max=  1553.804 energy residual=  9.9110E-01
MAIN: 
MAIN: -------------------------------------
MAIN: Time: 110/110:   1.100E+01
MAIN: Estimated time left:  1.6 seconds
MAIN: -------------------------------------
MAIN: 
ComputeChange: NS (ITER=1) (NRM,RELC): (  247.54707     0.50196873E-03 ) :: heat equation
ComputeChange: NS (ITER=2) (NRM,RELC): (  247.54519     0.75795297E-05 ) :: heat equation
ComputeChange: NS (ITER=3) (NRM,RELC): (  247.54519     0.21465956E-07 ) :: heat equation
ComputeChange: NS (ITER=4) (NRM,RELC): (  247.54519     0.10119703E-09 ) :: heat equation
REF time=  26.000 max=  1543.036 energy residual=  1.0204E+00
MAIN: *** Elmer Solver: ALL DONE ***
MAIN: The end
SOLVER TOTAL TIME(CPU,REAL):       193.45      193.45
ELMER SOLVER FINISHED AT: 2026/09/08 10:13:09
