
************************************************************

CalculiX Version 2.23, Copyright(C) 1998-2025 Guido Dhondt
CalculiX comes with ABSOLUTELY NO WARRANTY. This is free
software, and you are welcome to redistribute it under
certain conditions, see gpl.htm

************************************************************

You are using an executable made on Fri Oct 24 20:12:25     2025
 Decascading the MPC's

 Determining the structure of the matrix:
 Using up to 4 cpu(s) for setting up the structure of the matrix.
 number of equations
 51189
 number of nonzero lower triangular matrix elements
 931081

 increment 1 attempt 1 
 increment size= 2.500000e-01
 sum of previous increments=0.000000e+00
 actual step time=2.500000e-01
 actual total time=2.500000e-01

 iteration 1

 Using up to 4 cpu(s) for the stress calculation.

 Using up to 4 cpu(s) for the symmetric stiffness/mass contributions.

 Factoring the system of equations using the symmetric spooles solver
 Using up to 4 cpu(s) for spooles.

 Using up to 4 cpu(s) for the stress calculation.

 average force= 1.250747
 time avg. forc= 1.250747
 largest residual force= 12013.429096 in node 17011 and dof 1
 largest increment of disp= 7.721644e-02
 largest correction to disp= 7.721644e-02 in node 250 and dof 1

 no convergence

 iteration 2

 Using up to 4 cpu(s) for the symmetric stiffness/mass contributions.

 Factoring the system of equations using the symmetric spooles solver
 Using up to 4 cpu(s) for spooles.

 Using up to 4 cpu(s) for the stress calculation.

 average force= 0.757154
 time avg. forc= 0.757154
 largest residual force= 11702.686201 in node 17011 and dof 1
 largest increment of disp= 7.721644e-02
 largest correction to disp= 2.499615e-02 in node 17011 and dof 1

 no convergence

 iteration 3

 Using up to 4 cpu(s) for the symmetric stiffness/mass contributions.

 Factoring the system of equations using the symmetric spooles solver
 Using up to 4 cpu(s) for spooles.

 Using up to 4 cpu(s) for the stress calculation.

 average force= 0.792254
 time avg. forc= 0.792254
 largest residual force= 11714.525315 in node 17011 and dof 1
 largest increment of disp= 7.721644e-02
 largest correction to disp= 2.652593e-02 in node 17011 and dof 1

 no convergence

 iteration 4

 Using up to 4 cpu(s) for the symmetric stiffness/mass contributions.

 Factoring the system of equations using the symmetric spooles solver
 Using up to 4 cpu(s) for spooles.

 Using up to 4 cpu(s) for the stress calculation.

 average force= 0.893073
 time avg. forc= 0.893073
 largest residual force= 11259.818694 in node 17011 and dof 1
 largest increment of disp= 7.721644e-02
 largest correction to disp= 3.449604e-02 in node 17011 and dof 1

 no convergence

 iteration 5

 Using up to 4 cpu(s) for the symmetric stiffness/mass contributions.

 Factoring the system of equations using the symmetric spooles solver
 Using up to 4 cpu(s) for spooles.

 Using up to 4 cpu(s) for the stress calculation.

 average force= 1.093009
 time avg. forc= 1.093009
 largest residual force= 10198.861041 in node 17011 and dof 1
 largest increment of disp= 7.721644e-02
 largest correction to disp= 5.182554e-02 in node 5677 and dof 3

 no convergence

 iteration 6

 Using up to 4 cpu(s) for the symmetric stiffness/mass contributions.

 Factoring the system of equations using the symmetric spooles solver
 Using up to 4 cpu(s) for spooles.

 Using up to 4 cpu(s) for the stress calculation.

 average force= 1.333867
 time avg. forc= 1.333867
 largest residual force= 8573.658503 in node 17011 and dof 1
 largest increment of disp= 9.397144e-02
 largest correction to disp= 9.397144e-02 in node 5677 and dof 3

 no convergence

 iteration 7

 Using up to 4 cpu(s) for the symmetric stiffness/mass contributions.

 Factoring the system of equations using the symmetric spooles solver
 Using up to 4 cpu(s) for spooles.

 Using up to 4 cpu(s) for the stress calculation.

 average force= 1.713674
 time avg. forc= 1.713674
 largest residual force= 8058.135939 in node 14858 and dof 2
 largest increment of disp= 1.403222e-01
 largest correction to disp= 1.403222e-01 in node 5677 and dof 3

 no convergence

 iteration 8

 Using up to 4 cpu(s) for the symmetric stiffness/mass contributions.

 Factoring the system of equations using the symmetric spooles solver
 Using up to 4 cpu(s) for spooles.

 Using up to 4 cpu(s) for the stress calculation.

 average force= 2.136711
 time avg. forc= 2.136711
 largest residual force= 8231.730158 in node 14858 and dof 2
 largest increment of disp= 2.177310e-01
 largest correction to disp= 2.177310e-01 in node 1259 and dof 2

 no convergence

 iteration 9

 Using up to 4 cpu(s) for the symmetric stiffness/mass contributions.

 Factoring the system of equations using the symmetric spooles solver
 Using up to 4 cpu(s) for spooles.

 Using up to 4 cpu(s) for the stress calculation.

 average force= 2.655086
 time avg. forc= 2.655086
 largest residual force= 8293.323825 in node 14858 and dof 2
 largest increment of disp= 3.058293e+00
 largest correction to disp= 3.058293e+00 in node 1261 and dof 2

 divergence; the increment size is decreased to 6.250000e-02
 the increment is reattempted

 increment 1 attempt 2 
 increment size= 6.250000e-02
 sum of previous increments=0.000000e+00
 actual step time=6.250000e-02
 actual total time=6.250000e-02

 iteration 1

 Using up to 4 cpu(s) for the stress calculation.

 Using up to 4 cpu(s) for the symmetric stiffness/mass contributions.

 Factoring the system of equations using the symmetric spooles solver
 Using up to 4 cpu(s) for spooles.

 Using up to 4 cpu(s) for the stress calculation.

 average force= 0.000000
 time avg. forc= 0.010000
 largest residual force= 0.000000 in node 15471 and dof 1
 largest increment of disp= 1.905207e-02
 largest correction to disp= 1.905207e-02 in node 1889 and dof 1

 no convergence

 iteration 2

 Using up to 4 cpu(s) for the symmetric stiffness/mass contributions.

 Factoring the system of equations using the symmetric spooles solver
 Using up to 4 cpu(s) for spooles.

 Using up to 4 cpu(s) for the stress calculation.

 average force= 0.000000
 time avg. forc= 0.010000
 largest residual force= 0.000000 in node 12428 and dof 1
 largest increment of disp= 1.905207e-02
 largest correction to disp= 1.084354e-14 in node 570 and dof 3

 convergence

 Using up to 4 cpu(s) for the stress calculation.

 increment 2 attempt 1 
 increment size= 6.250000e-02
 sum of previous increments=6.250000e-02
 actual step time=1.250000e-01
 actual total time=1.250000e-01

 iteration 1

 Using up to 4 cpu(s) for the stress calculation.

 Using up to 4 cpu(s) for the symmetric stiffness/mass contributions.

 Factoring the system of equations using the symmetric spooles solver
 Using up to 4 cpu(s) for spooles.

 Using up to 4 cpu(s) for the stress calculation.

 average force= 0.000000
 time avg. forc= 0.010000
 largest residual force= 0.000000 in node 17734 and dof 1
 largest increment of disp= 1.905207e-02
 largest correction to disp= 1.939847e-04 in node 1889 and dof 1

 no convergence

 iteration 2

 Using up to 4 cpu(s) for the symmetric stiffness/mass contributions.

 Factoring the system of equations using the symmetric spooles solver
 Using up to 4 cpu(s) for spooles.

 Using up to 4 cpu(s) for the stress calculation.

 average force= 0.000000
 time avg. forc= 0.010000
 largest residual force= 0.000000 in node 16056 and dof 1
 largest increment of disp= 1.905207e-02
 largest correction to disp= 7.966173e-17 in node 2760 and dof 1

 convergence; the increment size is increased to 9.375000e-02

 Using up to 4 cpu(s) for the stress calculation.

 increment 3 attempt 1 
 increment size= 9.375000e-02
 sum of previous increments=1.250000e-01
 actual step time=2.187500e-01
 actual total time=2.187500e-01

 iteration 1

 Using up to 4 cpu(s) for the stress calculation.

 Using up to 4 cpu(s) for the symmetric stiffness/mass contributions.

 Factoring the system of equations using the symmetric spooles solver
 Using up to 4 cpu(s) for spooles.

 Using up to 4 cpu(s) for the stress calculation.

 average force= 0.000000
 time avg. forc= 0.010000
 largest residual force= 0.000000 in node 14335 and dof 1
 largest increment of disp= 2.886909e-02
 largest correction to disp= 3.637214e-04 in node 1889 and dof 1

 no convergence

 iteration 2

 Using up to 4 cpu(s) for the symmetric stiffness/mass contributions.

 Factoring the system of equations using the symmetric spooles solver
 Using up to 4 cpu(s) for spooles.

 Using up to 4 cpu(s) for the stress calculation.

 average force= 0.000000
 time avg. forc= 0.010000
 largest residual force= 0.000000 in node 16375 and dof 1
 largest increment of disp= 2.886909e-02
 largest correction to disp= 2.466840e-16 in node 580 and dof 2

 convergence; the increment size is increased to 1.406250e-01

 Using up to 4 cpu(s) for the stress calculation.

 increment 4 attempt 1 
 increment size= 1.406250e-01
 sum of previous increments=2.187500e-01
 actual step time=3.593750e-01
 actual total time=3.593750e-01

 iteration 1

 Using up to 4 cpu(s) for the stress calculation.

 Using up to 4 cpu(s) for the symmetric stiffness/mass contributions.

 Factoring the system of equations using the symmetric spooles solver
 Using up to 4 cpu(s) for spooles.

 Using up to 4 cpu(s) for the stress calculation.

 average force= 0.000000
 time avg. forc= 0.010000
 largest residual force= 0.000000 in node 2042 and dof 1
 largest increment of disp= 4.384921e-02
 largest correction to disp= 8.183732e-04 in node 1889 and dof 1

 no convergence

 iteration 2

 Using up to 4 cpu(s) for the symmetric stiffness/mass contributions.

 Factoring the system of equations using the symmetric spooles solver
 Using up to 4 cpu(s) for spooles.

 Using up to 4 cpu(s) for the stress calculation.

 average force= 0.000000
 time avg. forc= 0.010000
 largest residual force= 0.000000 in node 2042 and dof 1
 largest increment of disp= 4.384921e-02
 largest correction to disp= 3.608919e-16 in node 701 and dof 1

 convergence; the increment size is increased to 2.109375e-01

 Using up to 4 cpu(s) for the stress calculation.

 increment 5 attempt 1 
 increment size= 2.109375e-01
 sum of previous increments=3.593750e-01
 actual step time=5.703125e-01
 actual total time=5.703125e-01

 iteration 1

 Using up to 4 cpu(s) for the stress calculation.

 Using up to 4 cpu(s) for the symmetric stiffness/mass contributions.

 Factoring the system of equations using the symmetric spooles solver
 Using up to 4 cpu(s) for spooles.

 Using up to 4 cpu(s) for the stress calculation.

 average force= 0.000000
 time avg. forc= 0.010000
 largest residual force= 0.000000 in node 15957 and dof 1
 largest increment of disp= 6.700138e-02
 largest correction to disp= 1.841340e-03 in node 1889 and dof 1

 no convergence

 iteration 2

 Using up to 4 cpu(s) for the symmetric stiffness/mass contributions.

 Factoring the system of equations using the symmetric spooles solver
 Using up to 4 cpu(s) for spooles.

 Using up to 4 cpu(s) for the stress calculation.

 average force= 0.000000
 time avg. forc= 0.010000
 largest residual force= 0.000000 in node 14232 and dof 1
 largest increment of disp= 6.700138e-02
 largest correction to disp= 1.725467e-15 in node 665 and dof 1

 convergence; the increment size is increased to 3.164062e-01

 Using up to 4 cpu(s) for the stress calculation.

 increment 6 attempt 1 
 increment size= 3.164062e-01
 sum of previous increments=5.703125e-01
 actual step time=8.867188e-01
 actual total time=8.867188e-01

 iteration 1

 Using up to 4 cpu(s) for the stress calculation.

 Using up to 4 cpu(s) for the symmetric stiffness/mass contributions.

 Factoring the system of equations using the symmetric spooles solver
 Using up to 4 cpu(s) for spooles.

 Using up to 4 cpu(s) for the stress calculation.

 average force= 0.000000
 time avg. forc= 0.010000
 largest residual force= 0.000000 in node 14525 and dof 1
 largest increment of disp= 1.032641e-01
 largest correction to disp= 6.827597e-03 in node 1889 and dof 1

 no convergence

 iteration 2

 Using up to 4 cpu(s) for the symmetric stiffness/mass contributions.

 Factoring the system of equations using the symmetric spooles solver
 Using up to 4 cpu(s) for spooles.

 Using up to 4 cpu(s) for the stress calculation.

 average force= 0.000000
 time avg. forc= 0.010000
 largest residual force= 0.000000 in node 12453 and dof 1
 largest increment of disp= 1.032641e-01
 largest correction to disp= 6.179584e-15 in node 2994 and dof 3

 convergence; the increment size is increased to 4.746094e-01

 the increment size exceeds the remainder of the step and is decreased to 1.132812e-01

 Using up to 4 cpu(s) for the stress calculation.

 increment 7 attempt 1 
 increment size= 1.132812e-01
 sum of previous increments=8.867188e-01
 actual step time=1.000000e+00
 actual total time=1.000000e+00

 iteration 1

 Using up to 4 cpu(s) for the stress calculation.

 Using up to 4 cpu(s) for the symmetric stiffness/mass contributions.

 Factoring the system of equations using the symmetric spooles solver
 Using up to 4 cpu(s) for spooles.

 Using up to 4 cpu(s) for the stress calculation.

 average force= 0.000000
 time avg. forc= 0.010000
 largest residual force= 0.000000 in node 13568 and dof 1
 largest increment of disp= 3.941554e-02
 largest correction to disp= 1.996823e-03 in node 1889 and dof 1

 no convergence

 iteration 2

 Using up to 4 cpu(s) for the symmetric stiffness/mass contributions.

 Factoring the system of equations using the symmetric spooles solver
 Using up to 4 cpu(s) for spooles.

 Using up to 4 cpu(s) for the stress calculation.

 average force= 0.000000
 time avg. forc= 0.010000
 largest residual force= 0.000000 in node 14689 and dof 1
 largest increment of disp= 3.941554e-02
 largest correction to disp= 2.384177e-15 in node 589 and dof 2

 convergence; the increment size is increased to 1.699219e-01

 the increment size exceeds the remainder of the step and is decreased to 0.000000e+00

 Using up to 4 cpu(s) for the stress calculation.

 Determining the structure of the matrix:
 Using up to 4 cpu(s) for setting up the structure of the matrix.
 number of equations
 51012
 number of nonzero lower triangular matrix elements
 927736

 increment 1 attempt 1 
 increment size= 2.500000e-01
 sum of previous increments=0.000000e+00
 actual step time=2.500000e-01
 actual total time=1.250000e+00

 iteration 1

 Using up to 4 cpu(s) for the stress calculation.

 Using up to 4 cpu(s) for the symmetric stiffness/mass contributions.

 Factoring the system of equations using the symmetric spooles solver
 Using up to 4 cpu(s) for spooles.

 Using up to 4 cpu(s) for the stress calculation.

 average force= 0.217519
 time avg. forc= 0.217519
 largest residual force= 14.333821 in node 14031 and dof 3
 largest increment of disp= 1.057985e-02
 largest correction to disp= 1.057985e-02 in node 570 and dof 1

 no convergence

 iteration 2

 Using up to 4 cpu(s) for the symmetric stiffness/mass contributions.

 Factoring the system of equations using the symmetric spooles solver
 Using up to 4 cpu(s) for spooles.

 Using up to 4 cpu(s) for the stress calculation.

 average force= 0.215942
 time avg. forc= 0.215942
 largest residual force= 1.487138 in node 14031 and dof 3
 largest increment of disp= 1.057985e-02
 largest correction to disp= 2.287811e-04 in node 516 and dof 2

 no convergence

 iteration 3

 Using up to 4 cpu(s) for the symmetric stiffness/mass contributions.

 Factoring the system of equations using the symmetric spooles solver
 Using up to 4 cpu(s) for spooles.

 Using up to 4 cpu(s) for the stress calculation.

 average force= 0.215842
 time avg. forc= 0.215842
 largest residual force= 0.044327 in node 14031 and dof 3
 largest increment of disp= 1.057985e-02
 largest correction to disp= 2.228823e-05 in node 14031 and dof 3

 no convergence

 iteration 4

 Using up to 4 cpu(s) for the symmetric stiffness/mass contributions.

 Factoring the system of equations using the symmetric spooles solver
 Using up to 4 cpu(s) for spooles.

 Using up to 4 cpu(s) for the stress calculation.

 average force= 0.215841
 time avg. forc= 0.215841
 largest residual force= 0.000009 in node 14031 and dof 3
 largest increment of disp= 1.057985e-02
 largest correction to disp= 6.258662e-07 in node 14031 and dof 3

 convergence

 Using up to 4 cpu(s) for the stress calculation.

 increment 2 attempt 1 
 increment size= 2.500000e-01
 sum of previous increments=2.500000e-01
 actual step time=5.000000e-01
 actual total time=1.500000e+00

 iteration 1

 Using up to 4 cpu(s) for the stress calculation.

 Using up to 4 cpu(s) for the symmetric stiffness/mass contributions.

 Factoring the system of equations using the symmetric spooles solver
 Using up to 4 cpu(s) for spooles.

 Using up to 4 cpu(s) for the stress calculation.

 average force= 0.386511
 time avg. forc= 0.301176
 largest residual force= 7.753303 in node 12112 and dof 3
 largest increment of disp= 1.049677e-02
 largest correction to disp= 2.715629e-03 in node 3778 and dof 3

 no convergence

 iteration 2

 Using up to 4 cpu(s) for the symmetric stiffness/mass contributions.

 Factoring the system of equations using the symmetric spooles solver
 Using up to 4 cpu(s) for spooles.

 Using up to 4 cpu(s) for the stress calculation.

 average force= 0.382533
 time avg. forc= 0.299187
 largest residual force= 0.508552 in node 15036 and dof 2
 largest increment of disp= 1.049677e-02
 largest correction to disp= 4.486804e-04 in node 3778 and dof 3

 no convergence

 iteration 3

 Using up to 4 cpu(s) for the symmetric stiffness/mass contributions.

 Factoring the system of equations using the symmetric spooles solver
 Using up to 4 cpu(s) for spooles.

 Using up to 4 cpu(s) for the stress calculation.

 average force= 0.382425
 time avg. forc= 0.299133
 largest residual force= 0.002543 in node 17525 and dof 1
 largest increment of disp= 1.049677e-02
 largest correction to disp= 1.621810e-05 in node 3778 and dof 3

 no convergence

 iteration 4

 Using up to 4 cpu(s) for the symmetric stiffness/mass contributions.

 Factoring the system of equations using the symmetric spooles solver
 Using up to 4 cpu(s) for spooles.

 Using up to 4 cpu(s) for the stress calculation.

 average force= 0.382424
 time avg. forc= 0.299133
 largest residual force= 0.000000 in node 17525 and dof 1
 largest increment of disp= 1.049677e-02
 largest correction to disp= 2.523698e-08 in node 3835 and dof 3

 convergence; the increment size is increased to 3.750000e-01

 Using up to 4 cpu(s) for the stress calculation.

 increment 3 attempt 1 
 increment size= 3.750000e-01
 sum of previous increments=5.000000e-01
 actual step time=8.750000e-01
 actual total time=1.875000e+00

 iteration 1

 Using up to 4 cpu(s) for the stress calculation.

 Using up to 4 cpu(s) for the symmetric stiffness/mass contributions.

 Factoring the system of equations using the symmetric spooles solver
 Using up to 4 cpu(s) for spooles.

 Using up to 4 cpu(s) for the stress calculation.

 average force= 0.542334
 time avg. forc= 0.380200
 largest residual force= 8.599122 in node 13992 and dof 3
 largest increment of disp= 1.466785e-02
 largest correction to disp= 5.290271e-03 in node 3778 and dof 3

 no convergence

 iteration 2

 Using up to 4 cpu(s) for the symmetric stiffness/mass contributions.

 Factoring the system of equations using the symmetric spooles solver
 Using up to 4 cpu(s) for spooles.

 Using up to 4 cpu(s) for the stress calculation.

 average force= 0.537125
 time avg. forc= 0.378463
 largest residual force= 0.488207 in node 14453 and dof 2
 largest increment of disp= 1.466785e-02
 largest correction to disp= 9.303449e-04 in node 3755 and dof 3

 no convergence

 iteration 3

 Using up to 4 cpu(s) for the symmetric stiffness/mass contributions.

 Factoring the system of equations using the symmetric spooles solver
 Using up to 4 cpu(s) for spooles.

 Using up to 4 cpu(s) for the stress calculation.

 average force= 0.537007
 time avg. forc= 0.378424
 largest residual force= 0.005381 in node 16757 and dof 1
 largest increment of disp= 1.466785e-02
 largest correction to disp= 4.845668e-05 in node 3755 and dof 3

 no convergence

 iteration 4

 Using up to 4 cpu(s) for the symmetric stiffness/mass contributions.

 Factoring the system of equations using the symmetric spooles solver
 Using up to 4 cpu(s) for spooles.

 Using up to 4 cpu(s) for the stress calculation.

 average force= 0.537007
 time avg. forc= 0.378424
 largest residual force= 0.000003 in node 15276 and dof 2
 largest increment of disp= 1.466785e-02
 largest correction to disp= 1.551368e-07 in node 4893 and dof 1

 convergence; the increment size is increased to 5.625000e-01

 the increment size exceeds the maximum allowed and is decreased to 5.000000e-01

 the increment size exceeds the remainder of the step and is decreased to 1.250000e-01

 Using up to 4 cpu(s) for the stress calculation.

 increment 4 attempt 1 
 increment size= 1.250000e-01
 sum of previous increments=8.750000e-01
 actual step time=1.000000e+00
 actual total time=2.000000e+00

 iteration 1

 Using up to 4 cpu(s) for the stress calculation.

 Using up to 4 cpu(s) for the symmetric stiffness/mass contributions.

 Factoring the system of equations using the symmetric spooles solver
 Using up to 4 cpu(s) for spooles.

 Using up to 4 cpu(s) for the stress calculation.

 average force= 0.577906
 time avg. forc= 0.428294
 largest residual force= 1.153715 in node 3776 and dof 2
 largest increment of disp= 6.078202e-03
 largest correction to disp= 2.719468e-03 in node 3778 and dof 3

 no convergence

 iteration 2

 Using up to 4 cpu(s) for the symmetric stiffness/mass contributions.

 Factoring the system of equations using the symmetric spooles solver
 Using up to 4 cpu(s) for spooles.

 Using up to 4 cpu(s) for the stress calculation.

 average force= 0.577488
 time avg. forc= 0.428190
 largest residual force= 0.042986 in node 435 and dof 3
 largest increment of disp= 6.078202e-03
 largest correction to disp= 1.948482e-04 in node 435 and dof 3

 no convergence

 iteration 3

 Using up to 4 cpu(s) for the symmetric stiffness/mass contributions.

 Factoring the system of equations using the symmetric spooles solver
 Using up to 4 cpu(s) for spooles.

 Using up to 4 cpu(s) for the stress calculation.

 average force= 0.577484
 time avg. forc= 0.428189
 largest residual force= 0.000209 in node 435 and dof 3
 largest increment of disp= 6.078202e-03
 largest correction to disp= 1.318926e-05 in node 435 and dof 3

 convergence; the increment size is increased to 1.875000e-01

 the increment size exceeds the remainder of the step and is decreased to 0.000000e+00

 Using up to 4 cpu(s) for the stress calculation.

 Determining the structure of the matrix:
 Using up to 4 cpu(s) for setting up the structure of the matrix.
 number of equations
 50772
 number of nonzero lower triangular matrix elements
 922798

 increment 1 attempt 1 
 increment size= 2.500000e-01
 sum of previous increments=0.000000e+00
 actual step time=2.500000e-01
 actual total time=2.250000e+00

 iteration 1

 Using up to 4 cpu(s) for the stress calculation.

 Using up to 4 cpu(s) for the symmetric stiffness/mass contributions.

 Factoring the system of equations using the symmetric spooles solver
 Using up to 4 cpu(s) for spooles.

 Using up to 4 cpu(s) for the stress calculation.

 average force= 0.618749
 time avg. forc= 0.618749
 largest residual force= 66.466389 in node 17181 and dof 3
 largest increment of disp= 1.946455e-02
 largest correction to disp= 1.946455e-02 in node 4794 and dof 1

 no convergence

 iteration 2

 Using up to 4 cpu(s) for the symmetric stiffness/mass contributions.

 Factoring the system of equations using the symmetric spooles solver
 Using up to 4 cpu(s) for spooles.

 Using up to 4 cpu(s) for the stress calculation.

 average force= 0.606792
 time avg. forc= 0.606792
 largest residual force= 67.601417 in node 4675 and dof 3
 largest increment of disp= 1.624655e-01
 largest correction to disp= 1.624655e-01 in node 4794 and dof 1

 no convergence

 iteration 3

 Using up to 4 cpu(s) for the symmetric stiffness/mass contributions.

 Factoring the system of equations using the symmetric spooles solver
 Using up to 4 cpu(s) for spooles.

 Using up to 4 cpu(s) for the stress calculation.

 average force= 0.626015
 time avg. forc= 0.626015
 largest residual force= 516.415189 in node 4794 and dof 2
 largest increment of disp= 1.684348e+03
 largest correction to disp= 1.684348e+03 in node 4794 and dof 1

 no convergence

 iteration 4

 Using up to 4 cpu(s) for the symmetric stiffness/mass contributions.

 Factoring the system of equations using the symmetric spooles solver
 Using up to 4 cpu(s) for spooles.

 Using up to 4 cpu(s) for the stress calculation.

 average force= 7.373697
 time avg. forc= 7.373697
 largest residual force= 102567.280887 in node 4899 and dof 2
 largest increment of disp= 3.819993e+11
 largest correction to disp= 3.819993e+11 in node 4794 and dof 1

 divergence; the increment size is decreased to 6.250000e-02
 the increment is reattempted

 increment 1 attempt 2 
 increment size= 6.250000e-02
 sum of previous increments=0.000000e+00
 actual step time=6.250000e-02
 actual total time=2.062500e+00

 iteration 1

 Using up to 4 cpu(s) for the stress calculation.

 Using up to 4 cpu(s) for the symmetric stiffness/mass contributions.

 Factoring the system of equations using the symmetric spooles solver
 Using up to 4 cpu(s) for spooles.

 Using up to 4 cpu(s) for the stress calculation.

 average force= 0.561012
 time avg. forc= 0.561012
 largest residual force= 90.585967 in node 17181 and dof 3
 largest increment of disp= 2.419054e-02
 largest correction to disp= 2.419054e-02 in node 4794 and dof 1

 no convergence

 iteration 2

 Using up to 4 cpu(s) for the symmetric stiffness/mass contributions.

 Factoring the system of equations using the symmetric spooles solver
 Using up to 4 cpu(s) for spooles.

 Using up to 4 cpu(s) for the stress calculation.

 average force= 0.553819
 time avg. forc= 0.553819
 largest residual force= 88.873815 in node 4676 and dof 3
 largest increment of disp= 1.646036e-01
 largest correction to disp= 1.646036e-01 in node 4794 and dof 1

 no convergence

 iteration 3

 Using up to 4 cpu(s) for the symmetric stiffness/mass contributions.

 Factoring the system of equations using the symmetric spooles solver
 Using up to 4 cpu(s) for spooles.

 Using up to 4 cpu(s) for the stress calculation.

 average force= 0.591121
 time avg. forc= 0.591121
 largest residual force= 891.363009 in node 4794 and dof 2
 largest increment of disp= 3.402594e+03
 largest correction to disp= 3.402594e+03 in node 4794 and dof 1

 no convergence

 iteration 4

 Using up to 4 cpu(s) for the symmetric stiffness/mass contributions.

 Factoring the system of equations using the symmetric spooles solver
 Using up to 4 cpu(s) for spooles.

 Using up to 4 cpu(s) for the stress calculation.

 average force= 12.114958
 time avg. forc= 12.114958
 largest residual force= 161305.571146 in node 4899 and dof 2
 largest increment of disp= 1.347206e+12
 largest correction to disp= 1.347206e+12 in node 4794 and dof 1

 divergence; the increment size is decreased to 1.562500e-02
 the increment is reattempted

 increment 1 attempt 3 
 increment size= 1.562500e-02
 sum of previous increments=0.000000e+00
 actual step time=1.562500e-02
 actual total time=2.015625e+00

 iteration 1

 Using up to 4 cpu(s) for the stress calculation.

 Using up to 4 cpu(s) for the symmetric stiffness/mass contributions.

 Factoring the system of equations using the symmetric spooles solver
 Using up to 4 cpu(s) for spooles.

 Using up to 4 cpu(s) for the stress calculation.

 average force= 0.544726
 time avg. forc= 0.544726
 largest residual force= 95.898091 in node 17181 and dof 3
 largest increment of disp= 2.534128e-02
 largest correction to disp= 2.534128e-02 in node 4794 and dof 1

 no convergence

 iteration 2

 Using up to 4 cpu(s) for the symmetric stiffness/mass contributions.

 Factoring the system of equations using the symmetric spooles solver
 Using up to 4 cpu(s) for spooles.

 Using up to 4 cpu(s) for the stress calculation.

 average force= 0.538503
 time avg. forc= 0.538503
 largest residual force= 86.226077 in node 4676 and dof 3
 largest increment of disp= 1.653713e-01
 largest correction to disp= 1.653713e-01 in node 4794 and dof 1

 no convergence

 iteration 3

 Using up to 4 cpu(s) for the symmetric stiffness/mass contributions.

 Factoring the system of equations using the symmetric spooles solver
 Using up to 4 cpu(s) for spooles.

 Using up to 4 cpu(s) for the stress calculation.

 average force= 0.582502
 time avg. forc= 0.582502
 largest residual force= 987.445889 in node 4794 and dof 2
 largest increment of disp= 4.779180e+03
 largest correction to disp= 4.779180e+03 in node 4794 and dof 1

 no convergence

 iteration 4

 Using up to 4 cpu(s) for the symmetric stiffness/mass contributions.

 Factoring the system of equations using the symmetric spooles solver
 Using up to 4 cpu(s) for spooles.

 Using up to 4 cpu(s) for the stress calculation.

 average force= 37.302880
 time avg. forc= 37.302880
 largest residual force= 516681.281082 in node 4899 and dof 2
 largest increment of disp= 7.049972e+12
 largest correction to disp= 7.049972e+12 in node 4794 and dof 1

 divergence; the increment size is decreased to 3.906250e-03
 the increment is reattempted

 increment 1 attempt 4 
 increment size= 3.906250e-03
 sum of previous increments=0.000000e+00
 actual step time=3.906250e-03
 actual total time=2.003906e+00

 iteration 1

 Using up to 4 cpu(s) for the stress calculation.

 Using up to 4 cpu(s) for the symmetric stiffness/mass contributions.

 Factoring the system of equations using the symmetric spooles solver
 Using up to 4 cpu(s) for spooles.

 Using up to 4 cpu(s) for the stress calculation.

 average force= 0.540510
 time avg. forc= 0.540510
 largest residual force= 96.885576 in node 17181 and dof 3
 largest increment of disp= 2.562841e-02
 largest correction to disp= 2.562841e-02 in node 4794 and dof 1

 no convergence

 iteration 2

 Using up to 4 cpu(s) for the symmetric stiffness/mass contributions.

 Factoring the system of equations using the symmetric spooles solver
 Using up to 4 cpu(s) for spooles.

 Using up to 4 cpu(s) for the stress calculation.

 average force= 0.534146
 time avg. forc= 0.534146
 largest residual force= 85.169027 in node 4676 and dof 3
 largest increment of disp= 1.655114e-01
 largest correction to disp= 1.655114e-01 in node 4794 and dof 1

 no convergence

 iteration 3

 Using up to 4 cpu(s) for the symmetric stiffness/mass contributions.

 Factoring the system of equations using the symmetric spooles solver
 Using up to 4 cpu(s) for spooles.

 Using up to 4 cpu(s) for the stress calculation.

 average force= 0.580174
 time avg. forc= 0.580174
 largest residual force= 1005.882396 in node 4794 and dof 2
 largest increment of disp= 5.145133e+03
 largest correction to disp= 5.145133e+03 in node 4794 and dof 1

 no convergence

 iteration 4

 Using up to 4 cpu(s) for the symmetric stiffness/mass contributions.

 Factoring the system of equations using the symmetric spooles solver
 Using up to 4 cpu(s) for spooles.

 Using up to 4 cpu(s) for the stress calculation.

 average force= 19.826497
 time avg. forc= 19.826497
 largest residual force= 265695.272446 in node 4899 and dof 2
 largest increment of disp= 4.072254e+12
 largest correction to disp= 4.072254e+12 in node 4794 and dof 1

 divergence; the increment size is decreased to 9.765625e-04
 the increment is reattempted

 increment 1 attempt 5 
 increment size= 9.765625e-04
 sum of previous increments=0.000000e+00
 actual step time=9.765625e-04
 actual total time=2.000977e+00

 iteration 1

 Using up to 4 cpu(s) for the stress calculation.

 Using up to 4 cpu(s) for the symmetric stiffness/mass contributions.

 Factoring the system of equations using the symmetric spooles solver
 Using up to 4 cpu(s) for spooles.

 Using up to 4 cpu(s) for the stress calculation.

 average force= 0.539460
 time avg. forc= 0.539460
 largest residual force= 97.213658 in node 17181 and dof 3
 largest increment of disp= 2.570070e-02
 largest correction to disp= 2.570070e-02 in node 4794 and dof 1

 no convergence

 iteration 2

 Using up to 4 cpu(s) for the symmetric stiffness/mass contributions.

 Factoring the system of equations using the symmetric spooles solver
 Using up to 4 cpu(s) for spooles.

 Using up to 4 cpu(s) for the stress calculation.

 average force= 0.533061
 time avg. forc= 0.533061
 largest residual force= 84.884053 in node 4676 and dof 3
 largest increment of disp= 1.655450e-01
 largest correction to disp= 1.655450e-01 in node 4794 and dof 1

 no convergence

 iteration 3

 Using up to 4 cpu(s) for the symmetric stiffness/mass contributions.

 Factoring the system of equations using the symmetric spooles solver
 Using up to 4 cpu(s) for spooles.

 Using up to 4 cpu(s) for the stress calculation.

 average force= 0.579437
 time avg. forc= 0.579437
 largest residual force= 1009.474166 in node 4794 and dof 2
 largest increment of disp= 5.233645e+03
 largest correction to disp= 5.233645e+03 in node 4794 and dof 1

 no convergence

 iteration 4

 Using up to 4 cpu(s) for the symmetric stiffness/mass contributions.

 Factoring the system of equations using the symmetric spooles solver
 Using up to 4 cpu(s) for spooles.

 Using up to 4 cpu(s) for the stress calculation.

 average force= 17.516134
 time avg. forc= 17.516134
 largest residual force= 232901.987706 in node 4899 and dof 2
 largest increment of disp= 3.667648e+12
 largest correction to disp= 3.667648e+12 in node 4794 and dof 1

 divergence; the increment size is decreased to 2.441406e-04
 the increment is reattempted

 increment 1 attempt 6 
 increment size= 2.441406e-04
 sum of previous increments=0.000000e+00
 actual step time=2.441406e-04
 actual total time=2.000244e+00

 iteration 1

 Using up to 4 cpu(s) for the stress calculation.

 Using up to 4 cpu(s) for the symmetric stiffness/mass contributions.

 Factoring the system of equations using the symmetric spooles solver
 Using up to 4 cpu(s) for spooles.

 Using up to 4 cpu(s) for the stress calculation.

 average force= 0.539192
 time avg. forc= 0.539192
 largest residual force= 97.281112 in node 17181 and dof 3
 largest increment of disp= 2.571892e-02
 largest correction to disp= 2.571892e-02 in node 4794 and dof 1

 no convergence

 iteration 2

 Using up to 4 cpu(s) for the symmetric stiffness/mass contributions.

 Factoring the system of equations using the symmetric spooles solver
 Using up to 4 cpu(s) for spooles.

 Using up to 4 cpu(s) for the stress calculation.

 average force= 0.532807
 time avg. forc= 0.532807
 largest residual force= 84.818936 in node 4676 and dof 3
 largest increment of disp= 1.655537e-01
 largest correction to disp= 1.655537e-01 in node 4794 and dof 1

 no convergence

 iteration 3

 Using up to 4 cpu(s) for the symmetric stiffness/mass contributions.

 Factoring the system of equations using the symmetric spooles solver
 Using up to 4 cpu(s) for spooles.

 Using up to 4 cpu(s) for the stress calculation.

 average force= 0.579252
 time avg. forc= 0.579252
 largest residual force= 1010.342080 in node 4794 and dof 2
 largest increment of disp= 5.256104e+03
 largest correction to disp= 5.256104e+03 in node 4794 and dof 1

 no convergence

 iteration 4

 Using up to 4 cpu(s) for the symmetric stiffness/mass contributions.

 Factoring the system of equations using the symmetric spooles solver
 Using up to 4 cpu(s) for spooles.

 Using up to 4 cpu(s) for the stress calculation.

 average force= 15.649283
 time avg. forc= 15.649283
 largest residual force= 208420.774169 in node 4899 and dof 2
 largest increment of disp= 3.305198e+12
 largest correction to disp= 3.305198e+12 in node 4794 and dof 1


  The numbers below are estimated upper bounds

  number of:

   nodes:        18450
   elements:        77499
   one-dimensional elements:            0
   two-dimensional elements:            0
   integration points per element:            1
   degrees of freedom per node:            3
   layers per element:            1

   distributed facial loads:            0
   distributed volumetric loads:            0
   concentrated loads:            0
   single point constraints:         1476
   multiple point constraints:            1
   terms in all multiple point constraints:            1
   tie constraints:            0
   dependent nodes tied by cyclic constraints:            0
   dependent nodes in pre-tension constraints:            0

   sets:            4
   terms in all sets:       250947

   materials:            2
   constants per material and temperature:            2
   temperature points per material:           14
   plastic data points per material:           16

   orientations:            0
   amplitudes:          492
   data points in all amplitudes:          492
   print requests:            5
   transformations:            0
   property cards:            0


 STEP            1

 *INFO reading *STEP: nonlinear geometric
       effects are turned off

 Static analysis was selected

 Nonlinear material laws are taken into account

 Newton-Raphson iterative procedure is active


 STEP            2

 *INFO reading *STEP: nonlinear geometric
       effects are turned off

 Static analysis was selected

 Nonlinear material laws are taken into account

 Newton-Raphson iterative procedure is active


 STEP            3

 *INFO reading *STEP: nonlinear geometric
       effects are turned off

 Static analysis was selected

 Nonlinear material laws are taken into account

 Newton-Raphson iterative procedure is active

 divergence; the increment size is decreased to 6.103516e-05
 the increment is reattempted


 *ERROR: too many cutbacks
 best solution and residuals are in the frd file

