    1C
    1UNative plastic deposition/cold cut history benchmark, mm N MPa C  
    1UUSER                                                              
    1UDATE              07.october.2026                                 
    1UTIME              16:25:05                                        
    1UHOST                                                              
    1UPGM               CalculiX                                        
    1UVERSION           Version 2.23                             
    1UCOMPILETIME       Fri Oct 24 20:12:25     2025                    
    1UDIR                                                               
    1UDBN                                                               
    1UMAT    1QT_REF                                                    
    1UMAT    2NI_REF                                                    
    2C                            66                                     1
 -1         1 0.00000E+00 0.00000E+00 0.00000E+00
 -1         2 1.00000E+00 0.00000E+00 0.00000E+00
 -1         3 2.00000E+00 0.00000E+00 0.00000E+00
 -1         4 3.00000E+00 0.00000E+00 0.00000E+00
 -1         5 4.00000E+00 0.00000E+00 0.00000E+00
 -1         6 5.00000E+00 0.00000E+00 0.00000E+00
 -1         7 6.00000E+00 0.00000E+00 0.00000E+00
 -1         8 7.00000E+00 0.00000E+00 0.00000E+00
 -1         9 8.00000E+00 0.00000E+00 0.00000E+00
 -1        10 9.00000E+00 0.00000E+00 0.00000E+00
 -1        11 1.00000E+01 0.00000E+00 0.00000E+00
 -1        12 0.00000E+00 1.00000E+00 0.00000E+00
 -1        13 1.00000E+00 1.00000E+00 0.00000E+00
 -1        14 2.00000E+00 1.00000E+00 0.00000E+00
 -1        15 3.00000E+00 1.00000E+00 0.00000E+00
 -1        16 4.00000E+00 1.00000E+00 0.00000E+00
 -1        17 5.00000E+00 1.00000E+00 0.00000E+00
 -1        18 6.00000E+00 1.00000E+00 0.00000E+00
 -1        19 7.00000E+00 1.00000E+00 0.00000E+00
 -1        20 8.00000E+00 1.00000E+00 0.00000E+00
 -1        21 9.00000E+00 1.00000E+00 0.00000E+00
 -1        22 1.00000E+01 1.00000E+00 0.00000E+00
 -1        23 0.00000E+00 2.00000E+00 0.00000E+00
 -1        24 1.00000E+00 2.00000E+00 0.00000E+00
 -1        25 2.00000E+00 2.00000E+00 0.00000E+00
 -1        26 3.00000E+00 2.00000E+00 0.00000E+00
 -1        27 4.00000E+00 2.00000E+00 0.00000E+00
 -1        28 5.00000E+00 2.00000E+00 0.00000E+00
 -1        29 6.00000E+00 2.00000E+00 0.00000E+00
 -1        30 7.00000E+00 2.00000E+00 0.00000E+00
 -1        31 8.00000E+00 2.00000E+00 0.00000E+00
 -1        32 9.00000E+00 2.00000E+00 0.00000E+00
 -1        33 1.00000E+01 2.00000E+00 0.00000E+00
 -1        34 0.00000E+00 0.00000E+00 5.00000E-01
 -1        35 1.00000E+00 0.00000E+00 5.00000E-01
 -1        36 2.00000E+00 0.00000E+00 5.00000E-01
 -1        37 3.00000E+00 0.00000E+00 5.00000E-01
 -1        38 4.00000E+00 0.00000E+00 5.00000E-01
 -1        39 5.00000E+00 0.00000E+00 5.00000E-01
 -1        40 6.00000E+00 0.00000E+00 5.00000E-01
 -1        41 7.00000E+00 0.00000E+00 5.00000E-01
 -1        42 8.00000E+00 0.00000E+00 5.00000E-01
 -1        43 9.00000E+00 0.00000E+00 5.00000E-01
 -1        44 1.00000E+01 0.00000E+00 5.00000E-01
 -1        45 0.00000E+00 1.00000E+00 5.00000E-01
 -1        46 1.00000E+00 1.00000E+00 5.00000E-01
 -1        47 2.00000E+00 1.00000E+00 5.00000E-01
 -1        48 3.00000E+00 1.00000E+00 5.00000E-01
 -1        49 4.00000E+00 1.00000E+00 5.00000E-01
 -1        50 5.00000E+00 1.00000E+00 5.00000E-01
 -1        51 6.00000E+00 1.00000E+00 5.00000E-01
 -1        52 7.00000E+00 1.00000E+00 5.00000E-01
 -1        53 8.00000E+00 1.00000E+00 5.00000E-01
 -1        54 9.00000E+00 1.00000E+00 5.00000E-01
 -1        55 1.00000E+01 1.00000E+00 5.00000E-01
 -1        56 0.00000E+00 2.00000E+00 5.00000E-01
 -1        57 1.00000E+00 2.00000E+00 5.00000E-01
 -1        58 2.00000E+00 2.00000E+00 5.00000E-01
 -1        59 3.00000E+00 2.00000E+00 5.00000E-01
 -1        60 4.00000E+00 2.00000E+00 5.00000E-01
 -1        61 5.00000E+00 2.00000E+00 5.00000E-01
 -1        62 6.00000E+00 2.00000E+00 5.00000E-01
 -1        63 7.00000E+00 2.00000E+00 5.00000E-01
 -1        64 8.00000E+00 2.00000E+00 5.00000E-01
 -1        65 9.00000E+00 2.00000E+00 5.00000E-01
 -1        66 1.00000E+01 2.00000E+00 5.00000E-01
 -3
    3C                            20                                     1
 -1         1    1    0    1
 -2         1         2        13        12        34        35        46        45
 -1         2    1    0    1
 -2         2         3        14        13        35        36        47        46
 -1         3    1    0    1
 -2         3         4        15        14        36        37        48        47
 -1         4    1    0    1
 -2         4         5        16        15        37        38        49        48
 -1         5    1    0    1
 -2         5         6        17        16        38        39        50        49
 -1         6    1    0    1
 -2         6         7        18        17        39        40        51        50
 -1         7    1    0    1
 -2         7         8        19        18        40        41        52        51
 -1         8    1    0    1
 -2         8         9        20        19        41        42        53        52
 -1         9    1    0    1
 -2         9        10        21        20        42        43        54        53
 -1        10    1    0    1
 -2        10        11        22        21        43        44        55        54
 -1        11    1    0    1
 -2        12        13        24        23        45        46        57        56
 -1        12    1    0    1
 -2        13        14        25        24        46        47        58        57
 -1        13    1    0    1
 -2        14        15        26        25        47        48        59        58
 -1        14    1    0    1
 -2        15        16        27        26        48        49        60        59
 -1        15    1    0    1
 -2        16        17        28        27        49        50        61        60
 -1        16    1    0    1
 -2        17        18        29        28        50        51        62        61
 -1        17    1    0    1
 -2        18        19        30        29        51        52        63        62
 -1        18    1    0    1
 -2        19        20        31        30        52        53        64        63
 -1        19    1    0    1
 -2        20        21        32        31        53        54        65        64
 -1        20    1    0    1
 -2        21        22        33        32        54        55        66        65
 -3
    1PSTEP                         1           6           3          
  100CL  101 3.000000000          66                     0    1           1
 -4  DISP        4    1
 -5  D1          1    2    1    0
 -5  D2          1    2    2    0
 -5  D3          1    2    3    0
 -5  ALL         1    2    0    0    1ALL
 -1         1 0.00000E+00 0.00000E+00 0.00000E+00
 -1         2 1.01551E-16 0.00000E+00 0.00000E+00
 -1         3 1.88608E-16 0.00000E+00 0.00000E+00
 -1         4 3.31378E-16 0.00000E+00 0.00000E+00
 -1         5 4.02652E-16 0.00000E+00 0.00000E+00
 -1         6 4.94887E-16 0.00000E+00 0.00000E+00
 -1         7 3.31721E-16 0.00000E+00 0.00000E+00
 -1         8 2.86166E-16 0.00000E+00 0.00000E+00
 -1         9 1.39635E-16 0.00000E+00 0.00000E+00
 -1        10 5.51019E-17 0.00000E+00 0.00000E+00
 -1        11 0.00000E+00 0.00000E+00 0.00000E+00
 -1        12 0.00000E+00-2.57800E-04 0.00000E+00
 -1        13 5.26380E-17-2.57800E-04 0.00000E+00
 -1        14 2.78563E-16-2.57800E-04 0.00000E+00
 -1        15 2.96760E-16-2.57800E-04 0.00000E+00
 -1        16 3.92636E-16-2.57800E-04 0.00000E+00
 -1        17 4.76030E-16-2.57800E-04 0.00000E+00
 -1        18 3.59352E-16-2.57800E-04 0.00000E+00
 -1        19 2.44771E-16-2.57800E-04 0.00000E+00
 -1        20 1.21238E-16-2.57800E-04 0.00000E+00
 -1        21 4.44471E-17-2.57800E-04 0.00000E+00
 -1        22 0.00000E+00-2.57800E-04 0.00000E+00
 -1        23 0.00000E+00-5.15600E-04 0.00000E+00
 -1        24 4.03420E-17-5.15600E-04 0.00000E+00
 -1        25 2.29945E-16-5.15600E-04 0.00000E+00
 -1        26 2.86322E-16-5.15600E-04 0.00000E+00
 -1        27 3.77743E-16-5.15600E-04 0.00000E+00
 -1        28 4.10661E-16-5.15600E-04 0.00000E+00
 -1        29 3.41409E-16-5.15600E-04 0.00000E+00
 -1        30 2.37426E-16-5.15600E-04 0.00000E+00
 -1        31 9.32981E-17-5.15600E-04 0.00000E+00
 -1        32 2.94911E-17-5.15600E-04 0.00000E+00
 -1        33 0.00000E+00-5.15600E-04 0.00000E+00
 -1        34 0.00000E+00 0.00000E+00-1.28900E-04
 -1        35 1.04644E-16 0.00000E+00-1.28900E-04
 -1        36 1.78179E-16 0.00000E+00-1.28900E-04
 -1        37 3.25896E-16 0.00000E+00-1.28900E-04
 -1        38 4.04889E-16 0.00000E+00-1.28900E-04
 -1        39 4.79674E-16 0.00000E+00-1.28900E-04
 -1        40 3.30668E-16 0.00000E+00-1.28900E-04
 -1        41 2.93683E-16 0.00000E+00-1.28900E-04
 -1        42 1.38394E-16 0.00000E+00-1.28900E-04
 -1        43 4.27258E-17 0.00000E+00-1.28900E-04
 -1        44 0.00000E+00 0.00000E+00-1.28900E-04
 -1        45 0.00000E+00-2.57800E-04-1.28900E-04
 -1        46 5.59448E-17-2.57800E-04-1.28900E-04
 -1        47 2.71080E-16-2.57800E-04-1.28900E-04
 -1        48 2.94095E-16-2.57800E-04-1.28900E-04
 -1        49 3.90274E-16-2.57800E-04-1.28900E-04
 -1        50 4.65528E-16-2.57800E-04-1.28900E-04
 -1        51 3.73401E-16-2.57800E-04-1.28900E-04
 -1        52 2.34518E-16-2.57800E-04-1.28900E-04
 -1        53 1.24191E-16-2.57800E-04-1.28900E-04
 -1        54 3.96328E-17-2.57800E-04-1.28900E-04
 -1        55 0.00000E+00-2.57800E-04-1.28900E-04
 -1        56 0.00000E+00-5.15600E-04-1.28900E-04
 -1        57 2.99617E-17-5.15600E-04-1.28900E-04
 -1        58 2.40243E-16-5.15600E-04-1.28900E-04
 -1        59 2.75078E-16-5.15600E-04-1.28900E-04
 -1        60 3.87153E-16-5.15600E-04-1.28900E-04
 -1        61 3.72675E-16-5.15600E-04-1.28900E-04
 -1        62 3.59709E-16-5.15600E-04-1.28900E-04
 -1        63 2.42957E-16-5.15600E-04-1.28900E-04
 -1        64 8.51028E-17-5.15600E-04-1.28900E-04
 -1        65 4.73882E-17-5.15600E-04-1.28900E-04
 -1        66 0.00000E+00-5.15600E-04-1.28900E-04
 -3
    1PSTEP                         2           6           3          
  100CL  101 3.000000000          66                     0    1           1
 -4  STRESS      6    1
 -5  SXX         1    4    1    1
 -5  SYY         1    4    2    2
 -5  SZZ         1    4    3    3
 -5  SXY         1    4    1    2
 -5  SYZ         1    4    2    3
 -5  SZX         1    4    3    1
 -1         1-1.99227E+02-2.17986E-11-2.17986E-11-8.04137E-16-2.03698E-15-7.81228E-15
 -1         2-1.99227E+02-1.14072E-11-1.14072E-11-3.12190E-12 1.97798E-15 5.15370E-13
 -1         3-1.99227E+02-4.56643E-12-7.26874E-12 6.08157E-12-2.04516E-15-1.25835E-12
 -1         4-1.99227E+02 4.38662E-12 1.44712E-11-2.15283E-12 2.84457E-15-8.81021E-13
 -1         5-1.99227E+02-5.54201E-13-5.54201E-13-5.57964E-13 2.22055E-15 4.68404E-13
 -1         6-1.99227E+02-1.38925E-11-2.02861E-11-1.08311E-12-3.32560E-15-1.83021E-12
 -1         7-1.99227E+02-4.35531E-12 1.41004E-11 2.17150E-12-1.31625E-15-1.85225E-14
 -1         8-1.99227E+02-1.05251E-11 5.95276E-12-2.69983E-12-2.02232E-15 1.15260E-12
 -1         9-1.99227E+02 9.13969E-12 2.74641E-12-1.28907E-12-3.69685E-16-2.57234E-13
 -1        10-1.99227E+02 1.93211E-11 1.85432E-12-1.84504E-12 6.85900E-16-2.14934E-12
 -1        11-1.99227E+02-1.85773E-11-1.31727E-11 1.27983E-13 7.36976E-15 2.31408E-13
 -1        12-1.99227E+02-1.46304E-11-2.74173E-11 1.42443E-12-9.30074E-13 5.10025E-15
 -1        13-1.99227E+02-2.24085E-11-2.29030E-11-1.21929E-12 1.72513E-12 4.73519E-13
 -1        14-1.99227E+02 1.44365E-12-2.60966E-12 2.07337E-12-1.07795E-12-8.03165E-13
 -1        15-1.99227E+02-4.57058E-12-2.27885E-14 9.12413E-13 1.07377E-12-3.66315E-13
 -1        16-1.99227E+02-5.54201E-13-5.54201E-13 1.16631E-12-4.09966E-13-3.14051E-13
 -1        17-1.99227E+02-2.49603E-12 1.68957E-12-1.06702E-12 1.41410E-12-1.31814E-12
 -1        18-1.99227E+02-6.80065E-12 8.82051E-12 1.83003E-12 1.32916E-13 2.04072E-12
 -1        19-1.99227E+02-7.50775E-12 1.22992E-11-1.05909E-12-7.14077E-13-1.45362E-12
 -1        20-1.99227E+02-1.27322E-11-2.92110E-11-1.02545E-12-1.48202E-13 2.20405E-13
 -1        21-1.99227E+02 6.56487E-12-5.36513E-12-1.09957E-12 9.40983E-14 3.64092E-13
 -1        22-1.99227E+02-1.22939E-11-8.60259E-12-3.31805E-13-1.35511E-12 3.58458E-14
 -1        23-1.99227E+02 1.72901E-11 1.72901E-11 5.23265E-13-3.64303E-13-1.01281E-15
 -1        24-1.99227E+02 3.25581E-13 2.95906E-11-1.45563E-13-4.98561E-12-1.28390E-12
 -1        25-1.99227E+02 2.38749E-12-2.51641E-11-1.61002E-12 1.48844E-12 1.44840E-12
 -1        26-1.99227E+02 3.01983E-12 6.71110E-12 1.52073E-12-3.13509E-13-1.32603E-12
 -1        27-1.99227E+02-5.54201E-13-5.54201E-13 2.44130E-12-1.68779E-13 1.13078E-12
 -1        28-1.99227E+02-1.89273E-11-2.16296E-11-3.37848E-13 9.79663E-13-4.94959E-12
 -1        29-1.99227E+02-7.54690E-12 9.91990E-12 8.83438E-13 1.20445E-12 2.67874E-12
 -1        30-1.99227E+02-8.88689E-12 4.88863E-12 4.93830E-13 6.34984E-13 3.80277E-13
 -1        31-1.99227E+02 7.00612E-13 2.18635E-11-9.43544E-13-7.04224E-13-2.95545E-13
 -1        32-1.99227E+02-5.65323E-13 2.32937E-11-1.78761E-12-8.74065E-14 6.20386E-13
 -1        33-1.99227E+02-1.50916E-11-2.24741E-11-3.66067E-12 1.26358E-12 2.24949E-13
 -1        34-1.99227E+02-2.17986E-11-2.17986E-11 6.04527E-16 3.48619E-13 7.08618E-13
 -1        35-1.99227E+02-2.77983E-11-2.77983E-11-3.12056E-12-1.44024E-12-2.49307E-13
 -1        36-1.99227E+02-2.09576E-11-2.36599E-11 6.31318E-12 2.57473E-12 3.47575E-13
 -1        37-1.99227E+02 4.38662E-12 1.44712E-11-2.00672E-12-1.37302E-12 9.05559E-13
 -1        38-1.99227E+02-5.54201E-13-5.54201E-13-8.45583E-13 1.43429E-13 3.25042E-13
 -1        39-1.99227E+02-1.38925E-11-2.02861E-11-7.48667E-13 1.11585E-12 3.14675E-13
 -1        40-1.99227E+02-4.35531E-12 1.41004E-11 3.18397E-12-1.79360E-14 8.15850E-13
 -1        41-1.99227E+02-1.05251E-11 5.95276E-12-3.75280E-12-8.55148E-13-1.87690E-13
 -1        42-1.99227E+02 9.13969E-12 2.74641E-12-1.37254E-12-8.09464E-14-5.06733E-13
 -1        43-1.99227E+02 1.93211E-11 1.85432E-12-5.73720E-13-2.90879E-13-3.45311E-12
 -1        44-1.99227E+02-1.85773E-11-1.31727E-11 3.51474E-14 1.85435E-12-1.87862E-12
 -1        45-1.99227E+02-1.46304E-11-2.74173E-11 2.74432E-12 6.87123E-14-1.06847E-12
 -1        46-1.99227E+02-2.02125E-11-2.07070E-11-1.69785E-12 2.36146E-12 9.07159E-13
 -1        47-1.99227E+02 3.63962E-12-4.13685E-13 2.61549E-12-2.05012E-13 8.10681E-13
 -1        48-1.99227E+02-4.57058E-12-2.27885E-14 8.68746E-13-2.03795E-13-1.71097E-14
 -1        49-1.99227E+02-5.54201E-13-5.54201E-13 1.48202E-12 2.02952E-13 5.27261E-13
 -1        50-1.99227E+02-7.95374E-12-3.76813E-12-1.64154E-12-6.23807E-14 1.10529E-12
 -1        51-1.99227E+02-8.21690E-12 7.40426E-12 1.90194E-12-7.97123E-13 1.88551E-12
 -1        52-1.99227E+02-7.50775E-12 1.22992E-11-1.08773E-12-1.09634E-12-2.81887E-12
 -1        53-1.99227E+02-1.18121E-11-2.82878E-11-1.00143E-12 4.49113E-13-1.79238E-13
 -1        54-1.99227E+02 3.43970E-12-8.49113E-12-7.49251E-13 2.68260E-13 6.62974E-13
 -1        55-1.99227E+02-1.22939E-11-8.60259E-12-8.15379E-13-5.88099E-13-4.15889E-13
 -1        56-1.99227E+02 1.72901E-11 1.72901E-11-1.79662E-12 1.31342E-12-2.85396E-14
 -1        57-1.99227E+02 3.25581E-13 2.95906E-11-5.77993E-13-2.28480E-12-2.20648E-12
 -1        58-1.99227E+02 2.38749E-12-2.51641E-11 7.24278E-13 6.51158E-13 1.20722E-12
 -1        59-1.99227E+02 3.01983E-12 6.71110E-12 5.62380E-13-1.51779E-12-3.88468E-15
 -1        60-1.99227E+02-5.54201E-13-5.54201E-13 3.56870E-12 8.91245E-13 8.70011E-13
 -1        61-1.99227E+02 2.18101E-11 1.91078E-11-1.79111E-12-3.12105E-12-4.03024E-12
 -1        62-1.99227E+02 3.02422E-12 2.04910E-11 9.76997E-13-5.95553E-13 4.39825E-12
 -1        63-1.99227E+02-8.88689E-12 4.88863E-12 1.09779E-12 7.19154E-13 1.27978E-13
 -1        64-1.99227E+02-6.16789E-12 1.49721E-11-1.51417E-12 4.82322E-13-2.30104E-13
 -1        65-1.99227E+02 2.27616E-11 4.66268E-11-7.66159E-13 5.46464E-13-1.91732E-13
 -1        66-1.99227E+02-1.50916E-11-2.24741E-11-3.40599E-12 8.86024E-13-1.35009E-12
 -3
    1PSTEP                         3           6           3          
  100CL  101 3.000000000          66                     0    1           1
 -4  PE          1    1
 -5  PE          1    1    0    0
 -1         1 1.17407E-03
 -1         2 1.17407E-03
 -1         3 1.17407E-03
 -1         4 1.17407E-03
 -1         5 1.17407E-03
 -1         6 1.17407E-03
 -1         7 1.17407E-03
 -1         8 1.17407E-03
 -1         9 1.17407E-03
 -1        10 1.17407E-03
 -1        11 1.17407E-03
 -1        12 1.17407E-03
 -1        13 1.17407E-03
 -1        14 1.17407E-03
 -1        15 1.17407E-03
 -1        16 1.17407E-03
 -1        17 1.17407E-03
 -1        18 1.17407E-03
 -1        19 1.17407E-03
 -1        20 1.17407E-03
 -1        21 1.17407E-03
 -1        22 1.17407E-03
 -1        23 1.17407E-03
 -1        24 1.17407E-03
 -1        25 1.17407E-03
 -1        26 1.17407E-03
 -1        27 1.17407E-03
 -1        28 1.17407E-03
 -1        29 1.17407E-03
 -1        30 1.17407E-03
 -1        31 1.17407E-03
 -1        32 1.17407E-03
 -1        33 1.17407E-03
 -1        34 1.17407E-03
 -1        35 1.17407E-03
 -1        36 1.17407E-03
 -1        37 1.17407E-03
 -1        38 1.17407E-03
 -1        39 1.17407E-03
 -1        40 1.17407E-03
 -1        41 1.17407E-03
 -1        42 1.17407E-03
 -1        43 1.17407E-03
 -1        44 1.17407E-03
 -1        45 1.17407E-03
 -1        46 1.17407E-03
 -1        47 1.17407E-03
 -1        48 1.17407E-03
 -1        49 1.17407E-03
 -1        50 1.17407E-03
 -1        51 1.17407E-03
 -1        52 1.17407E-03
 -1        53 1.17407E-03
 -1        54 1.17407E-03
 -1        55 1.17407E-03
 -1        56 1.17407E-03
 -1        57 1.17407E-03
 -1        58 1.17407E-03
 -1        59 1.17407E-03
 -1        60 1.17407E-03
 -1        61 1.17407E-03
 -1        62 1.17407E-03
 -1        63 1.17407E-03
 -1        64 1.17407E-03
 -1        65 1.17407E-03
 -1        66 1.17407E-03
 -3
    1PSTEP                         4           6           3          
  100CL  101 3.000000000          66                     0    1           1
 -4  ERROR       1    1
 -5  STR(%)      1    1    0    0
 -1         1 0.00000E+00
 -1         2 6.92824E-12
 -1         3 9.22251E-12
 -1         4 9.22251E-12
 -1         5 1.18121E-12
 -1         6 3.47094E-12
 -1         7 3.47094E-12
 -1         8 6.36035E-14
 -1         9 2.35333E-12
 -1        10 5.83335E-12
 -1        11 5.83335E-12
 -1        12 3.46185E-12
 -1        13 6.92824E-12
 -1        14 9.22251E-12
 -1        15 9.22251E-12
 -1        16 1.18121E-12
 -1        17 3.47094E-12
 -1        18 3.47094E-12
 -1        19 3.47094E-12
 -1        20 6.92824E-12
 -1        21 6.92824E-12
 -1        22 5.83335E-12
 -1        23 3.46185E-12
 -1        24 3.46185E-12
 -1        25 3.46185E-12
 -1        26 3.46185E-12
 -1        27 0.00000E+00
 -1        28 3.47094E-12
 -1        29 3.47094E-12
 -1        30 3.47094E-12
 -1        31 6.92824E-12
 -1        32 6.92824E-12
 -1        33 3.53454E-12
 -1        34 0.00000E+00
 -1        35 6.92824E-12
 -1        36 9.22251E-12
 -1        37 9.22251E-12
 -1        38 1.18121E-12
 -1        39 3.47094E-12
 -1        40 3.47094E-12
 -1        41 6.36035E-14
 -1        42 2.35333E-12
 -1        43 5.83335E-12
 -1        44 5.83335E-12
 -1        45 3.46185E-12
 -1        46 6.92824E-12
 -1        47 9.22251E-12
 -1        48 9.22251E-12
 -1        49 1.18121E-12
 -1        50 3.47094E-12
 -1        51 3.47094E-12
 -1        52 3.47094E-12
 -1        53 6.92824E-12
 -1        54 6.92824E-12
 -1        55 5.83335E-12
 -1        56 3.46185E-12
 -1        57 3.46185E-12
 -1        58 3.46185E-12
 -1        59 3.46185E-12
 -1        60 0.00000E+00
 -1        61 3.47094E-12
 -1        62 3.47094E-12
 -1        63 3.47094E-12
 -1        64 6.92824E-12
 -1        65 6.92824E-12
 -1        66 3.53454E-12
 -3
    1PSTEP                         5           6           4          
  100CL  102 4.000000000          99                     0    2           1
 -4  DISP        4    1
 -5  D1          1    2    1    0
 -5  D2          1    2    2    0
 -5  D3          1    2    3    0
 -5  ALL         1    2    0    0    1ALL
 -1         1 0.00000E+00 0.00000E+00 0.00000E+00
 -1         2 1.42075E-16 0.00000E+00 0.00000E+00
 -1         3 3.62392E-16 0.00000E+00 0.00000E+00
 -1         4 4.85942E-16 0.00000E+00 0.00000E+00
 -1         5 6.24501E-16 0.00000E+00 0.00000E+00
 -1         6 6.20058E-16 0.00000E+00 0.00000E+00
 -1         7 5.23531E-16 0.00000E+00 0.00000E+00
 -1         8 3.55983E-16 0.00000E+00 0.00000E+00
 -1         9 2.00724E-16 0.00000E+00 0.00000E+00
 -1        10 4.47349E-17 0.00000E+00 0.00000E+00
 -1        11 0.00000E+00 0.00000E+00 0.00000E+00
 -1        12 0.00000E+00-3.69902E-04 0.00000E+00
 -1        13 2.04044E-16-3.69902E-04 0.00000E+00
 -1        14 3.76922E-16-3.69902E-04 0.00000E+00
 -1        15 5.41060E-16-3.69902E-04 0.00000E+00
 -1        16 5.93243E-16-3.69902E-04 0.00000E+00
 -1        17 6.08852E-16-3.69902E-04 0.00000E+00
 -1        18 4.99374E-16-3.69902E-04 0.00000E+00
 -1        19 3.73405E-16-3.69902E-04 0.00000E+00
 -1        20 1.63745E-16-3.69902E-04 0.00000E+00
 -1        21 4.17887E-17-3.69902E-04 0.00000E+00
 -1        22 0.00000E+00-3.69902E-04 0.00000E+00
 -1        23 0.00000E+00-6.84695E-04 0.00000E+00
 -1        24 2.32941E-16-6.84695E-04 0.00000E+00
 -1        25 3.83996E-16-6.84695E-04 0.00000E+00
 -1        26 4.91508E-16-6.84695E-04 0.00000E+00
 -1        27 5.05968E-16-6.84695E-04 0.00000E+00
 -1        28 5.16041E-16-6.84695E-04 0.00000E+00
 -1        29 4.81905E-16-6.84695E-04 0.00000E+00
 -1        30 3.77265E-16-6.84695E-04 0.00000E+00
 -1        31 1.80927E-16-6.84695E-04 0.00000E+00
 -1        32 6.52541E-17-6.84695E-04 0.00000E+00
 -1        33 0.00000E+00-6.84695E-04 0.00000E+00
 -1        34 0.00000E+00 0.00000E+00-1.07154E-04
 -1        35 1.80210E-16 0.00000E+00-1.07154E-04
 -1        36 2.72412E-16 0.00000E+00-1.07154E-04
 -1        37 5.33829E-16 0.00000E+00-1.07154E-04
 -1        38 6.09856E-16 0.00000E+00-1.07154E-04
 -1        39 6.49646E-16 0.00000E+00-1.07154E-04
 -1        40 5.11267E-16 0.00000E+00-1.07154E-04
 -1        41 3.58855E-16 0.00000E+00-1.07154E-04
 -1        42 1.92120E-16 0.00000E+00-1.07154E-04
 -1        43 5.72285E-17 0.00000E+00-1.07154E-04
 -1        44 0.00000E+00 0.00000E+00-1.07154E-04
 -1        45 0.00000E+00-3.80613E-04-1.22434E-04
 -1        46 1.61555E-16-3.80613E-04-1.22434E-04
 -1        47 4.53698E-16-3.80613E-04-1.22434E-04
 -1        48 5.07499E-16-3.80613E-04-1.22434E-04
 -1        49 5.84588E-16-3.80613E-04-1.22434E-04
 -1        50 6.12165E-16-3.80613E-04-1.22434E-04
 -1        51 5.01171E-16-3.80613E-04-1.22434E-04
 -1        52 3.66955E-16-3.80613E-04-1.22434E-04
 -1        53 1.93220E-16-3.80613E-04-1.22434E-04
 -1        54 4.08620E-17-3.80613E-04-1.22434E-04
 -1        55 0.00000E+00-3.80613E-04-1.22434E-04
 -1        56 0.00000E+00-7.69009E-04-8.16067E-05
 -1        57 1.62386E-16-7.69009E-04-8.16067E-05
 -1        58 3.89745E-16-7.69009E-04-8.16067E-05
 -1        59 5.35761E-16-7.69009E-04-8.16067E-05
 -1        60 4.78840E-16-7.69009E-04-8.16067E-05
 -1        61 5.36754E-16-7.69009E-04-8.16067E-05
 -1        62 5.06254E-16-7.69009E-04-8.16067E-05
 -1        63 3.46942E-16-7.69009E-04-8.16067E-05
 -1        64 1.93665E-16-7.69009E-04-8.16067E-05
 -1        65 5.29118E-17-7.69009E-04-8.16067E-05
 -1        66 0.00000E+00-7.69009E-04-8.16067E-05
 -1        67 0.00000E+00 0.00000E+00-3.93016E-04
 -1        68 1.91548E-16 0.00000E+00-3.93016E-04
 -1        69 1.92941E-16 0.00000E+00-3.93016E-04
 -1        70 6.26128E-16 0.00000E+00-3.93016E-04
 -1        71 5.82897E-16 0.00000E+00-3.93016E-04
 -1        72 6.77610E-16 0.00000E+00-3.93016E-04
 -1        73 4.95142E-16 0.00000E+00-3.93016E-04
 -1        74 3.10653E-16 0.00000E+00-3.93016E-04
 -1        75 1.90869E-16 0.00000E+00-3.93016E-04
 -1        76 3.33290E-17 0.00000E+00-3.93016E-04
 -1        77 0.00000E+00 0.00000E+00-3.93016E-04
 -1        78 0.00000E+00-3.96751E-04-4.04792E-04
 -1        79 1.55885E-16-3.96751E-04-4.04792E-04
 -1        80 4.59823E-16-3.96751E-04-4.04792E-04
 -1        81 4.71579E-16-3.96751E-04-4.04792E-04
 -1        82 5.72606E-16-3.96751E-04-4.04792E-04
 -1        83 5.15790E-16-3.96751E-04-4.04792E-04
 -1        84 5.78689E-16-3.96751E-04-4.04792E-04
 -1        85 3.45522E-16-3.96751E-04-4.04792E-04
 -1        86 2.07721E-16-3.96751E-04-4.04792E-04
 -1        87 2.44115E-17-3.96751E-04-4.04792E-04
 -1        88 0.00000E+00-3.96751E-04-4.04792E-04
 -1        89 0.00000E+00-8.70838E-04-3.44398E-04
 -1        90 1.35927E-16-8.70838E-04-3.44398E-04
 -1        91 4.51827E-16-8.70838E-04-3.44398E-04
 -1        92 5.22539E-16-8.70838E-04-3.44398E-04
 -1        93 4.49438E-16-8.70838E-04-3.44398E-04
 -1        94 4.98733E-16-8.70838E-04-3.44398E-04
 -1        95 5.01702E-16-8.70838E-04-3.44398E-04
 -1        96 3.54715E-16-8.70838E-04-3.44398E-04
 -1        97 2.19165E-16-8.70838E-04-3.44398E-04
 -1        98 3.36075E-17-8.70838E-04-3.44398E-04
 -1        99 0.00000E+00-8.70838E-04-3.44398E-04
 -3
    1PSTEP                         6           6           4          
  100CL  102 4.000000000          99                     0    2           1
 -4  STRESS      6    1
 -5  SXX         1    4    1    1
 -5  SYY         1    4    2    2
 -5  SZZ         1    4    3    3
 -5  SXY         1    4    1    2
 -5  SYZ         1    4    2    3
 -5  SZX         1    4    3    1
 -1         1-2.05038E+02-2.07037E+01-1.09667E-03-5.77301E-16 4.72711E-05-8.01997E-15
 -1         2-2.05038E+02-2.07037E+01-1.09667E-03 4.25434E-12 4.72711E-05 5.17836E-12
 -1         3-2.05038E+02-2.07037E+01-1.09667E-03 1.06399E-12 4.72711E-05-1.18441E-11
 -1         4-2.05038E+02-2.07037E+01-1.09667E-03 3.81559E-12 4.72711E-05 6.22058E-12
 -1         5-2.05038E+02-2.07037E+01-1.09667E-03-1.97305E-12 4.72711E-05-1.77781E-12
 -1         6-2.05038E+02-2.07037E+01-1.09667E-03-5.74862E-13 4.72711E-05 4.13091E-12
 -1         7-2.05038E+02-2.07037E+01-1.09667E-03-1.27316E-12 4.72711E-05-1.51048E-12
 -1         8-2.05038E+02-2.07037E+01-1.09667E-03 1.21304E-12 4.72711E-05 5.35071E-13
 -1         9-2.05038E+02-2.07037E+01-1.09667E-03-2.52536E-12 4.72711E-05-1.23655E-12
 -1        10-2.05038E+02-2.07037E+01-1.09667E-03-1.33241E-12 4.72711E-05 1.16000E-12
 -1        11-2.05038E+02-2.07037E+01-1.09667E-03 1.27962E-13 4.72711E-05 2.31790E-13
 -1        12-2.05292E+02-1.72909E+01-4.32078E+00 1.92616E-12-1.42522E+00 5.31243E-15
 -1        13-2.05292E+02-1.72909E+01-4.32078E+00 4.20739E-12-1.42522E+00-5.62010E-12
 -1        14-2.05292E+02-1.72909E+01-4.32078E+00 1.82082E-12-1.42522E+00 1.04086E-11
 -1        15-2.05292E+02-1.72909E+01-4.32078E+00 3.48647E-12-1.42522E+00-4.47708E-12
 -1        16-2.05292E+02-1.72909E+01-4.32078E+00-7.32300E-14-1.42522E+00-1.15164E-12
 -1        17-2.05292E+02-1.72909E+01-4.32078E+00-9.45919E-13-1.42522E+00 5.19810E-13
 -1        18-2.05292E+02-1.72909E+01-4.32078E+00 5.48322E-13-1.42522E+00 4.10675E-13
 -1        19-2.05292E+02-1.72909E+01-4.32078E+00 1.01441E-12-1.42522E+00-9.48017E-13
 -1        20-2.05292E+02-1.72909E+01-4.32078E+00-1.19660E-12-1.42522E+00 3.74935E-12
 -1        21-2.05292E+02-1.72909E+01-4.32078E+00-2.48458E-13-1.42522E+00 8.81397E-13
 -1        22-2.05292E+02-1.72909E+01-4.32078E+00-1.93593E-12-1.42522E+00 3.59930E-14
 -1        23-1.96044E+02-4.40985E+00 1.57544E+01-3.06251E-12-1.12182E+01-1.60929E-15
 -1        24-1.96044E+02-4.40985E+00 1.57544E+01 1.99086E-12-1.12182E+01-9.29060E-12
 -1        25-1.96044E+02-4.40985E+00 1.57544E+01 4.60437E-12-1.12182E+01 8.43174E-13
 -1        26-1.96044E+02-4.40985E+00 1.57544E+01-3.92971E-14-1.12182E+01 6.05772E-12
 -1        27-1.96044E+02-4.40985E+00 1.57544E+01-1.31537E-12-1.12182E+01-3.73039E-12
 -1        28-1.96044E+02-4.40985E+00 1.57544E+01 1.78475E-12-1.12182E+01 2.86026E-12
 -1        29-1.96044E+02-4.40985E+00 1.57544E+01 1.69762E-12-1.12182E+01 3.48371E-12
 -1        30-1.96044E+02-4.40985E+00 1.57544E+01-7.61228E-13-1.12182E+01-4.38963E-12
 -1        31-1.96044E+02-4.40985E+00 1.57544E+01 3.75239E-13-1.12182E+01 2.49007E-12
 -1        32-1.96044E+02-4.40985E+00 1.57544E+01 1.96705E-12-1.12182E+01-3.40291E-12
 -1        33-1.96044E+02-4.40985E+00 1.57544E+01 1.75389E-12-1.12182E+01 2.24874E-13
 -1        34-1.99292E+02 7.95261E-01-8.49346E-01 5.01748E-16-1.01634E+00-1.59209E-13
 -1        35-1.99292E+02 7.95261E-01-8.49346E-01 4.99977E-13-1.01634E+00 2.47110E-12
 -1        36-1.99292E+02 7.95261E-01-8.49346E-01 9.09645E-12-1.01634E+00-9.92955E-12
 -1        37-1.99292E+02 7.95261E-01-8.49346E-01-5.58585E-13-1.01634E+00 9.16092E-12
 -1        38-1.99292E+02 7.95261E-01-8.49346E-01-1.10313E-12-1.01634E+00-4.31727E-13
 -1        39-1.99292E+02 7.95261E-01-8.49346E-01-1.79719E-12-1.01634E+00 1.31464E-12
 -1        40-1.99292E+02 7.95261E-01-8.49346E-01-1.78365E-12-1.01634E+00-3.26067E-12
 -1        41-1.99292E+02 7.95261E-01-8.49346E-01 2.71034E-12-1.01634E+00 2.34206E-12
 -1        42-1.99292E+02 7.95261E-01-8.49346E-01 1.46255E-13-1.01634E+00 2.17046E-12
 -1        43-1.99292E+02 7.95261E-01-8.49346E-01-1.43552E-12-1.01634E+00-1.05596E-12
 -1        44-1.99292E+02 7.95261E-01-8.49346E-01 5.89383E-14-1.01634E+00-6.60700E-13
 -1        45-2.00619E+02-1.04441E+00-3.73796E+00 2.94147E-13-9.36042E-01 8.49892E-13
 -1        46-2.00619E+02-1.04441E+00-3.73796E+00 5.12439E-13-9.36042E-01-7.53810E-12
 -1        47-2.00619E+02-1.04441E+00-3.73796E+00 3.40074E-12-9.36042E-01 8.46024E-12
 -1        48-2.00619E+02-1.04441E+00-3.73796E+00 3.02498E-12-9.36042E-01-4.43510E-12
 -1        49-2.00619E+02-1.04441E+00-3.73796E+00-1.21337E-12-9.36042E-01-1.49302E-13
 -1        50-2.00619E+02-1.04441E+00-3.73796E+00-9.26079E-14-9.36042E-01-1.79937E-12
 -1        51-2.00619E+02-1.04441E+00-3.73796E+00-1.93645E-13-9.36042E-01 3.32964E-12
 -1        52-2.00619E+02-1.04441E+00-3.73796E+00 8.95286E-13-9.36042E-01 2.31824E-13
 -1        53-2.00619E+02-1.04441E+00-3.73796E+00 6.97016E-13-9.36042E-01 3.32006E-12
 -1        54-2.00619E+02-1.04441E+00-3.73796E+00-1.34149E-12-9.36042E-01 3.41138E-13
 -1        55-2.00619E+02-1.04441E+00-3.73796E+00-3.22759E-13-9.36042E-01 5.02092E-13
 -1        56-1.95833E+02 3.20653E+00 9.06262E+00 3.84379E-14-9.66519E+00 1.04139E-13
 -1        57-1.95833E+02 3.20653E+00 9.06262E+00 2.16226E-12-9.66519E+00-9.04916E-12
 -1        58-1.95833E+02 3.20653E+00 9.06262E+00-5.16952E-13-9.66519E+00 3.70137E-12
 -1        59-1.95833E+02 3.20653E+00 9.06262E+00 5.69229E-12-9.66519E+00 3.33640E-12
 -1        60-1.95833E+02 3.20653E+00 9.06262E+00-3.61757E-12-9.66519E+00 1.75864E-12
 -1        61-1.95833E+02 3.20653E+00 9.06262E+00 1.82699E-12-9.66519E+00 2.31828E-12
 -1        62-1.95833E+02 3.20653E+00 9.06262E+00 3.33817E-12-9.66519E+00 1.73928E-12
 -1        63-1.95833E+02 3.20653E+00 9.06262E+00-2.20825E-12-9.66519E+00-3.15376E-12
 -1        64-1.95833E+02 3.20653E+00 9.06262E+00-2.28260E-13-9.66519E+00-8.00292E-13
 -1        65-1.95833E+02 3.20653E+00 9.06262E+00-6.91074E-13-9.66519E+00-8.97593E-13
 -1        66-1.95833E+02 3.20653E+00 9.06262E+00-4.34816E-13-9.66519E+00 3.16708E-12
 -1        67-1.94006E+02 2.11163E+01-2.15509E+00-1.90949E-15-7.83142E-01 2.24632E-13
 -1        68-1.94006E+02 2.11163E+01-2.15509E+00-3.98342E-12-7.83142E-01 3.65942E-12
 -1        69-1.94006E+02 2.11163E+01-2.15509E+00 1.46856E-11-7.83142E-01-8.44528E-12
 -1        70-1.94006E+02 2.11163E+01-2.15509E+00-5.31793E-12-7.83142E-01 1.08119E-11
 -1        71-1.94006E+02 2.11163E+01-2.15509E+00-1.29529E-12-7.83142E-01 1.02289E-12
 -1        72-1.94006E+02 2.11163E+01-2.15509E+00-4.06847E-12-7.83142E-01-8.67264E-13
 -1        73-1.94006E+02 2.11163E+01-2.15509E+00 2.41090E-12-7.83142E-01-3.69564E-12
 -1        74-1.94006E+02 2.11163E+01-2.15509E+00 3.64231E-12-7.83142E-01 1.91623E-12
 -1        75-1.94006E+02 2.11163E+01-2.15509E+00 1.84599E-13-7.83142E-01 3.66296E-12
 -1        76-1.94006E+02 2.11163E+01-2.15509E+00-2.49362E-13-7.83142E-01-6.27656E-13
 -1        77-1.94006E+02 2.11163E+01-2.15509E+00-2.07618E-14-7.83142E-01 3.01279E-12
 -1        78-1.96688E+02 1.33038E+01-3.89277E+00 2.06192E-12-5.29457E-01 2.49136E-12
 -1        79-1.96688E+02 1.33038E+01-3.89277E+00-1.44848E-12-5.29457E-01-8.56644E-12
 -1        80-1.96688E+02 1.33038E+01-3.89277E+00 4.65487E-12-5.29457E-01 7.55830E-12
 -1        81-1.96688E+02 1.33038E+01-3.89277E+00 2.51674E-12-5.29457E-01-2.25759E-12
 -1        82-1.96688E+02 1.33038E+01-3.89277E+00-6.61577E-13-5.29457E-01-2.53896E-13
 -1        83-1.96688E+02 1.33038E+01-3.89277E+00-1.67648E-13-5.29457E-01-3.86311E-12
 -1        84-1.96688E+02 1.33038E+01-3.89277E+00-4.56365E-13-5.29457E-01 5.99851E-12
 -1        85-1.96688E+02 1.33038E+01-3.89277E+00 6.61032E-13-5.29457E-01-9.25883E-13
 -1        86-1.96688E+02 1.33038E+01-3.89277E+00 2.38965E-13-5.29457E-01 4.50642E-12
 -1        87-1.96688E+02 1.33038E+01-3.89277E+00 1.61080E-13-5.29457E-01-4.65320E-13
 -1        88-1.96688E+02 1.33038E+01-3.89277E+00 1.98444E-12-5.29457E-01 5.76289E-13
 -1        89-1.96647E+02 8.20363E+00 1.35248E+00-4.74650E-12-9.52712E+00 8.94345E-12
 -1        90-1.96647E+02 8.20363E+00 1.35248E+00-2.78890E-13-9.52712E+00-6.48012E-12
 -1        91-1.96647E+02 8.20363E+00 1.35248E+00 2.92946E-13-9.52712E+00 6.29947E-12
 -1        92-1.96647E+02 8.20363E+00 1.35248E+00 7.40105E-12-9.52712E+00-1.09627E-12
 -1        93-1.96647E+02 8.20363E+00 1.35248E+00-5.11577E-12-9.52712E+00 6.36876E-12
 -1        94-1.96647E+02 8.20363E+00 1.35248E+00 2.96836E-12-9.52712E+00 2.44383E-12
 -1        95-1.96647E+02 8.20363E+00 1.35248E+00 8.29955E-13-9.52712E+00-2.73595E-12
 -1        96-1.96647E+02 8.20363E+00 1.35248E+00 6.78407E-13-9.52712E+00-3.64783E-13
 -1        97-1.96647E+02 8.20363E+00 1.35248E+00-6.72128E-13-9.52712E+00-2.17279E-12
 -1        98-1.96647E+02 8.20363E+00 1.35248E+00-1.96118E-12-9.52712E+00-1.21349E-12
 -1        99-1.96647E+02 8.20363E+00 1.35248E+00-2.34563E-12-9.52712E+00 1.54760E-12
 -3
    1PSTEP                         7           6           4          
  100CL  102 4.000000000          99                     0    2           1
 -4  PE          1    1
 -5  PE          1    1    0    0
 -1         1 1.17407E-03
 -1         2 1.17407E-03
 -1         3 1.17407E-03
 -1         4 1.17407E-03
 -1         5 1.17407E-03
 -1         6 1.17407E-03
 -1         7 1.17407E-03
 -1         8 1.17407E-03
 -1         9 1.17407E-03
 -1        10 1.17407E-03
 -1        11 1.17407E-03
 -1        12 1.17407E-03
 -1        13 1.17407E-03
 -1        14 1.17407E-03
 -1        15 1.17407E-03
 -1        16 1.17407E-03
 -1        17 1.17407E-03
 -1        18 1.17407E-03
 -1        19 1.17407E-03
 -1        20 1.17407E-03
 -1        21 1.17407E-03
 -1        22 1.17407E-03
 -1        23 1.17407E-03
 -1        24 1.17407E-03
 -1        25 1.17407E-03
 -1        26 1.17407E-03
 -1        27 1.17407E-03
 -1        28 1.17407E-03
 -1        29 1.17407E-03
 -1        30 1.17407E-03
 -1        31 1.17407E-03
 -1        32 1.17407E-03
 -1        33 1.17407E-03
 -1        34 1.17407E-03
 -1        35 1.17407E-03
 -1        36 1.17407E-03
 -1        37 1.17407E-03
 -1        38 1.17407E-03
 -1        39 1.17407E-03
 -1        40 1.17407E-03
 -1        41 1.17407E-03
 -1        42 1.17407E-03
 -1        43 1.17407E-03
 -1        44 1.17407E-03
 -1        45 1.17407E-03
 -1        46 1.17407E-03
 -1        47 1.17407E-03
 -1        48 1.17407E-03
 -1        49 1.17407E-03
 -1        50 1.17407E-03
 -1        51 1.17407E-03
 -1        52 1.17407E-03
 -1        53 1.17407E-03
 -1        54 1.17407E-03
 -1        55 1.17407E-03
 -1        56 1.17407E-03
 -1        57 1.17407E-03
 -1        58 1.17407E-03
 -1        59 1.17407E-03
 -1        60 1.17407E-03
 -1        61 1.17407E-03
 -1        62 1.17407E-03
 -1        63 1.17407E-03
 -1        64 1.17407E-03
 -1        65 1.17407E-03
 -1        66 1.17407E-03
 -1        67 1.17407E-03
 -1        68 1.17407E-03
 -1        69 1.17407E-03
 -1        70 1.17407E-03
 -1        71 1.17407E-03
 -1        72 1.17407E-03
 -1        73 1.17407E-03
 -1        74 1.17407E-03
 -1        75 1.17407E-03
 -1        76 1.17407E-03
 -1        77 1.17407E-03
 -1        78 1.17407E-03
 -1        79 1.17407E-03
 -1        80 1.17407E-03
 -1        81 1.17407E-03
 -1        82 1.17407E-03
 -1        83 1.17407E-03
 -1        84 1.17407E-03
 -1        85 1.17407E-03
 -1        86 1.17407E-03
 -1        87 1.17407E-03
 -1        88 1.17407E-03
 -1        89 1.17407E-03
 -1        90 1.17407E-03
 -1        91 1.17407E-03
 -1        92 1.17407E-03
 -1        93 1.17407E-03
 -1        94 1.17407E-03
 -1        95 1.17407E-03
 -1        96 1.17407E-03
 -1        97 1.17407E-03
 -1        98 1.17407E-03
 -1        99 1.17407E-03
 -3
    1PSTEP                         8           6           4          
  100CL  102 4.000000000          99                     0    2           1
 -4  ERROR       1    1
 -5  STR(%)      1    1    0    0
 -1         1 3.09248E-01
 -1         2 3.09248E-01
 -1         3 3.09248E-01
 -1         4 3.09248E-01
 -1         5 3.09248E-01
 -1         6 3.09248E-01
 -1         7 3.09248E-01
 -1         8 3.09248E-01
 -1         9 3.09248E-01
 -1        10 3.09248E-01
 -1        11 3.09248E-01
 -1        12 1.17115E+00
 -1        13 1.17115E+00
 -1        14 1.17115E+00
 -1        15 1.17115E+00
 -1        16 1.17115E+00
 -1        17 1.17115E+00
 -1        18 1.17115E+00
 -1        19 1.17115E+00
 -1        20 1.17115E+00
 -1        21 1.17115E+00
 -1        22 1.17115E+00
 -1        23 1.17115E+00
 -1        24 1.17115E+00
 -1        25 1.17115E+00
 -1        26 1.17115E+00
 -1        27 1.17115E+00
 -1        28 1.17115E+00
 -1        29 1.17115E+00
 -1        30 1.17115E+00
 -1        31 1.17115E+00
 -1        32 1.17115E+00
 -1        33 1.17115E+00
 -1        34 3.09248E-01
 -1        35 3.09248E-01
 -1        36 3.09248E-01
 -1        37 3.09248E-01
 -1        38 3.09248E-01
 -1        39 3.09248E-01
 -1        40 3.09248E-01
 -1        41 3.09248E-01
 -1        42 3.09248E-01
 -1        43 3.09248E-01
 -1        44 3.09248E-01
 -1        45 1.17115E+00
 -1        46 1.17115E+00
 -1        47 1.17115E+00
 -1        48 1.17115E+00
 -1        49 1.17115E+00
 -1        50 1.17115E+00
 -1        51 1.17115E+00
 -1        52 1.17115E+00
 -1        53 1.17115E+00
 -1        54 1.17115E+00
 -1        55 1.17115E+00
 -1        56 1.17115E+00
 -1        57 1.17115E+00
 -1        58 1.17115E+00
 -1        59 1.17115E+00
 -1        60 1.17115E+00
 -1        61 1.17115E+00
 -1        62 1.17115E+00
 -1        63 1.17115E+00
 -1        64 1.17115E+00
 -1        65 1.17115E+00
 -1        66 1.17115E+00
 -1        67 1.86218E-01
 -1        68 1.86218E-01
 -1        69 1.86218E-01
 -1        70 1.86218E-01
 -1        71 1.86218E-01
 -1        72 1.86218E-01
 -1        73 1.86218E-01
 -1        74 1.86218E-01
 -1        75 1.86218E-01
 -1        76 1.86218E-01
 -1        77 1.86218E-01
 -1        78 9.83275E-01
 -1        79 9.83275E-01
 -1        80 9.83275E-01
 -1        81 9.83275E-01
 -1        82 9.83275E-01
 -1        83 9.83275E-01
 -1        84 9.83275E-01
 -1        85 9.83275E-01
 -1        86 9.83275E-01
 -1        87 9.83275E-01
 -1        88 9.83275E-01
 -1        89 9.83275E-01
 -1        90 9.83275E-01
 -1        91 9.83275E-01
 -1        92 9.83275E-01
 -1        93 9.83275E-01
 -1        94 9.83275E-01
 -1        95 9.83275E-01
 -1        96 9.83275E-01
 -1        97 9.83275E-01
 -1        98 9.83275E-01
 -1        99 9.83275E-01
 -3
 9999
