SUMMARY OF C0NVERGENCE INFORMATION
  STEP   INC  ATT   ITER     CONT.   RESID.        CORR.      RESID.      CORR.
                              EL.    FORCE         DISP       FLUX        TEMP.
                              (#)     (%)           (%)        (%)         (%)
     3     1     1     1        0  0.0000E+00  0.1000E+03  0.0000E+00  0.0000E+00
     3     1     1     2        0  0.0000E+00  0.9858E+02  0.0000E+00  0.0000E+00
     3     2     1     1        0  0.0000E+00  0.1000E+03  0.0000E+00  0.0000E+00
     3     2     1     2        0  0.0000E+00  0.9924E+02  0.0000E+00  0.0000E+00
     3     3     1     1        0  0.0000E+00  0.1000E+03  0.0000E+00  0.0000E+00
     3     3     1     2        0  0.0000E+00  0.5541E+02  0.0000E+00  0.0000E+00
     3     4     1     1        0  0.0000E+00  0.1000E+03  0.0000E+00  0.0000E+00
     3     4     1     2        0  0.0000E+00  0.5250E+02  0.0000E+00  0.0000E+00
     3     5     1     1        0  0.0000E+00  0.1000E+03  0.0000E+00  0.0000E+00
     3     5     1     2        0  0.0000E+00  0.9191E+02  0.0000E+00  0.0000E+00
     3     6     1     1        0  0.0000E+00  0.1000E+03  0.0000E+00  0.0000E+00
     3     6     1     2        0  0.0000E+00  0.4409E+02  0.0000E+00  0.0000E+00
     4     1     1     1        0  0.6348E+03  0.1000E-29  0.0000E+00  0.0000E+00
     4     1     1     2        0  0.9516E-01  0.1000E+03  0.0000E+00  0.0000E+00
     4     1     1     3        0  0.0000E+00  0.3170E-01  0.0000E+00  0.0000E+00
     4     2     1     1        0  0.6544E+03  0.8515E-09  0.0000E+00  0.0000E+00
     4     2     1     2        0  0.9530E-01  0.1000E+03  0.0000E+00  0.0000E+00
     4     2     1     3        0  0.0000E+00  0.3169E-01  0.0000E+00  0.0000E+00
     4     3     1     1        0  0.0000E+00  0.1000E+03  0.0000E+00  0.0000E+00
     4     3     1     2        0  0.0000E+00  0.7911E+01  0.0000E+00  0.0000E+00
     4     4     1     1        0  0.0000E+00  0.2915E+01  0.0000E+00  0.0000E+00
     4     4     1     2        0  0.0000E+00  0.1000E+03  0.0000E+00  0.0000E+00
     4     5     1     1        0  0.0000E+00  0.8738E+02  0.0000E+00  0.0000E+00
     4     5     1     2        0  0.0000E+00  0.1000E+03  0.0000E+00  0.0000E+00
     4     6     1     1        0  0.0000E+00  0.1000E+03  0.0000E+00  0.0000E+00
     4     6     1     2        0  0.0000E+00  0.9372E+02  0.0000E+00  0.0000E+00
