SUMMARY OF JOB INFORMATION
  STEP      INC     ATT  ITRS     TOT TIME     STEP TIME      INC TIME
     1          1     1     2  0.100000E+00  0.100000E+00  0.100000E+00
     1          2     1     2  0.200000E+00  0.200000E+00  0.100000E+00
     1          3     1     2  0.350000E+00  0.350000E+00  0.150000E+00
     1          4     1     2  0.575000E+00  0.575000E+00  0.225000E+00
     1          5     1     2  0.825000E+00  0.825000E+00  0.250000E+00
     1          6     1     2  0.100000E+01  0.100000E+01  0.175000E+00
     2          1     1     2  0.110000E+01  0.100000E+00  0.100000E+00
     2          2     1     2  0.120000E+01  0.200000E+00  0.100000E+00
     2          3     1     2  0.135000E+01  0.350000E+00  0.150000E+00
     2          4     1     2  0.157500E+01  0.575000E+00  0.225000E+00
     2          5     1     2  0.182500E+01  0.825000E+00  0.250000E+00
     2          6     1     2  0.200000E+01  0.100000E+01  0.175000E+00
     3          1     1     2  0.210000E+01  0.100000E+00  0.100000E+00
     3          2     1     2  0.220000E+01  0.200000E+00  0.100000E+00
     3          3     1     2  0.235000E+01  0.350000E+00  0.150000E+00
     3          4     1     2  0.257500E+01  0.575000E+00  0.225000E+00
     3          5     1     2  0.282500E+01  0.825000E+00  0.250000E+00
     3          6     1     2  0.300000E+01  0.100000E+01  0.175000E+00
     4          1     1     2  0.310000E+01  0.100000E+00  0.100000E+00
     4          2     1     2  0.320000E+01  0.200000E+00  0.100000E+00
     4          3     1     2  0.335000E+01  0.350000E+00  0.150000E+00
     4          4     1     2  0.357500E+01  0.575000E+00  0.225000E+00
     4          5     1     2  0.382500E+01  0.825000E+00  0.250000E+00
     4          6     1     2  0.400000E+01  0.100000E+01  0.175000E+00
     5          1     1     2  0.410000E+01  0.100000E+00  0.100000E+00
     5          2     1     2  0.420000E+01  0.200000E+00  0.100000E+00
     5          3     1     2  0.435000E+01  0.350000E+00  0.150000E+00
     5          4     1     2  0.457500E+01  0.575000E+00  0.225000E+00
     5          5     1     2  0.482500E+01  0.825000E+00  0.250000E+00
     5          6     1     2  0.500000E+01  0.100000E+01  0.175000E+00
     6          1     1     2  0.510000E+01  0.100000E+00  0.100000E+00
     6          2     1     2  0.520000E+01  0.200000E+00  0.100000E+00
     6          3     1     2  0.535000E+01  0.350000E+00  0.150000E+00
     6          4     1     2  0.557500E+01  0.575000E+00  0.225000E+00
     6          5     1     2  0.582500E+01  0.825000E+00  0.250000E+00
     6          6     1     2  0.600000E+01  0.100000E+01  0.175000E+00
     7          1     1     2  0.610000E+01  0.100000E+00  0.100000E+00
     7          2     1     2  0.620000E+01  0.200000E+00  0.100000E+00
     7          3     1     2  0.635000E+01  0.350000E+00  0.150000E+00
     7          4     1     2  0.657500E+01  0.575000E+00  0.225000E+00
     7          5     1     2  0.682500E+01  0.825000E+00  0.250000E+00
     7          6     1     2  0.700000E+01  0.100000E+01  0.175000E+00
     8          1     1     2  0.710000E+01  0.100000E+00  0.100000E+00
     8          2     1     2  0.720000E+01  0.200000E+00  0.100000E+00
     8          3     1     2  0.735000E+01  0.350000E+00  0.150000E+00
     8          4     1     2  0.757500E+01  0.575000E+00  0.225000E+00
     8          5     1     2  0.782500E+01  0.825000E+00  0.250000E+00
     8          6     1     2  0.800000E+01  0.100000E+01  0.175000E+00
