SUMMARY OF C0NVERGENCE INFORMATION
  STEP   INC  ATT   ITER     CONT.   RESID.        CORR.      RESID.      CORR.
                              EL.    FORCE         DISP       FLUX        TEMP.
                              (#)     (%)           (%)        (%)         (%)
     1     1     1     1        0  0.2260E+00  0.1000E+03  0.0000E+00  0.0000E+00
     1     1     1     2        0  0.0000E+00  0.1178E-02  0.0000E+00  0.0000E+00
     1     2     1     1        0  0.0000E+00  0.2355E-02  0.0000E+00  0.0000E+00
     1     2     1     2        0  0.0000E+00  0.1247E-10  0.0000E+00  0.0000E+00
     1     3     1     1        0  0.0000E+00  0.2942E-02  0.0000E+00  0.0000E+00
     1     3     1     2        0  0.0000E+00  0.2812E-10  0.0000E+00  0.0000E+00
     1     4     1     1        0  0.0000E+00  0.4410E-02  0.0000E+00  0.0000E+00
     1     4     1     2        0  0.0000E+00  0.8958E-10  0.0000E+00  0.0000E+00
     1     5     1     1        0  0.4124E+00  0.4214E+01  0.0000E+00  0.0000E+00
     1     5     1     2        0  0.3307E-03  0.3678E-02  0.0000E+00  0.0000E+00
     1     6     1     1        0  0.3670E-01  0.6408E+00  0.0000E+00  0.0000E+00
     1     6     1     2        0  0.2943E-04  0.5186E-03  0.0000E+00  0.0000E+00
     2     1     1     1        0  0.9119E+00  0.1000E+03  0.0000E+00  0.0000E+00
     2     1     1     2        0  0.0000E+00  0.2407E-01  0.0000E+00  0.0000E+00
     2     2     1     1        0  0.0000E+00  0.2344E-02  0.0000E+00  0.0000E+00
     2     2     1     2        0  0.0000E+00  0.3373E-10  0.0000E+00  0.0000E+00
     2     3     1     1        0  0.0000E+00  0.2931E-02  0.0000E+00  0.0000E+00
     2     3     1     2        0  0.0000E+00  0.3022E-10  0.0000E+00  0.0000E+00
     2     4     1     1        0  0.0000E+00  0.4400E-02  0.0000E+00  0.0000E+00
     2     4     1     2        0  0.0000E+00  0.9659E-10  0.0000E+00  0.0000E+00
     2     5     1     1        0  0.0000E+00  0.5578E-02  0.0000E+00  0.0000E+00
     2     5     1     2        0  0.0000E+00  0.1663E-09  0.0000E+00  0.0000E+00
     2     6     1     1        0  0.0000E+00  0.4996E-02  0.0000E+00  0.0000E+00
     2     6     1     2        0  0.0000E+00  0.9355E-10  0.0000E+00  0.0000E+00
     3     1     1     1        0  0.3358E-01  0.1000E+03  0.0000E+00  0.0000E+00
     3     1     1     2        0  0.0000E+00  0.4135E-02  0.0000E+00  0.0000E+00
     3     2     1     1        0  0.0000E+00  0.5658E-02  0.0000E+00  0.0000E+00
     3     2     1     2        0  0.0000E+00  0.1004E-09  0.0000E+00  0.0000E+00
     3     3     1     1        0  0.2705E-01  0.3722E+01  0.0000E+00  0.0000E+00
     3     3     1     2        0  0.2172E-04  0.3016E-02  0.0000E+00  0.0000E+00
     3     4     1     1        0  0.1478E+00  0.1303E+02  0.0000E+00  0.0000E+00
     3     4     1     2        0  0.1187E-03  0.1098E-01  0.0000E+00  0.0000E+00
     3     5     1     1        0  0.3240E-03  0.2437E-01  0.0000E+00  0.0000E+00
     3     5     1     2        0  0.0000E+00  0.1957E-04  0.0000E+00  0.0000E+00
     3     6     1     1        0  0.1999E-03  0.2178E-01  0.0000E+00  0.0000E+00
     3     6     1     2        0  0.0000E+00  0.1749E-04  0.0000E+00  0.0000E+00
     4     1     1     1        0  0.0000E+00  0.1000E-29  0.0000E+00  0.0000E+00
     4     1     1     2        0  0.0000E+00  0.1000E+03  0.0000E+00  0.0000E+00
     4     2     1     1        0  0.0000E+00  0.1659E+02  0.0000E+00  0.0000E+00
     4     2     1     2        0  0.0000E+00  0.1000E+03  0.0000E+00  0.0000E+00
     4     3     1     1        0  0.0000E+00  0.1092E+01  0.0000E+00  0.0000E+00
     4     3     1     2        0  0.0000E+00  0.1000E+03  0.0000E+00  0.0000E+00
     4     4     1     1        0  0.0000E+00  0.6490E+02  0.0000E+00  0.0000E+00
     4     4     1     2        0  0.0000E+00  0.1000E+03  0.0000E+00  0.0000E+00
     4     5     1     1        0  0.0000E+00  0.1000E+03  0.0000E+00  0.0000E+00
     4     5     1     2        0  0.0000E+00  0.1000E+03  0.0000E+00  0.0000E+00
     4     6     1     1        0  0.0000E+00  0.1000E+03  0.0000E+00  0.0000E+00
     4     6     1     2        0  0.0000E+00  0.1000E+03  0.0000E+00  0.0000E+00
     5     1     1     1        0  0.1186E+00  0.1000E+03  0.0000E+00  0.0000E+00
     5     1     1     2        0  0.0000E+00  0.2250E-01  0.0000E+00  0.0000E+00
     5     2     1     1        0  0.7811E+00  0.5963E+01  0.0000E+00  0.0000E+00
     5     2     1     2        0  0.2279E-03  0.5943E-01  0.0000E+00  0.0000E+00
     5     3     1     1        0  0.2139E+01  0.6259E+01  0.0000E+00  0.0000E+00
     5     3     1     2        0  0.1054E-02  0.1255E+00  0.0000E+00  0.0000E+00
     5     4     1     1        0  0.3789E+00  0.2324E+01  0.0000E+00  0.0000E+00
     5     4     1     2        0  0.5701E-04  0.1474E-01  0.0000E+00  0.0000E+00
     5     5     1     1        0  0.2313E+00  0.1955E+01  0.0000E+00  0.0000E+00
     5     5     1     2        0  0.2815E-04  0.1034E-01  0.0000E+00  0.0000E+00
     5     6     1     1        0  0.4687E-01  0.1119E+01  0.0000E+00  0.0000E+00
     5     6     1     2        0  0.0000E+00  0.3126E-02  0.0000E+00  0.0000E+00
     6     1     1     1        0  0.2635E+01  0.1000E+03  0.0000E+00  0.0000E+00
     6     1     1     2        0  0.5253E-03  0.3500E+00  0.0000E+00  0.0000E+00
     6     2     1     1        0  0.1906E+02  0.1000E+03  0.0000E+00  0.0000E+00
     6     2     1     2        0  0.3240E-04  0.2147E+01  0.0000E+00  0.0000E+00
     6     3     1     1        0  0.0000E+00  0.1000E+03  0.0000E+00  0.0000E+00
     6     3     1     2        0  0.0000E+00  0.3503E-02  0.0000E+00  0.0000E+00
     6     4     1     1        0  0.0000E+00  0.1000E+03  0.0000E+00  0.0000E+00
     6     4     1     2        0  0.0000E+00  0.5782E-02  0.0000E+00  0.0000E+00
     6     5     1     1        0  0.0000E+00  0.1000E+03  0.0000E+00  0.0000E+00
     6     5     1     2        0  0.0000E+00  0.4535E+02  0.0000E+00  0.0000E+00
     6     6     1     1        0  0.0000E+00  0.1000E+03  0.0000E+00  0.0000E+00
     6     6     1     2        0  0.0000E+00  0.5297E+02  0.0000E+00  0.0000E+00
     7     1     1     1        0  0.9088E-02  0.1000E+03  0.0000E+00  0.0000E+00
     7     1     1     2        0  0.0000E+00  0.1765E-01  0.0000E+00  0.0000E+00
     7     2     1     1        0  0.0000E+00  0.1794E-04  0.0000E+00  0.0000E+00
     7     2     1     2        0  0.0000E+00  0.1076E-08  0.0000E+00  0.0000E+00
     7     3     1     1        0  0.0000E+00  0.2243E-04  0.0000E+00  0.0000E+00
     7     3     1     2        0  0.0000E+00  0.7624E-09  0.0000E+00  0.0000E+00
     7     4     1     1        0  0.0000E+00  0.3364E-04  0.0000E+00  0.0000E+00
     7     4     1     2        0  0.0000E+00  0.6133E-09  0.0000E+00  0.0000E+00
     7     5     1     1        0  0.0000E+00  0.4261E-04  0.0000E+00  0.0000E+00
     7     5     1     2        0  0.0000E+00  0.3782E-09  0.0000E+00  0.0000E+00
     7     6     1     1        0  0.0000E+00  0.3813E-04  0.0000E+00  0.0000E+00
     7     6     1     2        0  0.0000E+00  0.6891E-09  0.0000E+00  0.0000E+00
     8     1     1     1        0  0.9328E-02  0.1000E+03  0.0000E+00  0.0000E+00
     8     1     1     2        0  0.0000E+00  0.1750E-01  0.0000E+00  0.0000E+00
     8     2     1     1        0  0.0000E+00  0.1794E-04  0.0000E+00  0.0000E+00
     8     2     1     2        0  0.0000E+00  0.1408E-08  0.0000E+00  0.0000E+00
     8     3     1     1        0  0.0000E+00  0.2243E-04  0.0000E+00  0.0000E+00
     8     3     1     2        0  0.0000E+00  0.8017E-09  0.0000E+00  0.0000E+00
     8     4     1     1        0  0.0000E+00  0.3364E-04  0.0000E+00  0.0000E+00
     8     4     1     2        0  0.0000E+00  0.4659E-09  0.0000E+00  0.0000E+00
     8     5     1     1        0  0.0000E+00  0.4261E-04  0.0000E+00  0.0000E+00
     8     5     1     2        0  0.0000E+00  0.4553E-09  0.0000E+00  0.0000E+00
     8     6     1     1        0  0.0000E+00  0.3813E-04  0.0000E+00  0.0000E+00
     8     6     1     2        0  0.0000E+00  0.3366E-08  0.0000E+00  0.0000E+00
