
************************************************************

CalculiX Version 2.23, Copyright(C) 1998-2025 Guido Dhondt
CalculiX comes with ABSOLUTELY NO WARRANTY. This is free
software, and you are welcome to redistribute it under
certain conditions, see gpl.htm

************************************************************

You are using an executable made on Fri Oct 24 20:12:25     2025

  The numbers below are estimated upper bounds

  number of:

   nodes:          165
   elements:           80
   one-dimensional elements:            0
   two-dimensional elements:            0
   integration points per element:            8
   degrees of freedom per node:            3
   layers per element:            1

   distributed facial loads:            0
   distributed volumetric loads:            0
   concentrated loads:            0
   single point constraints:          944
   multiple point constraints:            1
   terms in all multiple point constraints:            1
   tie constraints:            0
   dependent nodes tied by cyclic constraints:            0
   dependent nodes in pre-tension constraints:            0

   sets:            9
   terms in all sets:          628

   materials:            2
   constants per material and temperature:            2
   temperature points per material:            1
   plastic data points per material:            2

   orientations:            0
   amplitudes:           16
   data points in all amplitudes:           16
   print requests:           40
   transformations:            0
   property cards:            0


 STEP            1

 *INFO reading *STEP: nonlinear geometric
       effects are turned on

 Static analysis was selected

 Nonlinear material laws are taken into account

 Newton-Raphson iterative procedure is active

 Nonlinear geometric effects are taken into account

 Decascading the MPC's

 Determining the structure of the matrix:
 Using up to 1 cpu(s) for setting up the structure of the matrix.
 number of equations
 213
 number of nonzero lower triangular matrix elements
 4039

 increment 1 attempt 1 
 increment size= 1.000000e-01
 sum of previous increments=0.000000e+00
 actual step time=1.000000e-01
 actual total time=1.000000e-01

 iteration 1

 Using up to 1 cpu(s) for the stress calculation.

 Using up to 1 cpu(s) for the symmetric stiffness/mass contributions.

 Factoring the system of equations using the symmetric spooles solver
 Using up to 1 cpu(s) for spooles.

 Using up to 1 cpu(s) for the stress calculation.

 average force= 2.124805
 time avg. forc= 2.124805
 largest residual force= 0.004802 in node 86 and dof 3
 largest increment of disp= 2.700000e-03
 largest correction to disp= 2.700000e-03 in node 21 and dof 1

 no convergence

 iteration 2

 Using up to 1 cpu(s) for the symmetric stiffness/mass contributions.

 Factoring the system of equations using the symmetric spooles solver
 Using up to 1 cpu(s) for spooles.

 Using up to 1 cpu(s) for the stress calculation.

 average force= 2.124317
 time avg. forc= 2.124317
 largest residual force= 0.000000 in node 85 and dof 3
 largest increment of disp= 2.700000e-03
 largest correction to disp= 3.180076e-08 in node 99 and dof 2

 convergence

 increment 2 attempt 1 
 increment size= 1.000000e-01
 sum of previous increments=1.000000e-01
 actual step time=2.000000e-01
 actual total time=2.000000e-01

 iteration 1

 Using up to 1 cpu(s) for the stress calculation.

 Using up to 1 cpu(s) for the symmetric stiffness/mass contributions.

 Factoring the system of equations using the symmetric spooles solver
 Using up to 1 cpu(s) for spooles.

 Using up to 1 cpu(s) for the stress calculation.

 average force= 4.247270
 time avg. forc= 3.185794
 largest residual force= 0.000000 in node 83 and dof 3
 largest increment of disp= 2.700000e-03
 largest correction to disp= 6.358280e-08 in node 33 and dof 2

 no convergence

 iteration 2

 Using up to 1 cpu(s) for the symmetric stiffness/mass contributions.

 Factoring the system of equations using the symmetric spooles solver
 Using up to 1 cpu(s) for spooles.

 Using up to 1 cpu(s) for the stress calculation.

 average force= 4.247270
 time avg. forc= 3.185794
 largest residual force= 0.000000 in node 87 and dof 3
 largest increment of disp= 2.700000e-03
 largest correction to disp= 3.367305e-16 in node 32 and dof 2

 convergence; the increment size is increased to 1.500000e-01

 increment 3 attempt 1 
 increment size= 1.500000e-01
 sum of previous increments=2.000000e-01
 actual step time=3.500000e-01
 actual total time=3.500000e-01

 iteration 1

 Using up to 1 cpu(s) for the stress calculation.

 Using up to 1 cpu(s) for the symmetric stiffness/mass contributions.

 Factoring the system of equations using the symmetric spooles solver
 Using up to 1 cpu(s) for spooles.

 Using up to 1 cpu(s) for the stress calculation.

 average force= 7.429144
 time avg. forc= 4.600244
 largest residual force= 0.000000 in node 85 and dof 3
 largest increment of disp= 4.050000e-03
 largest correction to disp= 1.191563e-07 in node 32 and dof 2

 no convergence

 iteration 2

 Using up to 1 cpu(s) for the symmetric stiffness/mass contributions.

 Factoring the system of equations using the symmetric spooles solver
 Using up to 1 cpu(s) for spooles.

 Using up to 1 cpu(s) for the stress calculation.

 average force= 7.429144
 time avg. forc= 4.600244
 largest residual force= 0.000000 in node 84 and dof 3
 largest increment of disp= 4.050000e-03
 largest correction to disp= 1.139050e-15 in node 98 and dof 2

 convergence; the increment size is increased to 2.250000e-01

 increment 4 attempt 1 
 increment size= 2.250000e-01
 sum of previous increments=3.500000e-01
 actual step time=5.750000e-01
 actual total time=5.750000e-01

 iteration 1

 Using up to 1 cpu(s) for the stress calculation.

 Using up to 1 cpu(s) for the symmetric stiffness/mass contributions.

 Factoring the system of equations using the symmetric spooles solver
 Using up to 1 cpu(s) for spooles.

 Using up to 1 cpu(s) for the stress calculation.

 average force= 12.196216
 time avg. forc= 6.499237
 largest residual force= 0.000000 in node 86 and dof 3
 largest increment of disp= 6.075000e-03
 largest correction to disp= 2.679142e-07 in node 56 and dof 2

 no convergence

 iteration 2

 Using up to 1 cpu(s) for the symmetric stiffness/mass contributions.

 Factoring the system of equations using the symmetric spooles solver
 Using up to 1 cpu(s) for spooles.

 Using up to 1 cpu(s) for the stress calculation.

 average force= 12.196216
 time avg. forc= 6.499237
 largest residual force= 0.000000 in node 87 and dof 3
 largest increment of disp= 6.075000e-03
 largest correction to disp= 5.441976e-15 in node 97 and dof 2

 convergence; the increment size is increased to 3.375000e-01

 the increment size exceeds the maximum allowed and is decreased to 2.500000e-01

 increment 5 attempt 1 
 increment size= 2.500000e-01
 sum of previous increments=5.750000e-01
 actual step time=8.250000e-01
 actual total time=8.250000e-01

 iteration 1

 Using up to 1 cpu(s) for the stress calculation.

 Using up to 1 cpu(s) for the symmetric stiffness/mass contributions.

 Factoring the system of equations using the symmetric spooles solver
 Using up to 1 cpu(s) for spooles.

 Using up to 1 cpu(s) for the stress calculation.

 average force= 12.900465
 time avg. forc= 7.779482
 largest residual force= 0.032082 in node 86 and dof 3
 largest increment of disp= 6.750000e-03
 largest correction to disp= 2.844296e-04 in node 89 and dof 2

 no convergence

 iteration 2

 Using up to 1 cpu(s) for the symmetric stiffness/mass contributions.

 Factoring the system of equations using the symmetric spooles solver
 Using up to 1 cpu(s) for spooles.

 Using up to 1 cpu(s) for the stress calculation.

 average force= 12.895123
 time avg. forc= 7.778414
 largest residual force= 0.000026 in node 86 and dof 3
 largest increment of disp= 6.750000e-03
 largest correction to disp= 2.482938e-07 in node 89 and dof 2

 convergence; the increment size is increased to 3.750000e-01

 the increment size exceeds the maximum allowed and is decreased to 2.500000e-01

 the increment size exceeds the remainder of the step and is decreased to 1.750000e-01

 increment 6 attempt 1 
 increment size= 1.750000e-01
 sum of previous increments=8.250000e-01
 actual step time=1.000000e+00
 actual total time=1.000000e+00

 iteration 1

 Using up to 1 cpu(s) for the stress calculation.

 Using up to 1 cpu(s) for the symmetric stiffness/mass contributions.

 Factoring the system of equations using the symmetric spooles solver
 Using up to 1 cpu(s) for spooles.

 Using up to 1 cpu(s) for the stress calculation.

 average force= 12.888897
 time avg. forc= 8.630161
 largest residual force= 0.003168 in node 79 and dof 3
 largest increment of disp= 4.725000e-03
 largest correction to disp= 3.027685e-05 in node 99 and dof 2

 no convergence

 iteration 2

 Using up to 1 cpu(s) for the symmetric stiffness/mass contributions.

 Factoring the system of equations using the symmetric spooles solver
 Using up to 1 cpu(s) for spooles.

 Using up to 1 cpu(s) for the stress calculation.

 average force= 12.888370
 time avg. forc= 8.630073
 largest residual force= 0.000003 in node 83 and dof 3
 largest increment of disp= 4.725000e-03
 largest correction to disp= 2.450285e-08 in node 89 and dof 2

 convergence; the increment size is increased to 2.625000e-01

 the increment size exceeds the maximum allowed and is decreased to 2.500000e-01

 the increment size exceeds the remainder of the step and is decreased to 0.000000e+00

 Using up to 1 cpu(s) for the stress calculation.


 STEP            2

 *INFO reading *STEP: nonlinear geometric
       effects are turned on

 Static analysis was selected

 Nonlinear material laws are taken into account

 Newton-Raphson iterative procedure is active

 Nonlinear geometric effects are taken into account

 Determining the structure of the matrix:
 Using up to 1 cpu(s) for setting up the structure of the matrix.
 number of equations
 213
 number of nonzero lower triangular matrix elements
 4039

 increment 1 attempt 1 
 increment size= 1.000000e-01
 sum of previous increments=0.000000e+00
 actual step time=1.000000e-01
 actual total time=1.100000e+00

 iteration 1

 Using up to 1 cpu(s) for the stress calculation.

 Using up to 1 cpu(s) for the symmetric stiffness/mass contributions.

 Factoring the system of equations using the symmetric spooles solver
 Using up to 1 cpu(s) for spooles.

 Using up to 1 cpu(s) for the stress calculation.

 average force= 10.790511
 time avg. forc= 10.790511
 largest residual force= 0.098394 in node 80 and dof 3
 largest increment of disp= 2.700000e-03
 largest correction to disp= 2.700000e-03 in node 98 and dof 1

 no convergence

 iteration 2

 Using up to 1 cpu(s) for the symmetric stiffness/mass contributions.

 Factoring the system of equations using the symmetric spooles solver
 Using up to 1 cpu(s) for spooles.

 Using up to 1 cpu(s) for the stress calculation.

 average force= 10.775924
 time avg. forc= 10.775924
 largest residual force= 0.000000 in node 79 and dof 3
 largest increment of disp= 2.700000e-03
 largest correction to disp= 6.497584e-07 in node 24 and dof 2

 convergence

 increment 2 attempt 1 
 increment size= 1.000000e-01
 sum of previous increments=1.000000e-01
 actual step time=2.000000e-01
 actual total time=1.200000e+00

 iteration 1

 Using up to 1 cpu(s) for the stress calculation.

 Using up to 1 cpu(s) for the symmetric stiffness/mass contributions.

 Factoring the system of equations using the symmetric spooles solver
 Using up to 1 cpu(s) for spooles.

 Using up to 1 cpu(s) for the stress calculation.

 average force= 8.662125
 time avg. forc= 9.719025
 largest residual force= 0.000000 in node 85 and dof 3
 largest increment of disp= 2.700000e-03
 largest correction to disp= 6.329876e-08 in node 24 and dof 2

 no convergence

 iteration 2

 Using up to 1 cpu(s) for the symmetric stiffness/mass contributions.

 Factoring the system of equations using the symmetric spooles solver
 Using up to 1 cpu(s) for spooles.

 Using up to 1 cpu(s) for the stress calculation.

 average force= 8.662125
 time avg. forc= 9.719025
 largest residual force= 0.000000 in node 81 and dof 3
 largest increment of disp= 2.700000e-03
 largest correction to disp= 9.107139e-16 in node 97 and dof 2

 convergence; the increment size is increased to 1.500000e-01

 increment 3 attempt 1 
 increment size= 1.500000e-01
 sum of previous increments=2.000000e-01
 actual step time=3.500000e-01
 actual total time=1.350000e+00

 iteration 1

 Using up to 1 cpu(s) for the stress calculation.

 Using up to 1 cpu(s) for the symmetric stiffness/mass contributions.

 Factoring the system of equations using the symmetric spooles solver
 Using up to 1 cpu(s) for spooles.

 Using up to 1 cpu(s) for the stress calculation.

 average force= 5.488885
 time avg. forc= 8.308978
 largest residual force= 0.000000 in node 79 and dof 3
 largest increment of disp= 4.050000e-03
 largest correction to disp= 1.187151e-07 in node 97 and dof 2

 no convergence

 iteration 2

 Using up to 1 cpu(s) for the symmetric stiffness/mass contributions.

 Factoring the system of equations using the symmetric spooles solver
 Using up to 1 cpu(s) for spooles.

 Using up to 1 cpu(s) for the stress calculation.

 average force= 5.488885
 time avg. forc= 8.308978
 largest residual force= 0.000000 in node 39 and dof 3
 largest increment of disp= 4.050000e-03
 largest correction to disp= 1.224107e-15 in node 57 and dof 2

 convergence; the increment size is increased to 2.250000e-01

 increment 4 attempt 1 
 increment size= 2.250000e-01
 sum of previous increments=3.500000e-01
 actual step time=5.750000e-01
 actual total time=1.575000e+00

 iteration 1

 Using up to 1 cpu(s) for the stress calculation.

 Using up to 1 cpu(s) for the symmetric stiffness/mass contributions.

 Factoring the system of equations using the symmetric spooles solver
 Using up to 1 cpu(s) for spooles.

 Using up to 1 cpu(s) for the stress calculation.

 average force= 0.723298
 time avg. forc= 6.412558
 largest residual force= 0.000000 in node 80 and dof 3
 largest increment of disp= 6.075000e-03
 largest correction to disp= 2.672956e-07 in node 61 and dof 2

 no convergence

 iteration 2

 Using up to 1 cpu(s) for the symmetric stiffness/mass contributions.

 Factoring the system of equations using the symmetric spooles solver
 Using up to 1 cpu(s) for spooles.

 Using up to 1 cpu(s) for the stress calculation.

 average force= 0.723298
 time avg. forc= 6.412558
 largest residual force= 0.000000 in node 47 and dof 3
 largest increment of disp= 6.075000e-03
 largest correction to disp= 5.867703e-15 in node 92 and dof 2

 convergence; the increment size is increased to 3.375000e-01

 the increment size exceeds the maximum allowed and is decreased to 2.500000e-01

 increment 5 attempt 1 
 increment size= 2.500000e-01
 sum of previous increments=5.750000e-01
 actual step time=8.250000e-01
 actual total time=1.825000e+00

 iteration 1

 Using up to 1 cpu(s) for the stress calculation.

 Using up to 1 cpu(s) for the symmetric stiffness/mass contributions.

 Factoring the system of equations using the symmetric spooles solver
 Using up to 1 cpu(s) for spooles.

 Using up to 1 cpu(s) for the stress calculation.

 average force= 4.579880
 time avg. forc= 6.046022
 largest residual force= 0.000000 in node 79 and dof 3
 largest increment of disp= 6.750000e-03
 largest correction to disp= 3.765397e-07 in node 92 and dof 2

 no convergence

 iteration 2

 Using up to 1 cpu(s) for the symmetric stiffness/mass contributions.

 Factoring the system of equations using the symmetric spooles solver
 Using up to 1 cpu(s) for spooles.

 Using up to 1 cpu(s) for the stress calculation.

 average force= 4.579880
 time avg. forc= 6.046022
 largest residual force= 0.000000 in node 84 and dof 3
 largest increment of disp= 6.750000e-03
 largest correction to disp= 1.122499e-14 in node 92 and dof 2

 convergence; the increment size is increased to 3.750000e-01

 the increment size exceeds the maximum allowed and is decreased to 2.500000e-01

 the increment size exceeds the remainder of the step and is decreased to 1.750000e-01

 increment 6 attempt 1 
 increment size= 1.750000e-01
 sum of previous increments=8.250000e-01
 actual step time=1.000000e+00
 actual total time=2.000000e+00

 iteration 1

 Using up to 1 cpu(s) for the stress calculation.

 Using up to 1 cpu(s) for the symmetric stiffness/mass contributions.

 Factoring the system of equations using the symmetric spooles solver
 Using up to 1 cpu(s) for spooles.

 Using up to 1 cpu(s) for the stress calculation.

 average force= 8.297177
 time avg. forc= 6.421215
 largest residual force= 0.000000 in node 79 and dof 3
 largest increment of disp= 4.725000e-03
 largest correction to disp= 2.360581e-07 in node 89 and dof 2

 no convergence

 iteration 2

 Using up to 1 cpu(s) for the symmetric stiffness/mass contributions.

 Factoring the system of equations using the symmetric spooles solver
 Using up to 1 cpu(s) for spooles.

 Using up to 1 cpu(s) for the stress calculation.

 average force= 8.297177
 time avg. forc= 6.421215
 largest residual force= 0.000000 in node 53 and dof 3
 largest increment of disp= 4.725000e-03
 largest correction to disp= 4.420177e-15 in node 89 and dof 2

 convergence; the increment size is increased to 2.625000e-01

 the increment size exceeds the maximum allowed and is decreased to 2.500000e-01

 the increment size exceeds the remainder of the step and is decreased to 0.000000e+00

 Using up to 1 cpu(s) for the stress calculation.


 STEP            3

 *INFO reading *STEP: nonlinear geometric
       effects are turned on

 Static analysis was selected

 Nonlinear material laws are taken into account

 Newton-Raphson iterative procedure is active

 Nonlinear geometric effects are taken into account

 Determining the structure of the matrix:
 Using up to 1 cpu(s) for setting up the structure of the matrix.
 number of equations
 213
 number of nonzero lower triangular matrix elements
 4039

 increment 1 attempt 1 
 increment size= 1.000000e-01
 sum of previous increments=0.000000e+00
 actual step time=1.000000e-01
 actual total time=2.100000e+00

 iteration 1

 Using up to 1 cpu(s) for the stress calculation.

 Using up to 1 cpu(s) for the symmetric stiffness/mass contributions.

 Factoring the system of equations using the symmetric spooles solver
 Using up to 1 cpu(s) for spooles.

 Using up to 1 cpu(s) for the stress calculation.

 average force= 9.755283
 time avg. forc= 9.755283
 largest residual force= 0.003275 in node 87 and dof 3
 largest increment of disp= 5.252103e-04
 largest correction to disp= 5.252103e-04 in node 31 and dof 2

 no convergence

 iteration 2

 Using up to 1 cpu(s) for the symmetric stiffness/mass contributions.

 Factoring the system of equations using the symmetric spooles solver
 Using up to 1 cpu(s) for spooles.

 Using up to 1 cpu(s) for the stress calculation.

 average force= 9.754950
 time avg. forc= 9.754950
 largest residual force= 0.000000 in node 80 and dof 3
 largest increment of disp= 5.252103e-04
 largest correction to disp= 2.171539e-08 in node 94 and dof 2

 convergence

 increment 2 attempt 1 
 increment size= 1.000000e-01
 sum of previous increments=1.000000e-01
 actual step time=2.000000e-01
 actual total time=2.200000e+00

 iteration 1

 Using up to 1 cpu(s) for the stress calculation.

 Using up to 1 cpu(s) for the symmetric stiffness/mass contributions.

 Factoring the system of equations using the symmetric spooles solver
 Using up to 1 cpu(s) for spooles.

 Using up to 1 cpu(s) for the stress calculation.

 average force= 11.213961
 time avg. forc= 10.484456
 largest residual force= 0.000000 in node 80 and dof 3
 largest increment of disp= 5.251886e-04
 largest correction to disp= 2.971530e-08 in node 94 and dof 2

 no convergence

 iteration 2

 Using up to 1 cpu(s) for the symmetric stiffness/mass contributions.

 Factoring the system of equations using the symmetric spooles solver
 Using up to 1 cpu(s) for spooles.

 Using up to 1 cpu(s) for the stress calculation.

 average force= 11.213961
 time avg. forc= 10.484456
 largest residual force= 0.000000 in node 51 and dof 3
 largest increment of disp= 5.251886e-04
 largest correction to disp= 5.273870e-16 in node 25 and dof 2

 convergence; the increment size is increased to 1.500000e-01

 increment 3 attempt 1 
 increment size= 1.500000e-01
 sum of previous increments=2.000000e-01
 actual step time=3.500000e-01
 actual total time=2.350000e+00

 iteration 1

 Using up to 1 cpu(s) for the stress calculation.

 Using up to 1 cpu(s) for the symmetric stiffness/mass contributions.

 Factoring the system of equations using the symmetric spooles solver
 Using up to 1 cpu(s) for spooles.

 Using up to 1 cpu(s) for the stress calculation.

 average force= 12.934390
 time avg. forc= 11.301100
 largest residual force= 0.003057 in node 83 and dof 3
 largest increment of disp= 7.878275e-04
 largest correction to disp= 2.932027e-05 in node 89 and dof 2

 no convergence

 iteration 2

 Using up to 1 cpu(s) for the symmetric stiffness/mass contributions.

 Factoring the system of equations using the symmetric spooles solver
 Using up to 1 cpu(s) for spooles.

 Using up to 1 cpu(s) for the stress calculation.

 average force= 12.934135
 time avg. forc= 11.301015
 largest residual force= 0.000002 in node 83 and dof 3
 largest increment of disp= 7.878275e-04
 largest correction to disp= 2.375868e-08 in node 89 and dof 2

 convergence; the increment size is increased to 2.250000e-01

 increment 4 attempt 1 
 increment size= 2.250000e-01
 sum of previous increments=3.500000e-01
 actual step time=5.750000e-01
 actual total time=2.575000e+00

 iteration 1

 Using up to 1 cpu(s) for the stress calculation.

 Using up to 1 cpu(s) for the symmetric stiffness/mass contributions.

 Factoring the system of equations using the symmetric spooles solver
 Using up to 1 cpu(s) for spooles.

 Using up to 1 cpu(s) for the stress calculation.

 average force= 12.953489
 time avg. forc= 11.714134
 largest residual force= 0.017315 in node 85 and dof 3
 largest increment of disp= 1.225686e-03
 largest correction to disp= 1.596497e-04 in node 97 and dof 2

 no convergence

 iteration 2

 Using up to 1 cpu(s) for the symmetric stiffness/mass contributions.

 Factoring the system of equations using the symmetric spooles solver
 Using up to 1 cpu(s) for spooles.

 Using up to 1 cpu(s) for the stress calculation.

 average force= 12.952048
 time avg. forc= 11.713774
 largest residual force= 0.000014 in node 86 and dof 3
 largest increment of disp= 1.225686e-03
 largest correction to disp= 1.345554e-07 in node 95 and dof 2

 convergence; the increment size is increased to 3.375000e-01

 the increment size exceeds the maximum allowed and is decreased to 2.500000e-01

 increment 5 attempt 1 
 increment size= 2.500000e-01
 sum of previous increments=5.750000e-01
 actual step time=8.250000e-01
 actual total time=2.825000e+00

 iteration 1

 Using up to 1 cpu(s) for the stress calculation.

 Using up to 1 cpu(s) for the symmetric stiffness/mass contributions.

 Factoring the system of equations using the symmetric spooles solver
 Using up to 1 cpu(s) for spooles.

 Using up to 1 cpu(s) for the stress calculation.

 average force= 12.971969
 time avg. forc= 11.965413
 largest residual force= 0.000039 in node 86 and dof 3
 largest increment of disp= 1.539112e-03
 largest correction to disp= 3.751490e-07 in node 96 and dof 2

 no convergence

 iteration 2

 Using up to 1 cpu(s) for the symmetric stiffness/mass contributions.

 Factoring the system of equations using the symmetric spooles solver
 Using up to 1 cpu(s) for spooles.

 Using up to 1 cpu(s) for the stress calculation.

 average force= 12.971965
 time avg. forc= 11.965412
 largest residual force= 0.000000 in node 84 and dof 3
 largest increment of disp= 1.539112e-03
 largest correction to disp= 3.012786e-10 in node 96 and dof 2

 convergence; the increment size is increased to 3.750000e-01

 the increment size exceeds the maximum allowed and is decreased to 2.500000e-01

 the increment size exceeds the remainder of the step and is decreased to 1.750000e-01

 increment 6 attempt 1 
 increment size= 1.750000e-01
 sum of previous increments=8.250000e-01
 actual step time=1.000000e+00
 actual total time=3.000000e+00

 iteration 1

 Using up to 1 cpu(s) for the stress calculation.

 Using up to 1 cpu(s) for the symmetric stiffness/mass contributions.

 Factoring the system of equations using the symmetric spooles solver
 Using up to 1 cpu(s) for spooles.

 Using up to 1 cpu(s) for the stress calculation.

 average force= 12.985923
 time avg. forc= 12.135497
 largest residual force= 0.000024 in node 85 and dof 3
 largest increment of disp= 1.077641e-03
 largest correction to disp= 2.347048e-07 in node 96 and dof 2

 no convergence

 iteration 2

 Using up to 1 cpu(s) for the symmetric stiffness/mass contributions.

 Factoring the system of equations using the symmetric spooles solver
 Using up to 1 cpu(s) for spooles.

 Using up to 1 cpu(s) for the stress calculation.

 average force= 12.985921
 time avg. forc= 12.135497
 largest residual force= 0.000000 in node 86 and dof 3
 largest increment of disp= 1.077641e-03
 largest correction to disp= 1.884809e-10 in node 57 and dof 2

 convergence; the increment size is increased to 2.625000e-01

 the increment size exceeds the maximum allowed and is decreased to 2.500000e-01

 the increment size exceeds the remainder of the step and is decreased to 0.000000e+00

 Using up to 1 cpu(s) for the stress calculation.


 STEP            4

 *INFO reading *STEP: nonlinear geometric
       effects are turned on

 Static analysis was selected

 Nonlinear material laws are taken into account

 Newton-Raphson iterative procedure is active

 Nonlinear geometric effects are taken into account

 Determining the structure of the matrix:
 Using up to 1 cpu(s) for setting up the structure of the matrix.
 number of equations
 377
 number of nonzero lower triangular matrix elements
 8379

 increment 1 attempt 1 
 increment size= 1.000000e-01
 sum of previous increments=0.000000e+00
 actual step time=1.000000e-01
 actual total time=3.100000e+00

 iteration 1

 Using up to 1 cpu(s) for the stress calculation.

 Using up to 1 cpu(s) for the symmetric stiffness/mass contributions.

 Factoring the system of equations using the symmetric spooles solver
 Using up to 1 cpu(s) for spooles.

 Using up to 1 cpu(s) for the stress calculation.

 average force= 6.492961
 time avg. forc= 6.492961
 largest residual force= 0.000000 in node 79 and dof 3
 largest increment of disp= 0.000000e+00
 largest correction to disp= 0.000000e+00

 no convergence

 iteration 2

 Using up to 1 cpu(s) for the symmetric stiffness/mass contributions.

 Factoring the system of equations using the symmetric spooles solver
 Using up to 1 cpu(s) for spooles.

 Using up to 1 cpu(s) for the stress calculation.

 average force= 6.492961
 time avg. forc= 6.492961
 largest residual force= 0.000000 in node 85 and dof 3
 largest increment of disp= 1.118148e-13
 largest correction to disp= 1.118148e-13 in node 23 and dof 2

 convergence

 increment 2 attempt 1 
 increment size= 1.000000e-01
 sum of previous increments=1.000000e-01
 actual step time=2.000000e-01
 actual total time=3.200000e+00

 iteration 1

 Using up to 1 cpu(s) for the stress calculation.

 Using up to 1 cpu(s) for the symmetric stiffness/mass contributions.

 Factoring the system of equations using the symmetric spooles solver
 Using up to 1 cpu(s) for spooles.

 Using up to 1 cpu(s) for the stress calculation.

 average force= 6.492961
 time avg. forc= 6.492961
 largest residual force= 0.000000 in node 79 and dof 3
 largest increment of disp= 1.118151e-13
 largest correction to disp= 1.855084e-14 in node 28 and dof 2

 no convergence

 iteration 2

 Using up to 1 cpu(s) for the symmetric stiffness/mass contributions.

 Factoring the system of equations using the symmetric spooles solver
 Using up to 1 cpu(s) for spooles.

 Using up to 1 cpu(s) for the stress calculation.

 average force= 6.492961
 time avg. forc= 6.492961
 largest residual force= 0.000000 in node 54 and dof 3
 largest increment of disp= 1.119056e-13
 largest correction to disp= 1.119056e-13 in node 23 and dof 2

 convergence; the increment size is increased to 1.500000e-01

 increment 3 attempt 1 
 increment size= 1.500000e-01
 sum of previous increments=2.000000e-01
 actual step time=3.500000e-01
 actual total time=3.350000e+00

 iteration 1

 Using up to 1 cpu(s) for the stress calculation.

 Using up to 1 cpu(s) for the symmetric stiffness/mass contributions.

 Factoring the system of equations using the symmetric spooles solver
 Using up to 1 cpu(s) for spooles.

 Using up to 1 cpu(s) for the stress calculation.

 average force= 6.492961
 time avg. forc= 6.492961
 largest residual force= 0.000000 in node 82 and dof 3
 largest increment of disp= 2.776425e-14
 largest correction to disp= 3.033126e-16 in node 155 and dof 3

 no convergence

 iteration 2

 Using up to 1 cpu(s) for the symmetric stiffness/mass contributions.

 Factoring the system of equations using the symmetric spooles solver
 Using up to 1 cpu(s) for spooles.

 Using up to 1 cpu(s) for the stress calculation.

 average force= 6.492961
 time avg. forc= 6.492961
 largest residual force= 0.000000 in node 76 and dof 3
 largest increment of disp= 2.786659e-14
 largest correction to disp= 2.786659e-14 in node 29 and dof 2

 convergence; the increment size is increased to 2.250000e-01

 increment 4 attempt 1 
 increment size= 2.250000e-01
 sum of previous increments=3.500000e-01
 actual step time=5.750000e-01
 actual total time=3.575000e+00

 iteration 1

 Using up to 1 cpu(s) for the stress calculation.

 Using up to 1 cpu(s) for the symmetric stiffness/mass contributions.

 Factoring the system of equations using the symmetric spooles solver
 Using up to 1 cpu(s) for spooles.

 Using up to 1 cpu(s) for the stress calculation.

 average force= 6.492961
 time avg. forc= 6.492961
 largest residual force= 0.000000 in node 53 and dof 3
 largest increment of disp= 4.237361e-16
 largest correction to disp= 2.750126e-16 in node 77 and dof 3

 no convergence

 iteration 2

 Using up to 1 cpu(s) for the symmetric stiffness/mass contributions.

 Factoring the system of equations using the symmetric spooles solver
 Using up to 1 cpu(s) for spooles.

 Using up to 1 cpu(s) for the stress calculation.

 average force= 6.492961
 time avg. forc= 6.492961
 largest residual force= 0.000000 in node 79 and dof 3
 largest increment of disp= 4.885496e-16
 largest correction to disp= 4.885496e-16 in node 160 and dof 2

 convergence; the increment size is increased to 3.375000e-01

 the increment size exceeds the maximum allowed and is decreased to 2.500000e-01

 increment 5 attempt 1 
 increment size= 2.500000e-01
 sum of previous increments=5.750000e-01
 actual step time=8.250000e-01
 actual total time=3.825000e+00

 iteration 1

 Using up to 1 cpu(s) for the stress calculation.

 Using up to 1 cpu(s) for the symmetric stiffness/mass contributions.

 Factoring the system of equations using the symmetric spooles solver
 Using up to 1 cpu(s) for spooles.

 Using up to 1 cpu(s) for the stress calculation.

 average force= 6.492961
 time avg. forc= 6.492961
 largest residual force= 0.000000 in node 71 and dof 3
 largest increment of disp= 2.402856e-16
 largest correction to disp= 2.402856e-16 in node 158 and dof 2

 no convergence

 iteration 2

 Using up to 1 cpu(s) for the symmetric stiffness/mass contributions.

 Factoring the system of equations using the symmetric spooles solver
 Using up to 1 cpu(s) for spooles.

 Using up to 1 cpu(s) for the stress calculation.

 average force= 6.492961
 time avg. forc= 6.492961
 largest residual force= 0.000000 in node 119 and dof 3
 largest increment of disp= 3.171556e-16
 largest correction to disp= 3.171556e-16 in node 163 and dof 2

 convergence; the increment size is increased to 3.750000e-01

 the increment size exceeds the maximum allowed and is decreased to 2.500000e-01

 the increment size exceeds the remainder of the step and is decreased to 1.750000e-01

 increment 6 attempt 1 
 increment size= 1.750000e-01
 sum of previous increments=8.250000e-01
 actual step time=1.000000e+00
 actual total time=4.000000e+00

 iteration 1

 Using up to 1 cpu(s) for the stress calculation.

 Using up to 1 cpu(s) for the symmetric stiffness/mass contributions.

 Factoring the system of equations using the symmetric spooles solver
 Using up to 1 cpu(s) for spooles.

 Using up to 1 cpu(s) for the stress calculation.

 average force= 6.492961
 time avg. forc= 6.492961
 largest residual force= 0.000000 in node 150 and dof 3
 largest increment of disp= 1.516398e-16
 largest correction to disp= 1.516398e-16 in node 126 and dof 2

 no convergence

 iteration 2

 Using up to 1 cpu(s) for the symmetric stiffness/mass contributions.

 Factoring the system of equations using the symmetric spooles solver
 Using up to 1 cpu(s) for spooles.

 Using up to 1 cpu(s) for the stress calculation.

 average force= 6.492961
 time avg. forc= 6.492961
 largest residual force= 0.000000 in node 120 and dof 2
 largest increment of disp= 2.411544e-16
 largest correction to disp= 2.411544e-16 in node 158 and dof 2

 convergence; the increment size is increased to 2.625000e-01

 the increment size exceeds the maximum allowed and is decreased to 2.500000e-01

 the increment size exceeds the remainder of the step and is decreased to 0.000000e+00

 Using up to 1 cpu(s) for the stress calculation.


 STEP            5

 *INFO reading *STEP: nonlinear geometric
       effects are turned on

 Static analysis was selected

 Nonlinear material laws are taken into account

 Newton-Raphson iterative procedure is active

 Nonlinear geometric effects are taken into account

 Determining the structure of the matrix:
 Using up to 1 cpu(s) for setting up the structure of the matrix.
 number of equations
 377
 number of nonzero lower triangular matrix elements
 8379

 increment 1 attempt 1 
 increment size= 1.000000e-01
 sum of previous increments=0.000000e+00
 actual step time=1.000000e-01
 actual total time=4.100000e+00

 iteration 1

 Using up to 1 cpu(s) for the stress calculation.

 Using up to 1 cpu(s) for the symmetric stiffness/mass contributions.

 Factoring the system of equations using the symmetric spooles solver
 Using up to 1 cpu(s) for spooles.

 Using up to 1 cpu(s) for the stress calculation.

 average force= 6.999329
 time avg. forc= 6.999329
 largest residual force= 0.008303 in node 150 and dof 3
 largest increment of disp= 6.236605e-04
 largest correction to disp= 6.236605e-04 in node 159 and dof 2

 no convergence

 iteration 2

 Using up to 1 cpu(s) for the symmetric stiffness/mass contributions.

 Factoring the system of equations using the symmetric spooles solver
 Using up to 1 cpu(s) for spooles.

 Using up to 1 cpu(s) for the stress calculation.

 average force= 6.999410
 time avg. forc= 6.999410
 largest residual force= 0.000000 in node 152 and dof 3
 largest increment of disp= 6.236605e-04
 largest correction to disp= 1.402952e-07 in node 163 and dof 2

 convergence

 increment 2 attempt 1 
 increment size= 1.000000e-01
 sum of previous increments=1.000000e-01
 actual step time=2.000000e-01
 actual total time=4.200000e+00

 iteration 1

 Using up to 1 cpu(s) for the stress calculation.

 Using up to 1 cpu(s) for the symmetric stiffness/mass contributions.

 Factoring the system of equations using the symmetric spooles solver
 Using up to 1 cpu(s) for spooles.

 Using up to 1 cpu(s) for the stress calculation.

 average force= 7.077803
 time avg. forc= 7.038606
 largest residual force= 0.054976 in node 85 and dof 3
 largest increment of disp= 6.238008e-04
 largest correction to disp= 3.719818e-05 in node 155 and dof 2

 no convergence

 iteration 2

 Using up to 1 cpu(s) for the symmetric stiffness/mass contributions.

 Factoring the system of equations using the symmetric spooles solver
 Using up to 1 cpu(s) for spooles.

 Using up to 1 cpu(s) for the stress calculation.

 average force= 7.076627
 time avg. forc= 7.038019
 largest residual force= 0.000016 in node 80 and dof 3
 largest increment of disp= 6.238008e-04
 largest correction to disp= 3.706971e-07 in node 95 and dof 2

 convergence; the increment size is increased to 1.500000e-01

 increment 3 attempt 1 
 increment size= 1.500000e-01
 sum of previous increments=2.000000e-01
 actual step time=3.500000e-01
 actual total time=4.350000e+00

 iteration 1

 Using up to 1 cpu(s) for the stress calculation.

 Using up to 1 cpu(s) for the symmetric stiffness/mass contributions.

 Factoring the system of equations using the symmetric spooles solver
 Using up to 1 cpu(s) for spooles.

 Using up to 1 cpu(s) for the stress calculation.

 average force= 6.378482
 time avg. forc= 6.818173
 largest residual force= 0.145862 in node 80 and dof 3
 largest increment of disp= 9.912237e-04
 largest correction to disp= 6.203853e-05 in node 133 and dof 3

 no convergence

 iteration 2

 Using up to 1 cpu(s) for the symmetric stiffness/mass contributions.

 Factoring the system of equations using the symmetric spooles solver
 Using up to 1 cpu(s) for spooles.

 Using up to 1 cpu(s) for the stress calculation.

 average force= 6.373961
 time avg. forc= 6.816666
 largest residual force= 0.000072 in node 85 and dof 3
 largest increment of disp= 9.912237e-04
 largest correction to disp= 1.244369e-06 in node 165 and dof 3

 convergence; the increment size is increased to 2.250000e-01

 increment 4 attempt 1 
 increment size= 2.250000e-01
 sum of previous increments=3.500000e-01
 actual step time=5.750000e-01
 actual total time=4.575000e+00

 iteration 1

 Using up to 1 cpu(s) for the stress calculation.

 Using up to 1 cpu(s) for the symmetric stiffness/mass contributions.

 Factoring the system of equations using the symmetric spooles solver
 Using up to 1 cpu(s) for spooles.

 Using up to 1 cpu(s) for the stress calculation.

 average force= 5.160322
 time avg. forc= 6.402580
 largest residual force= 0.024257 in node 80 and dof 3
 largest increment of disp= 1.554067e-03
 largest correction to disp= 3.611820e-05 in node 94 and dof 2

 no convergence

 iteration 2

 Using up to 1 cpu(s) for the symmetric stiffness/mass contributions.

 Factoring the system of equations using the symmetric spooles solver
 Using up to 1 cpu(s) for spooles.

 Using up to 1 cpu(s) for the stress calculation.

 average force= 5.159504
 time avg. forc= 6.402375
 largest residual force= 0.000004 in node 84 and dof 3
 largest increment of disp= 1.554067e-03
 largest correction to disp= 2.290795e-07 in node 161 and dof 3

 convergence; the increment size is increased to 3.375000e-01

 the increment size exceeds the maximum allowed and is decreased to 2.500000e-01

 increment 5 attempt 1 
 increment size= 2.500000e-01
 sum of previous increments=5.750000e-01
 actual step time=8.250000e-01
 actual total time=4.825000e+00

 iteration 1

 Using up to 1 cpu(s) for the stress calculation.

 Using up to 1 cpu(s) for the symmetric stiffness/mass contributions.

 Factoring the system of equations using the symmetric spooles solver
 Using up to 1 cpu(s) for spooles.

 Using up to 1 cpu(s) for the stress calculation.

 average force= 3.688610
 time avg. forc= 5.859622
 largest residual force= 0.013556 in node 87 and dof 3
 largest increment of disp= 1.696551e-03
 largest correction to disp= 3.316858e-05 in node 157 and dof 3

 no convergence

 iteration 2

 Using up to 1 cpu(s) for the symmetric stiffness/mass contributions.

 Factoring the system of equations using the symmetric spooles solver
 Using up to 1 cpu(s) for spooles.

 Using up to 1 cpu(s) for the stress calculation.

 average force= 3.688075
 time avg. forc= 5.859515
 largest residual force= 0.000002 in node 80 and dof 3
 largest increment of disp= 1.696551e-03
 largest correction to disp= 1.753838e-07 in node 160 and dof 3

 convergence; the increment size is increased to 3.750000e-01

 the increment size exceeds the maximum allowed and is decreased to 2.500000e-01

 the increment size exceeds the remainder of the step and is decreased to 1.750000e-01

 increment 6 attempt 1 
 increment size= 1.750000e-01
 sum of previous increments=8.250000e-01
 actual step time=1.000000e+00
 actual total time=5.000000e+00

 iteration 1

 Using up to 1 cpu(s) for the stress calculation.

 Using up to 1 cpu(s) for the symmetric stiffness/mass contributions.

 Factoring the system of equations using the symmetric spooles solver
 Using up to 1 cpu(s) for spooles.

 Using up to 1 cpu(s) for the stress calculation.

 average force= 4.003434
 time avg. forc= 5.550168
 largest residual force= 0.002601 in node 87 and dof 3
 largest increment of disp= 1.175314e-03
 largest correction to disp= 1.315466e-05 in node 161 and dof 3

 no convergence

 iteration 2

 Using up to 1 cpu(s) for the symmetric stiffness/mass contributions.

 Factoring the system of equations using the symmetric spooles solver
 Using up to 1 cpu(s) for spooles.

 Using up to 1 cpu(s) for the stress calculation.

 average force= 4.003342
 time avg. forc= 5.550153
 largest residual force= 0.000000 in node 85 and dof 3
 largest increment of disp= 1.175314e-03
 largest correction to disp= 3.673954e-08 in node 157 and dof 3

 convergence; the increment size is increased to 2.625000e-01

 the increment size exceeds the maximum allowed and is decreased to 2.500000e-01

 the increment size exceeds the remainder of the step and is decreased to 0.000000e+00

 Using up to 1 cpu(s) for the stress calculation.


 STEP            6

 *INFO reading *STEP: nonlinear geometric
       effects are turned on

 Static analysis was selected

 Nonlinear material laws are taken into account

 Newton-Raphson iterative procedure is active

 Nonlinear geometric effects are taken into account

 Determining the structure of the matrix:
 Using up to 1 cpu(s) for setting up the structure of the matrix.
 number of equations
 295
 number of nonzero lower triangular matrix elements
 6209

 increment 1 attempt 1 
 increment size= 1.000000e-01
 sum of previous increments=0.000000e+00
 actual step time=1.000000e-01
 actual total time=5.100000e+00

 iteration 1

 Using up to 1 cpu(s) for the stress calculation.

 Using up to 1 cpu(s) for the symmetric stiffness/mass contributions.

 Factoring the system of equations using the symmetric spooles solver
 Using up to 1 cpu(s) for spooles.

 Using up to 1 cpu(s) for the stress calculation.

 average force= 3.726566
 time avg. forc= 3.726566
 largest residual force= 0.098213 in node 87 and dof 3
 largest increment of disp= 1.145166e-04
 largest correction to disp= 1.145166e-04 in node 130 and dof 2

 no convergence

 iteration 2

 Using up to 1 cpu(s) for the symmetric stiffness/mass contributions.

 Factoring the system of equations using the symmetric spooles solver
 Using up to 1 cpu(s) for spooles.

 Using up to 1 cpu(s) for the stress calculation.

 average force= 3.723606
 time avg. forc= 3.723606
 largest residual force= 0.000020 in node 82 and dof 3
 largest increment of disp= 1.145166e-04
 largest correction to disp= 4.007912e-07 in node 125 and dof 3

 convergence

 increment 2 attempt 1 
 increment size= 1.000000e-01
 sum of previous increments=1.000000e-01
 actual step time=2.000000e-01
 actual total time=5.200000e+00

 iteration 1

 Using up to 1 cpu(s) for the stress calculation.

 Using up to 1 cpu(s) for the symmetric stiffness/mass contributions.

 Factoring the system of equations using the symmetric spooles solver
 Using up to 1 cpu(s) for spooles.

 Using up to 1 cpu(s) for the stress calculation.

 average force= 3.737340
 time avg. forc= 3.730473
 largest residual force= 0.711035 in node 79 and dof 3
 largest increment of disp= 1.171916e-04
 largest correction to disp= 1.171916e-04 in node 126 and dof 2

 no convergence

 iteration 2

 Using up to 1 cpu(s) for the symmetric stiffness/mass contributions.

 Factoring the system of equations using the symmetric spooles solver
 Using up to 1 cpu(s) for spooles.

 Using up to 1 cpu(s) for the stress calculation.

 average force= 3.723605
 time avg. forc= 3.723606
 largest residual force= 0.000001 in node 71 and dof 3
 largest increment of disp= 1.171916e-04
 largest correction to disp= 2.515582e-06 in node 122 and dof 2

 convergence; the increment size is increased to 1.500000e-01

 increment 3 attempt 1 
 increment size= 1.500000e-01
 sum of previous increments=2.000000e-01
 actual step time=3.500000e-01
 actual total time=5.350000e+00

 iteration 1

 Using up to 1 cpu(s) for the stress calculation.

 Using up to 1 cpu(s) for the symmetric stiffness/mass contributions.

 Factoring the system of equations using the symmetric spooles solver
 Using up to 1 cpu(s) for spooles.

 Using up to 1 cpu(s) for the stress calculation.

 average force= 3.723605
 time avg. forc= 3.723606
 largest residual force= 0.000000 in node 69 and dof 3
 largest increment of disp= 1.852727e-10
 largest correction to disp= 1.852727e-10 in node 96 and dof 2

 no convergence

 iteration 2

 Using up to 1 cpu(s) for the symmetric stiffness/mass contributions.

 Factoring the system of equations using the symmetric spooles solver
 Using up to 1 cpu(s) for spooles.

 Using up to 1 cpu(s) for the stress calculation.

 average force= 3.723605
 time avg. forc= 3.723606
 largest residual force= 0.000000 in node 49 and dof 3
 largest increment of disp= 1.852727e-10
 largest correction to disp= 6.489220e-15 in node 92 and dof 2

 convergence; the increment size is increased to 2.250000e-01

 increment 4 attempt 1 
 increment size= 2.250000e-01
 sum of previous increments=3.500000e-01
 actual step time=5.750000e-01
 actual total time=5.575000e+00

 iteration 1

 Using up to 1 cpu(s) for the stress calculation.

 Using up to 1 cpu(s) for the symmetric stiffness/mass contributions.

 Factoring the system of equations using the symmetric spooles solver
 Using up to 1 cpu(s) for spooles.

 Using up to 1 cpu(s) for the stress calculation.

 average force= 3.723605
 time avg. forc= 3.723606
 largest residual force= 0.000000 in node 82 and dof 3
 largest increment of disp= 1.419712e-11
 largest correction to disp= 1.419655e-11 in node 126 and dof 3

 no convergence

 iteration 2

 Using up to 1 cpu(s) for the symmetric stiffness/mass contributions.

 Factoring the system of equations using the symmetric spooles solver
 Using up to 1 cpu(s) for spooles.

 Using up to 1 cpu(s) for the stress calculation.

 average force= 3.723605
 time avg. forc= 3.723606
 largest residual force= 0.000000 in node 51 and dof 3
 largest increment of disp= 1.419712e-11
 largest correction to disp= 8.208537e-16 in node 131 and dof 3

 convergence; the increment size is increased to 3.375000e-01

 the increment size exceeds the maximum allowed and is decreased to 2.500000e-01

 increment 5 attempt 1 
 increment size= 2.500000e-01
 sum of previous increments=5.750000e-01
 actual step time=8.250000e-01
 actual total time=5.825000e+00

 iteration 1

 Using up to 1 cpu(s) for the stress calculation.

 Using up to 1 cpu(s) for the symmetric stiffness/mass contributions.

 Factoring the system of equations using the symmetric spooles solver
 Using up to 1 cpu(s) for spooles.

 Using up to 1 cpu(s) for the stress calculation.

 average force= 3.723605
 time avg. forc= 3.723606
 largest residual force= 0.000000 in node 54 and dof 3
 largest increment of disp= 3.274121e-16
 largest correction to disp= 3.274121e-16 in node 131 and dof 3

 no convergence

 iteration 2

 Using up to 1 cpu(s) for the symmetric stiffness/mass contributions.

 Factoring the system of equations using the symmetric spooles solver
 Using up to 1 cpu(s) for spooles.

 Using up to 1 cpu(s) for the stress calculation.

 average force= 3.723605
 time avg. forc= 3.723606
 largest residual force= 0.000000 in node 46 and dof 3
 largest increment of disp= 3.274121e-16
 largest correction to disp= 1.484865e-16 in node 122 and dof 3

 convergence; the increment size is increased to 3.750000e-01

 the increment size exceeds the maximum allowed and is decreased to 2.500000e-01

 the increment size exceeds the remainder of the step and is decreased to 1.750000e-01

 increment 6 attempt 1 
 increment size= 1.750000e-01
 sum of previous increments=8.250000e-01
 actual step time=1.000000e+00
 actual total time=6.000000e+00

 iteration 1

 Using up to 1 cpu(s) for the stress calculation.

 Using up to 1 cpu(s) for the symmetric stiffness/mass contributions.

 Factoring the system of equations using the symmetric spooles solver
 Using up to 1 cpu(s) for spooles.

 Using up to 1 cpu(s) for the stress calculation.

 average force= 3.723605
 time avg. forc= 3.723606
 largest residual force= 0.000000 in node 46 and dof 3
 largest increment of disp= 2.310705e-16
 largest correction to disp= 2.310705e-16 in node 93 and dof 3

 no convergence

 iteration 2

 Using up to 1 cpu(s) for the symmetric stiffness/mass contributions.

 Factoring the system of equations using the symmetric spooles solver
 Using up to 1 cpu(s) for spooles.

 Using up to 1 cpu(s) for the stress calculation.

 average force= 3.723605
 time avg. forc= 3.723606
 largest residual force= 0.000000 in node 87 and dof 3
 largest increment of disp= 2.310705e-16
 largest correction to disp= 1.223954e-16 in node 120 and dof 3

 convergence; the increment size is increased to 2.625000e-01

 the increment size exceeds the maximum allowed and is decreased to 2.500000e-01

 the increment size exceeds the remainder of the step and is decreased to 0.000000e+00

 Using up to 1 cpu(s) for the stress calculation.


 STEP            7

 *INFO reading *STEP: nonlinear geometric
       effects are turned on

 Static analysis was selected

 Nonlinear material laws are taken into account

 Newton-Raphson iterative procedure is active

 Nonlinear geometric effects are taken into account

 Determining the structure of the matrix:
 Using up to 1 cpu(s) for setting up the structure of the matrix.
 number of equations
 295
 number of nonzero lower triangular matrix elements
 6209

 increment 1 attempt 1 
 increment size= 1.000000e-01
 sum of previous increments=0.000000e+00
 actual step time=1.000000e-01
 actual total time=6.100000e+00

 iteration 1

 Using up to 1 cpu(s) for the stress calculation.

 Using up to 1 cpu(s) for the symmetric stiffness/mass contributions.

 Factoring the system of equations using the symmetric spooles solver
 Using up to 1 cpu(s) for spooles.

 Using up to 1 cpu(s) for the stress calculation.

 average force= 3.708283
 time avg. forc= 3.708283
 largest residual force= 0.000337 in node 93 and dof 2
 largest increment of disp= 1.800000e-05
 largest correction to disp= 1.800000e-05 in node 65 and dof 1

 no convergence

 iteration 2

 Using up to 1 cpu(s) for the symmetric stiffness/mass contributions.

 Factoring the system of equations using the symmetric spooles solver
 Using up to 1 cpu(s) for spooles.

 Using up to 1 cpu(s) for the stress calculation.

 average force= 3.708285
 time avg. forc= 3.708285
 largest residual force= 0.000000 in node 35 and dof 3
 largest increment of disp= 1.800000e-05
 largest correction to disp= 3.177875e-09 in node 93 and dof 2

 convergence

 increment 2 attempt 1 
 increment size= 1.000000e-01
 sum of previous increments=1.000000e-01
 actual step time=2.000000e-01
 actual total time=6.200000e+00

 iteration 1

 Using up to 1 cpu(s) for the stress calculation.

 Using up to 1 cpu(s) for the symmetric stiffness/mass contributions.

 Factoring the system of equations using the symmetric spooles solver
 Using up to 1 cpu(s) for spooles.

 Using up to 1 cpu(s) for the stress calculation.

 average force= 3.692965
 time avg. forc= 3.700625
 largest residual force= 0.000000 in node 50 and dof 3
 largest increment of disp= 1.800000e-05
 largest correction to disp= 3.229601e-12 in node 126 and dof 2

 no convergence

 iteration 2

 Using up to 1 cpu(s) for the symmetric stiffness/mass contributions.

 Factoring the system of equations using the symmetric spooles solver
 Using up to 1 cpu(s) for spooles.

 Using up to 1 cpu(s) for the stress calculation.

 average force= 3.692965
 time avg. forc= 3.700625
 largest residual force= 0.000000 in node 82 and dof 3
 largest increment of disp= 1.800000e-05
 largest correction to disp= 1.937431e-16 in node 33 and dof 2

 convergence; the increment size is increased to 1.500000e-01

 increment 3 attempt 1 
 increment size= 1.500000e-01
 sum of previous increments=2.000000e-01
 actual step time=3.500000e-01
 actual total time=6.350000e+00

 iteration 1

 Using up to 1 cpu(s) for the stress calculation.

 Using up to 1 cpu(s) for the symmetric stiffness/mass contributions.

 Factoring the system of equations using the symmetric spooles solver
 Using up to 1 cpu(s) for spooles.

 Using up to 1 cpu(s) for the stress calculation.

 average force= 3.669984
 time avg. forc= 3.690411
 largest residual force= 0.000000 in node 49 and dof 3
 largest increment of disp= 2.700000e-05
 largest correction to disp= 6.055461e-12 in node 132 and dof 2

 no convergence

 iteration 2

 Using up to 1 cpu(s) for the symmetric stiffness/mass contributions.

 Factoring the system of equations using the symmetric spooles solver
 Using up to 1 cpu(s) for spooles.

 Using up to 1 cpu(s) for the stress calculation.

 average force= 3.669984
 time avg. forc= 3.690411
 largest residual force= 0.000000 in node 81 and dof 3
 largest increment of disp= 2.700000e-05
 largest correction to disp= 2.058538e-16 in node 126 and dof 3

 convergence; the increment size is increased to 2.250000e-01

 increment 4 attempt 1 
 increment size= 2.250000e-01
 sum of previous increments=3.500000e-01
 actual step time=5.750000e-01
 actual total time=6.575000e+00

 iteration 1

 Using up to 1 cpu(s) for the stress calculation.

 Using up to 1 cpu(s) for the symmetric stiffness/mass contributions.

 Factoring the system of equations using the symmetric spooles solver
 Using up to 1 cpu(s) for spooles.

 Using up to 1 cpu(s) for the stress calculation.

 average force= 3.635512
 time avg. forc= 3.676686
 largest residual force= 0.000000 in node 74 and dof 3
 largest increment of disp= 4.050000e-05
 largest correction to disp= 1.362461e-11 in node 126 and dof 2

 no convergence

 iteration 2

 Using up to 1 cpu(s) for the symmetric stiffness/mass contributions.

 Factoring the system of equations using the symmetric spooles solver
 Using up to 1 cpu(s) for spooles.

 Using up to 1 cpu(s) for the stress calculation.

 average force= 3.635512
 time avg. forc= 3.676686
 largest residual force= 0.000000 in node 112 and dof 3
 largest increment of disp= 4.050000e-05
 largest correction to disp= 2.483890e-16 in node 23 and dof 2

 convergence; the increment size is increased to 3.375000e-01

 the increment size exceeds the maximum allowed and is decreased to 2.500000e-01

 increment 5 attempt 1 
 increment size= 2.500000e-01
 sum of previous increments=5.750000e-01
 actual step time=8.250000e-01
 actual total time=6.825000e+00

 iteration 1

 Using up to 1 cpu(s) for the stress calculation.

 Using up to 1 cpu(s) for the symmetric stiffness/mass contributions.

 Factoring the system of equations using the symmetric spooles solver
 Using up to 1 cpu(s) for spooles.

 Using up to 1 cpu(s) for the stress calculation.

 average force= 3.597210
 time avg. forc= 3.660791
 largest residual force= 0.000000 in node 80 and dof 3
 largest increment of disp= 4.500000e-05
 largest correction to disp= 1.917536e-11 in node 127 and dof 2

 no convergence

 iteration 2

 Using up to 1 cpu(s) for the symmetric stiffness/mass contributions.

 Factoring the system of equations using the symmetric spooles solver
 Using up to 1 cpu(s) for spooles.

 Using up to 1 cpu(s) for the stress calculation.

 average force= 3.597210
 time avg. forc= 3.660791
 largest residual force= 0.000000 in node 52 and dof 3
 largest increment of disp= 4.500000e-05
 largest correction to disp= 1.701755e-16 in node 100 and dof 3

 convergence; the increment size is increased to 3.750000e-01

 the increment size exceeds the maximum allowed and is decreased to 2.500000e-01

 the increment size exceeds the remainder of the step and is decreased to 1.750000e-01

 increment 6 attempt 1 
 increment size= 1.750000e-01
 sum of previous increments=8.250000e-01
 actual step time=1.000000e+00
 actual total time=7.000000e+00

 iteration 1

 Using up to 1 cpu(s) for the stress calculation.

 Using up to 1 cpu(s) for the symmetric stiffness/mass contributions.

 Factoring the system of equations using the symmetric spooles solver
 Using up to 1 cpu(s) for spooles.

 Using up to 1 cpu(s) for the stress calculation.

 average force= 3.570398
 time avg. forc= 3.645726
 largest residual force= 0.000000 in node 94 and dof 3
 largest increment of disp= 3.150000e-05
 largest correction to disp= 1.201020e-11 in node 129 and dof 2

 no convergence

 iteration 2

 Using up to 1 cpu(s) for the symmetric stiffness/mass contributions.

 Factoring the system of equations using the symmetric spooles solver
 Using up to 1 cpu(s) for spooles.

 Using up to 1 cpu(s) for the stress calculation.

 average force= 3.570398
 time avg. forc= 3.645726
 largest residual force= 0.000000 in node 53 and dof 3
 largest increment of disp= 3.150000e-05
 largest correction to disp= 2.170670e-16 in node 124 and dof 2

 convergence; the increment size is increased to 2.625000e-01

 the increment size exceeds the maximum allowed and is decreased to 2.500000e-01

 the increment size exceeds the remainder of the step and is decreased to 0.000000e+00

 Using up to 1 cpu(s) for the stress calculation.


 STEP            8

 *INFO reading *STEP: nonlinear geometric
       effects are turned on

 Static analysis was selected

 Nonlinear material laws are taken into account

 Newton-Raphson iterative procedure is active

 Nonlinear geometric effects are taken into account

 Determining the structure of the matrix:
 Using up to 1 cpu(s) for setting up the structure of the matrix.
 number of equations
 295
 number of nonzero lower triangular matrix elements
 6209

 increment 1 attempt 1 
 increment size= 1.000000e-01
 sum of previous increments=0.000000e+00
 actual step time=1.000000e-01
 actual total time=7.100000e+00

 iteration 1

 Using up to 1 cpu(s) for the stress calculation.

 Using up to 1 cpu(s) for the symmetric stiffness/mass contributions.

 Factoring the system of equations using the symmetric spooles solver
 Using up to 1 cpu(s) for spooles.

 Using up to 1 cpu(s) for the stress calculation.

 average force= 3.585724
 time avg. forc= 3.585724
 largest residual force= 0.000334 in node 90 and dof 2
 largest increment of disp= 1.800000e-05
 largest correction to disp= 1.800000e-05 in node 65 and dof 1

 no convergence

 iteration 2

 Using up to 1 cpu(s) for the symmetric stiffness/mass contributions.

 Factoring the system of equations using the symmetric spooles solver
 Using up to 1 cpu(s) for spooles.

 Using up to 1 cpu(s) for the stress calculation.

 average force= 3.585719
 time avg. forc= 3.585719
 largest residual force= 0.000000 in node 53 and dof 3
 largest increment of disp= 1.800000e-05
 largest correction to disp= 3.150187e-09 in node 90 and dof 2

 convergence

 increment 2 attempt 1 
 increment size= 1.000000e-01
 sum of previous increments=1.000000e-01
 actual step time=2.000000e-01
 actual total time=7.200000e+00

 iteration 1

 Using up to 1 cpu(s) for the stress calculation.

 Using up to 1 cpu(s) for the symmetric stiffness/mass contributions.

 Factoring the system of equations using the symmetric spooles solver
 Using up to 1 cpu(s) for spooles.

 Using up to 1 cpu(s) for the stress calculation.

 average force= 3.601040
 time avg. forc= 3.593380
 largest residual force= 0.000000 in node 86 and dof 2
 largest increment of disp= 1.800000e-05
 largest correction to disp= 3.229706e-12 in node 130 and dof 2

 no convergence

 iteration 2

 Using up to 1 cpu(s) for the symmetric stiffness/mass contributions.

 Factoring the system of equations using the symmetric spooles solver
 Using up to 1 cpu(s) for spooles.

 Using up to 1 cpu(s) for the stress calculation.

 average force= 3.601040
 time avg. forc= 3.593380
 largest residual force= 0.000000 in node 83 and dof 3
 largest increment of disp= 1.800000e-05
 largest correction to disp= 2.534990e-16 in node 100 and dof 3

 convergence; the increment size is increased to 1.500000e-01

 increment 3 attempt 1 
 increment size= 1.500000e-01
 sum of previous increments=2.000000e-01
 actual step time=3.500000e-01
 actual total time=7.350000e+00

 iteration 1

 Using up to 1 cpu(s) for the stress calculation.

 Using up to 1 cpu(s) for the symmetric stiffness/mass contributions.

 Factoring the system of equations using the symmetric spooles solver
 Using up to 1 cpu(s) for spooles.

 Using up to 1 cpu(s) for the stress calculation.

 average force= 3.624022
 time avg. forc= 3.603594
 largest residual force= 0.000000 in node 54 and dof 3
 largest increment of disp= 2.700000e-05
 largest correction to disp= 6.055580e-12 in node 126 and dof 2

 no convergence

 iteration 2

 Using up to 1 cpu(s) for the symmetric stiffness/mass contributions.

 Factoring the system of equations using the symmetric spooles solver
 Using up to 1 cpu(s) for spooles.

 Using up to 1 cpu(s) for the stress calculation.

 average force= 3.624022
 time avg. forc= 3.603594
 largest residual force= 0.000000 in node 70 and dof 3
 largest increment of disp= 2.700000e-05
 largest correction to disp= 2.164680e-16 in node 126 and dof 2

 convergence; the increment size is increased to 2.250000e-01

 increment 4 attempt 1 
 increment size= 2.250000e-01
 sum of previous increments=3.500000e-01
 actual step time=5.750000e-01
 actual total time=7.575000e+00

 iteration 1

 Using up to 1 cpu(s) for the stress calculation.

 Using up to 1 cpu(s) for the symmetric stiffness/mass contributions.

 Factoring the system of equations using the symmetric spooles solver
 Using up to 1 cpu(s) for spooles.

 Using up to 1 cpu(s) for the stress calculation.

 average force= 3.658493
 time avg. forc= 3.617319
 largest residual force= 0.000000 in node 86 and dof 3
 largest increment of disp= 4.050000e-05
 largest correction to disp= 1.362502e-11 in node 122 and dof 2

 no convergence

 iteration 2

 Using up to 1 cpu(s) for the symmetric stiffness/mass contributions.

 Factoring the system of equations using the symmetric spooles solver
 Using up to 1 cpu(s) for spooles.

 Using up to 1 cpu(s) for the stress calculation.

 average force= 3.658493
 time avg. forc= 3.617319
 largest residual force= 0.000000 in node 50 and dof 3
 largest increment of disp= 4.050000e-05
 largest correction to disp= 1.886942e-16 in node 119 and dof 2

 convergence; the increment size is increased to 3.375000e-01

 the increment size exceeds the maximum allowed and is decreased to 2.500000e-01

 increment 5 attempt 1 
 increment size= 2.500000e-01
 sum of previous increments=5.750000e-01
 actual step time=8.250000e-01
 actual total time=7.825000e+00

 iteration 1

 Using up to 1 cpu(s) for the stress calculation.

 Using up to 1 cpu(s) for the symmetric stiffness/mass contributions.

 Factoring the system of equations using the symmetric spooles solver
 Using up to 1 cpu(s) for spooles.

 Using up to 1 cpu(s) for the stress calculation.

 average force= 3.696795
 time avg. forc= 3.633214
 largest residual force= 0.000000 in node 83 and dof 3
 largest increment of disp= 4.500000e-05
 largest correction to disp= 1.917522e-11 in node 129 and dof 2

 no convergence

 iteration 2

 Using up to 1 cpu(s) for the symmetric stiffness/mass contributions.

 Factoring the system of equations using the symmetric spooles solver
 Using up to 1 cpu(s) for spooles.

 Using up to 1 cpu(s) for the stress calculation.

 average force= 3.696795
 time avg. forc= 3.633214
 largest residual force= 0.000000 in node 52 and dof 3
 largest increment of disp= 4.500000e-05
 largest correction to disp= 2.049031e-16 in node 31 and dof 2

 convergence; the increment size is increased to 3.750000e-01

 the increment size exceeds the maximum allowed and is decreased to 2.500000e-01

 the increment size exceeds the remainder of the step and is decreased to 1.750000e-01

 increment 6 attempt 1 
 increment size= 1.750000e-01
 sum of previous increments=8.250000e-01
 actual step time=1.000000e+00
 actual total time=8.000000e+00

 iteration 1

 Using up to 1 cpu(s) for the stress calculation.

 Using up to 1 cpu(s) for the symmetric stiffness/mass contributions.

 Factoring the system of equations using the symmetric spooles solver
 Using up to 1 cpu(s) for spooles.

 Using up to 1 cpu(s) for the stress calculation.

 average force= 3.723605
 time avg. forc= 3.648279
 largest residual force= 0.000000 in node 81 and dof 3
 largest increment of disp= 3.150000e-05
 largest correction to disp= 1.201036e-11 in node 123 and dof 2

 no convergence

 iteration 2

 Using up to 1 cpu(s) for the symmetric stiffness/mass contributions.

 Factoring the system of equations using the symmetric spooles solver
 Using up to 1 cpu(s) for spooles.

 Using up to 1 cpu(s) for the stress calculation.

 average force= 3.723605
 time avg. forc= 3.648279
 largest residual force= 0.000000 in node 48 and dof 3
 largest increment of disp= 3.150000e-05
 largest correction to disp= 1.060156e-15 in node 123 and dof 3

 convergence; the increment size is increased to 2.625000e-01

 the increment size exceeds the maximum allowed and is decreased to 2.500000e-01

 the increment size exceeds the remainder of the step and is decreased to 0.000000e+00

 Using up to 1 cpu(s) for the stress calculation.


 Job finished

________________________________________

Total CalculiX Time: 0.606399
________________________________________
